Archive member included to satisfy reference by file (symbol)

c:/intelfpga_lite/18.1/nios2eds/bin/gnu/h-x86_64-mingw32/bin/../lib/gcc/nios2-elf/5.3.0/mno-hw-mul\libgcc.a(lib2-divmod.o)
                              obj/default/hello_world_small.o (__divsi3)
../soc_audio_system_ec_bsp/\libhal_bsp.a(alt_irq_register.o)
                              obj/default/hello_world_small.o (alt_irq_register)
../soc_audio_system_ec_bsp/\libhal_bsp.a(alt_irq_vars.o)
                              ../soc_audio_system_ec_bsp/\libhal_bsp.a(alt_irq_register.o) (alt_irq_active)
../soc_audio_system_ec_bsp/\libhal_bsp.a(alt_load.o)
                              ../soc_audio_system_ec_bsp//obj/HAL/src/crt0.o (alt_load)
../soc_audio_system_ec_bsp/\libhal_bsp.a(alt_main.o)
                              ../soc_audio_system_ec_bsp//obj/HAL/src/crt0.o (alt_main)
../soc_audio_system_ec_bsp/\libhal_bsp.a(alt_printf.o)
                              obj/default/hello_world_small.o (alt_printf)
../soc_audio_system_ec_bsp/\libhal_bsp.a(alt_putchar.o)
                              ../soc_audio_system_ec_bsp/\libhal_bsp.a(alt_printf.o) (alt_putchar)
../soc_audio_system_ec_bsp/\libhal_bsp.a(alt_putstr.o)
                              obj/default/hello_world_small.o (alt_putstr)
../soc_audio_system_ec_bsp/\libhal_bsp.a(alt_sys_init.o)
                              ../soc_audio_system_ec_bsp/\libhal_bsp.a(alt_main.o) (alt_irq_init)
../soc_audio_system_ec_bsp/\libhal_bsp.a(altera_avalon_jtag_uart_write.o)
                              ../soc_audio_system_ec_bsp/\libhal_bsp.a(alt_putchar.o) (altera_avalon_jtag_uart_write)
../soc_audio_system_ec_bsp/\libhal_bsp.a(altera_up_avalon_audio.o)
                              obj/default/hello_world_small.o (alt_up_audio_open_dev)
../soc_audio_system_ec_bsp/\libhal_bsp.a(alt_dcache_flush_all.o)
                              ../soc_audio_system_ec_bsp/\libhal_bsp.a(alt_load.o) (alt_dcache_flush_all)
../soc_audio_system_ec_bsp/\libhal_bsp.a(alt_dev.o)
                              ../soc_audio_system_ec_bsp/\libhal_bsp.a(alt_sys_init.o) (alt_dev_list)
../soc_audio_system_ec_bsp/\libhal_bsp.a(alt_dev_llist_insert.o)
                              ../soc_audio_system_ec_bsp/\libhal_bsp.a(alt_sys_init.o) (alt_dev_llist_insert)
../soc_audio_system_ec_bsp/\libhal_bsp.a(alt_errno.o)
                              ../soc_audio_system_ec_bsp/\libhal_bsp.a(alt_dev_llist_insert.o) (alt_errno)
../soc_audio_system_ec_bsp/\libhal_bsp.a(alt_find_dev.o)
                              ../soc_audio_system_ec_bsp/\libhal_bsp.a(altera_up_avalon_audio.o) (alt_find_dev)
../soc_audio_system_ec_bsp/\libhal_bsp.a(alt_icache_flush_all.o)
                              ../soc_audio_system_ec_bsp/\libhal_bsp.a(alt_load.o) (alt_icache_flush_all)
../soc_audio_system_ec_bsp/\libhal_bsp.a(alt_irq_entry.o)
                              ../soc_audio_system_ec_bsp/\libhal_bsp.a(alt_irq_register.o) (alt_irq_entry)
../soc_audio_system_ec_bsp/\libhal_bsp.a(alt_irq_handler.o)
                              ../soc_audio_system_ec_bsp/\libhal_bsp.a(alt_irq_register.o) (alt_irq_handler)
../soc_audio_system_ec_bsp/\libhal_bsp.a(altera_nios2_gen2_irq.o)
                              ../soc_audio_system_ec_bsp/\libhal_bsp.a(alt_sys_init.o) (altera_nios2_gen2_irq_init)
../soc_audio_system_ec_bsp/\libhal_bsp.a(alt_exception_entry.o)
                              ../soc_audio_system_ec_bsp/\libhal_bsp.a(alt_irq_entry.o) (alt_exception)
../soc_audio_system_ec_bsp/\libhal_bsp.a(alt_instruction_exception_entry.o)
                              ../soc_audio_system_ec_bsp/\libhal_bsp.a(alt_exception_entry.o) (alt_instruction_exception_entry)
c:/intelfpga_lite/18.1/nios2eds/bin/gnu/h-x86_64-mingw32/bin/../lib/gcc/nios2-elf/5.3.0/../../../../../H-x86_64-mingw32/nios2-elf/lib/mno-hw-mul\libsmallc.a(lib_a-int_errno.o)
                              ../soc_audio_system_ec_bsp/\libhal_bsp.a(alt_dev_llist_insert.o) (errno)
c:/intelfpga_lite/18.1/nios2eds/bin/gnu/h-x86_64-mingw32/bin/../lib/gcc/nios2-elf/5.3.0/../../../../../H-x86_64-mingw32/nios2-elf/lib/mno-hw-mul\libsmallc.a(lib_a-memcmp.o)
                              ../soc_audio_system_ec_bsp/\libhal_bsp.a(alt_find_dev.o) (memcmp)
c:/intelfpga_lite/18.1/nios2eds/bin/gnu/h-x86_64-mingw32/bin/../lib/gcc/nios2-elf/5.3.0/../../../../../H-x86_64-mingw32/nios2-elf/lib/mno-hw-mul\libsmallc.a(lib_a-strlen.o)
                              ../soc_audio_system_ec_bsp/\libhal_bsp.a(alt_putstr.o) (strlen)

Allocating common symbols
Common symbol       size              file

alt_irq             0x100             ../soc_audio_system_ec_bsp/\libhal_bsp.a(alt_irq_handler.o)
errno               0x4               c:/intelfpga_lite/18.1/nios2eds/bin/gnu/h-x86_64-mingw32/bin/../lib/gcc/nios2-elf/5.3.0/../../../../../H-x86_64-mingw32/nios2-elf/lib/mno-hw-mul\libsmallc.a(lib_a-int_errno.o)

Memory Configuration

Name             Origin             Length             Attributes
reset            0x0000000000000000 0x0000000000000020
RAM              0x0000000000000020 0x0000000000007fe0
*default*        0x0000000000000000 0xffffffffffffffff

Linker script and memory map

LOAD ../soc_audio_system_ec_bsp//obj/HAL/src/crt0.o
LOAD obj/default/hello_world_small.o
LOAD c:/intelfpga_lite/18.1/nios2eds/bin/gnu/h-x86_64-mingw32/bin/../lib/gcc/nios2-elf/5.3.0/../../../../../H-x86_64-mingw32/nios2-elf/lib/mno-hw-mul\libstdc++.a
LOAD c:/intelfpga_lite/18.1/nios2eds/bin/gnu/h-x86_64-mingw32/bin/../lib/gcc/nios2-elf/5.3.0/../../../../../H-x86_64-mingw32/nios2-elf/lib/mno-hw-mul\libm.a
LOAD c:/intelfpga_lite/18.1/nios2eds/bin/gnu/h-x86_64-mingw32/bin/../lib/gcc/nios2-elf/5.3.0/mno-hw-mul\libgcc.a
START GROUP
LOAD c:/intelfpga_lite/18.1/nios2eds/bin/gnu/h-x86_64-mingw32/bin/../lib/gcc/nios2-elf/5.3.0/../../../../../H-x86_64-mingw32/nios2-elf/lib/mno-hw-mul\libsmallc.a
LOAD c:/intelfpga_lite/18.1/nios2eds/bin/gnu/h-x86_64-mingw32/bin/../lib/gcc/nios2-elf/5.3.0/mno-hw-mul\libgcc.a
LOAD ../soc_audio_system_ec_bsp/\libhal_bsp.a
LOAD c:/intelfpga_lite/18.1/nios2eds/bin/gnu/h-x86_64-mingw32/bin/../lib/gcc/nios2-elf/5.3.0/../../../../../H-x86_64-mingw32/nios2-elf/lib/mno-hw-mul\libm.a
END GROUP
LOAD c:/intelfpga_lite/18.1/nios2eds/bin/gnu/h-x86_64-mingw32/bin/../lib/gcc/nios2-elf/5.3.0/mno-hw-mul\libgcc.a
                0x0000000000000000                __alt_mem_RAM = 0x0

.entry          0x0000000000000000       0x20
 *(.entry)
 .entry         0x0000000000000000       0x20 ../soc_audio_system_ec_bsp//obj/HAL/src/crt0.o
                0x0000000000000000                __reset
                0x000000000000000c                _exit

.exceptions     0x0000000000000020      0x160
                0x0000000000000020                PROVIDE (__ram_exceptions_start, ABSOLUTE (.))
                0x0000000000000020                . = ALIGN (0x20)
 *(.irq)
 *(.exceptions.entry.label)
 .exceptions.entry.label
                0x0000000000000020        0x0 ../soc_audio_system_ec_bsp/\libhal_bsp.a(alt_irq_entry.o)
                0x0000000000000020                alt_irq_entry
 .exceptions.entry.label
                0x0000000000000020        0x0 ../soc_audio_system_ec_bsp/\libhal_bsp.a(alt_exception_entry.o)
                0x0000000000000020                alt_exception
 *(.exceptions.entry.user)
 *(.exceptions.entry.ecc_fatal)
 *(.exceptions.entry)
 .exceptions.entry
                0x0000000000000020       0x54 ../soc_audio_system_ec_bsp/\libhal_bsp.a(alt_exception_entry.o)
 *(.exceptions.irqtest.user)
 *(.exceptions.irqtest)
 .exceptions.irqtest
                0x0000000000000074       0x10 ../soc_audio_system_ec_bsp/\libhal_bsp.a(alt_irq_entry.o)
 *(.exceptions.irqhandler.user)
 *(.exceptions.irqhandler)
 .exceptions.irqhandler
                0x0000000000000084        0x4 ../soc_audio_system_ec_bsp/\libhal_bsp.a(alt_irq_entry.o)
 *(.exceptions.irqreturn.user)
 *(.exceptions.irqreturn)
 .exceptions.irqreturn
                0x0000000000000088        0x4 ../soc_audio_system_ec_bsp/\libhal_bsp.a(alt_irq_entry.o)
 *(.exceptions.notirq.label)
 .exceptions.notirq.label
                0x000000000000008c        0x0 ../soc_audio_system_ec_bsp/\libhal_bsp.a(alt_irq_entry.o)
 *(.exceptions.notirq.user)
 *(.exceptions.notirq)
 .exceptions.notirq
                0x000000000000008c        0x8 ../soc_audio_system_ec_bsp/\libhal_bsp.a(alt_exception_entry.o)
 *(.exceptions.soft.user)
 *(.exceptions.soft)
 *(.exceptions.unknown.user)
 *(.exceptions.unknown)
 .exceptions.unknown
                0x0000000000000094       0x14 ../soc_audio_system_ec_bsp/\libhal_bsp.a(alt_exception_entry.o)
 *(.exceptions.exit.label)
 .exceptions.exit.label
                0x00000000000000a8        0x0 ../soc_audio_system_ec_bsp/\libhal_bsp.a(alt_irq_entry.o)
 .exceptions.exit.label
                0x00000000000000a8        0x0 ../soc_audio_system_ec_bsp/\libhal_bsp.a(alt_exception_entry.o)
 *(.exceptions.exit.user)
 *(.exceptions.exit)
 .exceptions.exit
                0x00000000000000a8       0x54 ../soc_audio_system_ec_bsp/\libhal_bsp.a(alt_exception_entry.o)
 *(.exceptions)
 .exceptions    0x00000000000000fc       0x60 ../soc_audio_system_ec_bsp/\libhal_bsp.a(alt_irq_handler.o)
                0x00000000000000fc                alt_irq_handler
 .exceptions    0x000000000000015c       0x24 ../soc_audio_system_ec_bsp/\libhal_bsp.a(alt_instruction_exception_entry.o)
                0x000000000000015c                alt_instruction_exception_entry
                0x0000000000000180                PROVIDE (__ram_exceptions_end, ABSOLUTE (.))
                0x0000000000000020                PROVIDE (__flash_exceptions_start, LOADADDR (.exceptions))

.text           0x0000000000000180     0x10b0
                [!provide]                        PROVIDE (stext, ABSOLUTE (.))
 *(.interp)
 *(.hash)
 *(.dynsym)
 *(.dynstr)
 *(.gnu.version)
 *(.gnu.version_d)
 *(.gnu.version_r)
 *(.rel.init)
 *(.rela.init)
 *(.rel.text .rel.text.* .rel.gnu.linkonce.t.*)
 *(.rela.text .rela.text.* .rela.gnu.linkonce.t.*)
 *(.rel.fini)
 *(.rela.fini)
 *(.rel.rodata .rel.rodata.* .rel.gnu.linkonce.r.*)
 *(.rela.rodata .rela.rodata.* .rela.gnu.linkonce.r.*)
 *(.rel.data .rel.data.* .rel.gnu.linkonce.d.*)
 *(.rela.data .rela.data.* .rela.gnu.linkonce.d.*)
 *(.rel.tdata .rel.tdata.* .rel.gnu.linkonce.td.*)
 *(.rela.tdata .rela.tdata.* .rela.gnu.linkonce.td.*)
 *(.rel.tbss .rel.tbss.* .rel.gnu.linkonce.tb.*)
 *(.rela.tbss .rela.tbss.* .rela.gnu.linkonce.tb.*)
 *(.rel.ctors)
 *(.rela.ctors)
 *(.rel.dtors)
 *(.rela.dtors)
 *(.rel.got)
 *(.rela.got)
 *(.rel.sdata .rel.sdata.* .rel.gnu.linkonce.s.*)
 *(.rela.sdata .rela.sdata.* .rela.gnu.linkonce.s.*)
 *(.rel.sbss .rel.sbss.* .rel.gnu.linkonce.sb.*)
 *(.rela.sbss .rela.sbss.* .rela.gnu.linkonce.sb.*)
 *(.rel.sdata2 .rel.sdata2.* .rel.gnu.linkonce.s2.*)
 *(.rela.sdata2 .rela.sdata2.* .rela.gnu.linkonce.s2.*)
 *(.rel.sbss2 .rel.sbss2.* .rel.gnu.linkonce.sb2.*)
 *(.rela.sbss2 .rela.sbss2.* .rela.gnu.linkonce.sb2.*)
 *(.rel.bss .rel.bss.* .rel.gnu.linkonce.b.*)
 *(.rela.bss .rela.bss.* .rela.gnu.linkonce.b.*)
 *(.rel.plt)
 *(.rela.plt)
 *(.rel.dyn)
 *(.init)
 *(.plt)
 *(.text .stub .text.* .gnu.linkonce.t.*)
 .text          0x0000000000000180       0x3c ../soc_audio_system_ec_bsp//obj/HAL/src/crt0.o
                0x0000000000000180                _start
 .text          0x00000000000001bc      0x530 obj/default/hello_world_small.o
                0x0000000000000274                generate_audio_samples
                0x0000000000000348                update_seven_segment_display
                0x0000000000000484                handle_buttons
 .text.startup  0x00000000000006ec       0xe8 obj/default/hello_world_small.o
                0x00000000000006ec                main
 .text          0x00000000000007d4      0x1b4 c:/intelfpga_lite/18.1/nios2eds/bin/gnu/h-x86_64-mingw32/bin/../lib/gcc/nios2-elf/5.3.0/mno-hw-mul\libgcc.a(lib2-divmod.o)
                0x00000000000007d4                __divsi3
                0x0000000000000858                __modsi3
                0x00000000000008cc                __udivsi3
                0x0000000000000930                __umodsi3
 .text          0x0000000000000988       0x94 ../soc_audio_system_ec_bsp/\libhal_bsp.a(alt_irq_register.o)
                0x0000000000000988                alt_irq_register
 .text          0x0000000000000a1c        0x0 ../soc_audio_system_ec_bsp/\libhal_bsp.a(alt_irq_vars.o)
 .text          0x0000000000000a1c       0xe0 ../soc_audio_system_ec_bsp/\libhal_bsp.a(alt_load.o)
                0x0000000000000a1c                alt_load
 .text          0x0000000000000afc       0x2c ../soc_audio_system_ec_bsp/\libhal_bsp.a(alt_main.o)
                0x0000000000000afc                alt_main
 .text          0x0000000000000b28      0x170 ../soc_audio_system_ec_bsp/\libhal_bsp.a(alt_printf.o)
                0x0000000000000b28                alt_printf
 .text          0x0000000000000c98       0x48 ../soc_audio_system_ec_bsp/\libhal_bsp.a(alt_putchar.o)
                0x0000000000000c98                alt_putchar
 .text          0x0000000000000ce0       0x38 ../soc_audio_system_ec_bsp/\libhal_bsp.a(alt_putstr.o)
                0x0000000000000ce0                alt_putstr
 .text          0x0000000000000d18       0x5c ../soc_audio_system_ec_bsp/\libhal_bsp.a(alt_sys_init.o)
                0x0000000000000d18                alt_irq_init
                0x0000000000000d38                alt_sys_init
 .text          0x0000000000000d74       0x34 ../soc_audio_system_ec_bsp/\libhal_bsp.a(altera_avalon_jtag_uart_write.o)
                0x0000000000000d74                altera_avalon_jtag_uart_write
 .text          0x0000000000000da8      0x2d0 ../soc_audio_system_ec_bsp/\libhal_bsp.a(altera_up_avalon_audio.o)
                0x0000000000000da8                alt_up_audio_open_dev
                0x0000000000000db0                alt_up_audio_enable_read_interrupt
                0x0000000000000dc4                alt_up_audio_disable_read_interrupt
                0x0000000000000ddc                alt_up_audio_enable_write_interrupt
                0x0000000000000df0                alt_up_audio_disable_write_interrupt
                0x0000000000000e08                alt_up_audio_read_interrupt_pending
                0x0000000000000e1c                alt_up_audio_write_interrupt_pending
                0x0000000000000e30                alt_up_audio_reset_audio_core
                0x0000000000000e54                alt_up_audio_read_fifo_avail
                0x0000000000000e74                alt_up_audio_write_fifo_space
                0x0000000000000e94                alt_up_audio_read_fifo
                0x0000000000000ee0                alt_up_audio_record_r
                0x0000000000000f04                alt_up_audio_record_l
                0x0000000000000f6c                alt_up_audio_write_fifo
                0x0000000000000fbc                alt_up_audio_play_r
                0x0000000000001024                alt_up_audio_play_l
                0x0000000000001048                alt_up_audio_read_fifo_head
                0x0000000000001060                alt_up_audio_write_fifo_head
 .text          0x0000000000001078        0x4 ../soc_audio_system_ec_bsp/\libhal_bsp.a(alt_dcache_flush_all.o)
                0x0000000000001078                alt_dcache_flush_all
 .text          0x000000000000107c        0x8 ../soc_audio_system_ec_bsp/\libhal_bsp.a(alt_dev.o)
 .text          0x0000000000001084       0x6c ../soc_audio_system_ec_bsp/\libhal_bsp.a(alt_dev_llist_insert.o)
                0x0000000000001084                alt_dev_llist_insert
 .text          0x00000000000010f0        0x0 ../soc_audio_system_ec_bsp/\libhal_bsp.a(alt_errno.o)
 .text          0x00000000000010f0       0x74 ../soc_audio_system_ec_bsp/\libhal_bsp.a(alt_find_dev.o)
                0x00000000000010f0                alt_find_dev
 .text          0x0000000000001164        0x4 ../soc_audio_system_ec_bsp/\libhal_bsp.a(alt_icache_flush_all.o)
                0x0000000000001164                alt_icache_flush_all
 .text          0x0000000000001168        0x0 ../soc_audio_system_ec_bsp/\libhal_bsp.a(alt_irq_entry.o)
 .text          0x0000000000001168        0x0 ../soc_audio_system_ec_bsp/\libhal_bsp.a(alt_irq_handler.o)
 .text          0x0000000000001168        0x8 ../soc_audio_system_ec_bsp/\libhal_bsp.a(altera_nios2_gen2_irq.o)
                0x0000000000001168                altera_nios2_gen2_irq_init
 .text          0x0000000000001170        0x0 ../soc_audio_system_ec_bsp/\libhal_bsp.a(alt_exception_entry.o)
 .text          0x0000000000001170       0x74 ../soc_audio_system_ec_bsp/\libhal_bsp.a(alt_instruction_exception_entry.o)
                0x0000000000001170                alt_exception_cause_generated_bad_addr
 .text          0x00000000000011e4        0x0 c:/intelfpga_lite/18.1/nios2eds/bin/gnu/h-x86_64-mingw32/bin/../lib/gcc/nios2-elf/5.3.0/../../../../../H-x86_64-mingw32/nios2-elf/lib/mno-hw-mul\libsmallc.a(lib_a-int_errno.o)
 .text          0x00000000000011e4        0x0 c:/intelfpga_lite/18.1/nios2eds/bin/gnu/h-x86_64-mingw32/bin/../lib/gcc/nios2-elf/5.3.0/../../../../../H-x86_64-mingw32/nios2-elf/lib/mno-hw-mul\libsmallc.a(lib_a-memcmp.o)
 .text.memcmp   0x00000000000011e4       0x30 c:/intelfpga_lite/18.1/nios2eds/bin/gnu/h-x86_64-mingw32/bin/../lib/gcc/nios2-elf/5.3.0/../../../../../H-x86_64-mingw32/nios2-elf/lib/mno-hw-mul\libsmallc.a(lib_a-memcmp.o)
                0x00000000000011e4                memcmp
 .text          0x0000000000001214        0x0 c:/intelfpga_lite/18.1/nios2eds/bin/gnu/h-x86_64-mingw32/bin/../lib/gcc/nios2-elf/5.3.0/../../../../../H-x86_64-mingw32/nios2-elf/lib/mno-hw-mul\libsmallc.a(lib_a-strlen.o)
 .text.strlen   0x0000000000001214       0x1c c:/intelfpga_lite/18.1/nios2eds/bin/gnu/h-x86_64-mingw32/bin/../lib/gcc/nios2-elf/5.3.0/../../../../../H-x86_64-mingw32/nios2-elf/lib/mno-hw-mul\libsmallc.a(lib_a-strlen.o)
                0x0000000000001214                strlen
 *(.gnu.warning.*)
 *(.fini)
                [!provide]                        PROVIDE (__etext, ABSOLUTE (.))
                [!provide]                        PROVIDE (_etext, ABSOLUTE (.))
                [!provide]                        PROVIDE (etext, ABSOLUTE (.))
 *(.eh_frame_hdr)
                0x0000000000001230                . = ALIGN (0x4)
                [!provide]                        PROVIDE (__preinit_array_start, ABSOLUTE (.))
 *(.preinit_array)
                [!provide]                        PROVIDE (__preinit_array_end, ABSOLUTE (.))
                [!provide]                        PROVIDE (__init_array_start, ABSOLUTE (.))
 *(.init_array)
                [!provide]                        PROVIDE (__init_array_end, ABSOLUTE (.))
                [!provide]                        PROVIDE (__fini_array_start, ABSOLUTE (.))
 *(.fini_array)
                [!provide]                        PROVIDE (__fini_array_end, ABSOLUTE (.))
 *(.eh_frame)
 *(.gcc_except_table .gcc_except_table.*)
 *(.dynamic)
                [!provide]                        PROVIDE (__CTOR_LIST__, ABSOLUTE (.))
 *(.ctors)
 *(SORT(.ctors.*))
                [!provide]                        PROVIDE (__CTOR_END__, ABSOLUTE (.))
                [!provide]                        PROVIDE (__DTOR_LIST__, ABSOLUTE (.))
 *(.dtors)
 *(SORT(.dtors.*))
                [!provide]                        PROVIDE (__DTOR_END__, ABSOLUTE (.))
 *(.jcr)
                0x0000000000001230                . = ALIGN (0x4)

.rodata         0x0000000000001230      0x15c
                0x0000000000001230                PROVIDE (__ram_rodata_start, ABSOLUTE (.))
                0x0000000000001230                . = ALIGN (0x4)
 *(.rodata .rodata.* .gnu.linkonce.r.*)
 .rodata.str1.4
                0x0000000000001230      0x130 obj/default/hello_world_small.o
 .rodata        0x0000000000001360        0xa obj/default/hello_world_small.o
                0x0000000000001360                seven_seg_patterns
 *fill*         0x000000000000136a        0x2 
 .rodata.str1.4
                0x000000000000136c       0x12 ../soc_audio_system_ec_bsp/\libhal_bsp.a(alt_sys_init.o)
                                         0x1e (size before relaxing)
 *fill*         0x000000000000137e        0x2 
 .rodata.str1.4
                0x0000000000001380        0xc ../soc_audio_system_ec_bsp/\libhal_bsp.a(alt_dev.o)
                                          0xa (size before relaxing)
 *(.rodata1)
                0x000000000000138c                . = ALIGN (0x4)
                0x000000000000138c                PROVIDE (__ram_rodata_end, ABSOLUTE (.))
                0x0000000000001230                PROVIDE (__flash_rodata_start, LOADADDR (.rodata))

.rwdata         0x000000000000138c       0xec load address 0x0000000000001478
                0x000000000000138c                PROVIDE (__ram_rwdata_start, ABSOLUTE (.))
                0x000000000000138c                . = ALIGN (0x4)
 *(.got.plt)
 *(.got)
 *(.data1)
 *(.data .data.* .gnu.linkonce.d.*)
 .data          0x000000000000138c        0x0 ../soc_audio_system_ec_bsp//obj/HAL/src/crt0.o
 .data          0x000000000000138c        0x0 obj/default/hello_world_small.o
 .data          0x000000000000138c        0x0 c:/intelfpga_lite/18.1/nios2eds/bin/gnu/h-x86_64-mingw32/bin/../lib/gcc/nios2-elf/5.3.0/mno-hw-mul\libgcc.a(lib2-divmod.o)
 .data          0x000000000000138c        0x0 ../soc_audio_system_ec_bsp/\libhal_bsp.a(alt_irq_register.o)
 .data          0x000000000000138c        0x0 ../soc_audio_system_ec_bsp/\libhal_bsp.a(alt_irq_vars.o)
 .data          0x000000000000138c        0x0 ../soc_audio_system_ec_bsp/\libhal_bsp.a(alt_load.o)
 .data          0x000000000000138c        0x0 ../soc_audio_system_ec_bsp/\libhal_bsp.a(alt_main.o)
 .data          0x000000000000138c        0x0 ../soc_audio_system_ec_bsp/\libhal_bsp.a(alt_printf.o)
 .data          0x000000000000138c        0x0 ../soc_audio_system_ec_bsp/\libhal_bsp.a(alt_putchar.o)
 .data          0x000000000000138c        0x0 ../soc_audio_system_ec_bsp/\libhal_bsp.a(alt_putstr.o)
 .data          0x000000000000138c       0x60 ../soc_audio_system_ec_bsp/\libhal_bsp.a(alt_sys_init.o)
 .data          0x00000000000013ec        0x0 ../soc_audio_system_ec_bsp/\libhal_bsp.a(altera_avalon_jtag_uart_write.o)
 .data          0x00000000000013ec        0x0 ../soc_audio_system_ec_bsp/\libhal_bsp.a(altera_up_avalon_audio.o)
 .data          0x00000000000013ec        0x0 ../soc_audio_system_ec_bsp/\libhal_bsp.a(alt_dcache_flush_all.o)
 .data          0x00000000000013ec       0x58 ../soc_audio_system_ec_bsp/\libhal_bsp.a(alt_dev.o)
                0x00000000000013ec                alt_fd_list
                0x000000000000141c                alt_dev_null
 .data          0x0000000000001444        0x0 ../soc_audio_system_ec_bsp/\libhal_bsp.a(alt_dev_llist_insert.o)
 .data          0x0000000000001444        0x0 ../soc_audio_system_ec_bsp/\libhal_bsp.a(alt_errno.o)
 .data          0x0000000000001444        0x0 ../soc_audio_system_ec_bsp/\libhal_bsp.a(alt_find_dev.o)
 .data          0x0000000000001444        0x0 ../soc_audio_system_ec_bsp/\libhal_bsp.a(alt_icache_flush_all.o)
 .data          0x0000000000001444        0x0 ../soc_audio_system_ec_bsp/\libhal_bsp.a(alt_irq_entry.o)
 .data          0x0000000000001444        0x0 ../soc_audio_system_ec_bsp/\libhal_bsp.a(alt_irq_handler.o)
 .data          0x0000000000001444        0x0 ../soc_audio_system_ec_bsp/\libhal_bsp.a(altera_nios2_gen2_irq.o)
 .data          0x0000000000001444        0x0 ../soc_audio_system_ec_bsp/\libhal_bsp.a(alt_exception_entry.o)
 .data          0x0000000000001444        0x0 ../soc_audio_system_ec_bsp/\libhal_bsp.a(alt_instruction_exception_entry.o)
 .data          0x0000000000001444        0x0 c:/intelfpga_lite/18.1/nios2eds/bin/gnu/h-x86_64-mingw32/bin/../lib/gcc/nios2-elf/5.3.0/../../../../../H-x86_64-mingw32/nios2-elf/lib/mno-hw-mul\libsmallc.a(lib_a-int_errno.o)
 .data          0x0000000000001444        0x0 c:/intelfpga_lite/18.1/nios2eds/bin/gnu/h-x86_64-mingw32/bin/../lib/gcc/nios2-elf/5.3.0/../../../../../H-x86_64-mingw32/nios2-elf/lib/mno-hw-mul\libsmallc.a(lib_a-memcmp.o)
 .data          0x0000000000001444        0x0 c:/intelfpga_lite/18.1/nios2eds/bin/gnu/h-x86_64-mingw32/bin/../lib/gcc/nios2-elf/5.3.0/../../../../../H-x86_64-mingw32/nios2-elf/lib/mno-hw-mul\libsmallc.a(lib_a-strlen.o)
                0x0000000000009444                _gp = ABSOLUTE ((. + 0x8000))
                [!provide]                        PROVIDE (gp, _gp)
 *(.rwdata .rwdata.*)
 *(.sdata .sdata.* .gnu.linkonce.s.*)
 .sdata         0x0000000000001444       0x14 obj/default/hello_world_small.o
                0x0000000000001448                sample_low
                0x000000000000144c                sample_high
                0x0000000000001450                current_freq
                0x0000000000001454                current_track
 .sdata         0x0000000000001458        0x4 ../soc_audio_system_ec_bsp/\libhal_bsp.a(alt_irq_vars.o)
                0x0000000000001458                alt_priority_mask
 .sdata         0x000000000000145c        0x4 ../soc_audio_system_ec_bsp/\libhal_bsp.a(alt_sys_init.o)
                0x000000000000145c                JTAG_UART
 .sdata         0x0000000000001460       0x14 ../soc_audio_system_ec_bsp/\libhal_bsp.a(alt_dev.o)
                0x0000000000001460                alt_max_fd
                0x0000000000001464                alt_dev_list
                0x000000000000146c                alt_fs_list
 .sdata         0x0000000000001474        0x4 ../soc_audio_system_ec_bsp/\libhal_bsp.a(alt_errno.o)
                0x0000000000001474                alt_errno
 *(.sdata2 .sdata2.* .gnu.linkonce.s2.*)
                0x0000000000001478                . = ALIGN (0x4)
                0x0000000000001478                _edata = ABSOLUTE (.)
                [!provide]                        PROVIDE (edata, ABSOLUTE (.))
                0x0000000000001478                PROVIDE (__ram_rwdata_end, ABSOLUTE (.))
                0x0000000000001478                PROVIDE (__flash_rwdata_start, LOADADDR (.rwdata))

.bss            0x0000000000001564      0x130
                0x0000000000001564                __bss_start = ABSOLUTE (.)
                [!provide]                        PROVIDE (__sbss_start, ABSOLUTE (.))
                [!provide]                        PROVIDE (___sbss_start, ABSOLUTE (.))
 *(.dynsbss)
 *(.sbss .sbss.* .gnu.linkonce.sb.*)
 .sbss          0x0000000000001564       0x18 obj/default/hello_world_small.o
                0x0000000000001568                elapsed_minutes
                0x000000000000156c                elapsed_seconds
                0x0000000000001570                elapsed_ms
                0x0000000000001574                is_playing
                0x0000000000001578                audio_dev
 .sbss          0x000000000000157c        0x4 ../soc_audio_system_ec_bsp/\libhal_bsp.a(alt_irq_vars.o)
                0x000000000000157c                alt_irq_active
 .sbss          0x0000000000001580        0xc ../soc_audio_system_ec_bsp/\libhal_bsp.a(alt_main.o)
                0x0000000000001580                alt_envp
                0x0000000000001584                alt_argv
                0x0000000000001588                alt_argc
 .sbss          0x000000000000158c        0x4 ../soc_audio_system_ec_bsp/\libhal_bsp.a(alt_instruction_exception_entry.o)
                0x000000000000158c                alt_instruction_exception_handler
 .sbss          0x0000000000001590        0x4 c:/intelfpga_lite/18.1/nios2eds/bin/gnu/h-x86_64-mingw32/bin/../lib/gcc/nios2-elf/5.3.0/../../../../../H-x86_64-mingw32/nios2-elf/lib/mno-hw-mul\libsmallc.a(lib_a-int_errno.o)
                0x0000000000001590                errno
 *(.sbss2 .sbss2.* .gnu.linkonce.sb2.*)
 *(.scommon)
                [!provide]                        PROVIDE (__sbss_end, ABSOLUTE (.))
                [!provide]                        PROVIDE (___sbss_end, ABSOLUTE (.))
 *(.dynbss)
 *(.bss .bss.* .gnu.linkonce.b.*)
 .bss           0x0000000000001594        0x0 ../soc_audio_system_ec_bsp//obj/HAL/src/crt0.o
 .bss           0x0000000000001594        0x0 obj/default/hello_world_small.o
 .bss           0x0000000000001594        0x0 c:/intelfpga_lite/18.1/nios2eds/bin/gnu/h-x86_64-mingw32/bin/../lib/gcc/nios2-elf/5.3.0/mno-hw-mul\libgcc.a(lib2-divmod.o)
 .bss           0x0000000000001594        0x0 ../soc_audio_system_ec_bsp/\libhal_bsp.a(alt_irq_register.o)
 .bss           0x0000000000001594        0x0 ../soc_audio_system_ec_bsp/\libhal_bsp.a(alt_irq_vars.o)
 .bss           0x0000000000001594        0x0 ../soc_audio_system_ec_bsp/\libhal_bsp.a(alt_load.o)
 .bss           0x0000000000001594        0x0 ../soc_audio_system_ec_bsp/\libhal_bsp.a(alt_main.o)
 .bss           0x0000000000001594        0x0 ../soc_audio_system_ec_bsp/\libhal_bsp.a(alt_printf.o)
 .bss           0x0000000000001594        0x0 ../soc_audio_system_ec_bsp/\libhal_bsp.a(alt_putchar.o)
 .bss           0x0000000000001594        0x0 ../soc_audio_system_ec_bsp/\libhal_bsp.a(alt_putstr.o)
 .bss           0x0000000000001594        0x0 ../soc_audio_system_ec_bsp/\libhal_bsp.a(alt_sys_init.o)
 .bss           0x0000000000001594        0x0 ../soc_audio_system_ec_bsp/\libhal_bsp.a(altera_avalon_jtag_uart_write.o)
 .bss           0x0000000000001594        0x0 ../soc_audio_system_ec_bsp/\libhal_bsp.a(altera_up_avalon_audio.o)
 .bss           0x0000000000001594        0x0 ../soc_audio_system_ec_bsp/\libhal_bsp.a(alt_dcache_flush_all.o)
 .bss           0x0000000000001594        0x0 ../soc_audio_system_ec_bsp/\libhal_bsp.a(alt_dev.o)
 .bss           0x0000000000001594        0x0 ../soc_audio_system_ec_bsp/\libhal_bsp.a(alt_dev_llist_insert.o)
 .bss           0x0000000000001594        0x0 ../soc_audio_system_ec_bsp/\libhal_bsp.a(alt_errno.o)
 .bss           0x0000000000001594        0x0 ../soc_audio_system_ec_bsp/\libhal_bsp.a(alt_find_dev.o)
 .bss           0x0000000000001594        0x0 ../soc_audio_system_ec_bsp/\libhal_bsp.a(alt_icache_flush_all.o)
 .bss           0x0000000000001594        0x0 ../soc_audio_system_ec_bsp/\libhal_bsp.a(alt_irq_entry.o)
 .bss           0x0000000000001594        0x0 ../soc_audio_system_ec_bsp/\libhal_bsp.a(alt_irq_handler.o)
 .bss           0x0000000000001594        0x0 ../soc_audio_system_ec_bsp/\libhal_bsp.a(altera_nios2_gen2_irq.o)
 .bss           0x0000000000001594        0x0 ../soc_audio_system_ec_bsp/\libhal_bsp.a(alt_exception_entry.o)
 .bss           0x0000000000001594        0x0 ../soc_audio_system_ec_bsp/\libhal_bsp.a(alt_instruction_exception_entry.o)
 .bss           0x0000000000001594        0x0 c:/intelfpga_lite/18.1/nios2eds/bin/gnu/h-x86_64-mingw32/bin/../lib/gcc/nios2-elf/5.3.0/../../../../../H-x86_64-mingw32/nios2-elf/lib/mno-hw-mul\libsmallc.a(lib_a-int_errno.o)
 .bss           0x0000000000001594        0x0 c:/intelfpga_lite/18.1/nios2eds/bin/gnu/h-x86_64-mingw32/bin/../lib/gcc/nios2-elf/5.3.0/../../../../../H-x86_64-mingw32/nios2-elf/lib/mno-hw-mul\libsmallc.a(lib_a-memcmp.o)
 .bss           0x0000000000001594        0x0 c:/intelfpga_lite/18.1/nios2eds/bin/gnu/h-x86_64-mingw32/bin/../lib/gcc/nios2-elf/5.3.0/../../../../../H-x86_64-mingw32/nios2-elf/lib/mno-hw-mul\libsmallc.a(lib_a-strlen.o)
 *(COMMON)
 COMMON         0x0000000000001594      0x100 ../soc_audio_system_ec_bsp/\libhal_bsp.a(alt_irq_handler.o)
                0x0000000000001594                alt_irq
                0x0000000000001694                . = ALIGN (0x4)
                0x0000000000001694                __bss_end = ABSOLUTE (.)

.RAM            0x0000000000001694        0x0
                [!provide]                        PROVIDE (_alt_partition_RAM_start, ABSOLUTE (.))
 *(.RAM .RAM. RAM.*)
                0x0000000000001694                . = ALIGN (0x4)
                [!provide]                        PROVIDE (_alt_partition_RAM_end, ABSOLUTE (.))
                0x0000000000001694                _end = ABSOLUTE (.)
                0x0000000000001694                end = ABSOLUTE (.)
                0x0000000000001694                __alt_stack_base = ABSOLUTE (.)
                [!provide]                        PROVIDE (_alt_partition_RAM_load_addr, LOADADDR (.RAM))

.stab
 *(.stab)

.stabstr
 *(.stabstr)

.stab.excl
 *(.stab.excl)

.stab.exclstr
 *(.stab.exclstr)

.stab.index
 *(.stab.index)

.stab.indexstr
 *(.stab.indexstr)

.comment        0x0000000000000000       0x23
 *(.comment)
 .comment       0x0000000000000000       0x23 obj/default/hello_world_small.o
                                         0x24 (size before relaxing)
 .comment       0x0000000000000023       0x24 c:/intelfpga_lite/18.1/nios2eds/bin/gnu/h-x86_64-mingw32/bin/../lib/gcc/nios2-elf/5.3.0/mno-hw-mul\libgcc.a(lib2-divmod.o)
 .comment       0x0000000000000023       0x24 ../soc_audio_system_ec_bsp/\libhal_bsp.a(alt_irq_register.o)
 .comment       0x0000000000000023       0x24 ../soc_audio_system_ec_bsp/\libhal_bsp.a(alt_irq_vars.o)
 .comment       0x0000000000000023       0x24 ../soc_audio_system_ec_bsp/\libhal_bsp.a(alt_load.o)
 .comment       0x0000000000000023       0x24 ../soc_audio_system_ec_bsp/\libhal_bsp.a(alt_main.o)
 .comment       0x0000000000000023       0x24 ../soc_audio_system_ec_bsp/\libhal_bsp.a(alt_printf.o)
 .comment       0x0000000000000023       0x24 ../soc_audio_system_ec_bsp/\libhal_bsp.a(alt_putchar.o)
 .comment       0x0000000000000023       0x24 ../soc_audio_system_ec_bsp/\libhal_bsp.a(alt_putstr.o)
 .comment       0x0000000000000023       0x24 ../soc_audio_system_ec_bsp/\libhal_bsp.a(alt_sys_init.o)
 .comment       0x0000000000000023       0x24 ../soc_audio_system_ec_bsp/\libhal_bsp.a(altera_avalon_jtag_uart_write.o)
 .comment       0x0000000000000023       0x24 ../soc_audio_system_ec_bsp/\libhal_bsp.a(altera_up_avalon_audio.o)
 .comment       0x0000000000000023       0x24 ../soc_audio_system_ec_bsp/\libhal_bsp.a(alt_dcache_flush_all.o)
 .comment       0x0000000000000023       0x24 ../soc_audio_system_ec_bsp/\libhal_bsp.a(alt_dev.o)
 .comment       0x0000000000000023       0x24 ../soc_audio_system_ec_bsp/\libhal_bsp.a(alt_dev_llist_insert.o)
 .comment       0x0000000000000023       0x24 ../soc_audio_system_ec_bsp/\libhal_bsp.a(alt_errno.o)
 .comment       0x0000000000000023       0x24 ../soc_audio_system_ec_bsp/\libhal_bsp.a(alt_find_dev.o)
 .comment       0x0000000000000023       0x24 ../soc_audio_system_ec_bsp/\libhal_bsp.a(alt_icache_flush_all.o)
 .comment       0x0000000000000023       0x24 ../soc_audio_system_ec_bsp/\libhal_bsp.a(alt_irq_handler.o)
 .comment       0x0000000000000023       0x24 ../soc_audio_system_ec_bsp/\libhal_bsp.a(altera_nios2_gen2_irq.o)
 .comment       0x0000000000000023       0x24 ../soc_audio_system_ec_bsp/\libhal_bsp.a(alt_instruction_exception_entry.o)
 .comment       0x0000000000000023       0x24 c:/intelfpga_lite/18.1/nios2eds/bin/gnu/h-x86_64-mingw32/bin/../lib/gcc/nios2-elf/5.3.0/../../../../../H-x86_64-mingw32/nios2-elf/lib/mno-hw-mul\libsmallc.a(lib_a-int_errno.o)
 .comment       0x0000000000000023       0x24 c:/intelfpga_lite/18.1/nios2eds/bin/gnu/h-x86_64-mingw32/bin/../lib/gcc/nios2-elf/5.3.0/../../../../../H-x86_64-mingw32/nios2-elf/lib/mno-hw-mul\libsmallc.a(lib_a-memcmp.o)
 .comment       0x0000000000000023       0x24 c:/intelfpga_lite/18.1/nios2eds/bin/gnu/h-x86_64-mingw32/bin/../lib/gcc/nios2-elf/5.3.0/../../../../../H-x86_64-mingw32/nios2-elf/lib/mno-hw-mul\libsmallc.a(lib_a-strlen.o)

.debug
 *(.debug)

.line
 *(.line)

.debug_srcinfo
 *(.debug_srcinfo)

.debug_sfnames
 *(.debug_sfnames)

.debug_aranges  0x0000000000000000      0x388
 *(.debug_aranges)
 .debug_aranges
                0x0000000000000000       0x28 ../soc_audio_system_ec_bsp//obj/HAL/src/crt0.o
 .debug_aranges
                0x0000000000000028       0x28 obj/default/hello_world_small.o
 .debug_aranges
                0x0000000000000050       0x20 c:/intelfpga_lite/18.1/nios2eds/bin/gnu/h-x86_64-mingw32/bin/../lib/gcc/nios2-elf/5.3.0/mno-hw-mul\libgcc.a(lib2-divmod.o)
 .debug_aranges
                0x0000000000000070       0x20 ../soc_audio_system_ec_bsp/\libhal_bsp.a(alt_irq_register.o)
 .debug_aranges
                0x0000000000000090       0x18 ../soc_audio_system_ec_bsp/\libhal_bsp.a(alt_irq_vars.o)
 .debug_aranges
                0x00000000000000a8       0x20 ../soc_audio_system_ec_bsp/\libhal_bsp.a(alt_load.o)
 .debug_aranges
                0x00000000000000c8       0x20 ../soc_audio_system_ec_bsp/\libhal_bsp.a(alt_main.o)
 .debug_aranges
                0x00000000000000e8       0x20 ../soc_audio_system_ec_bsp/\libhal_bsp.a(alt_printf.o)
 .debug_aranges
                0x0000000000000108       0x20 ../soc_audio_system_ec_bsp/\libhal_bsp.a(alt_putchar.o)
 .debug_aranges
                0x0000000000000128       0x20 ../soc_audio_system_ec_bsp/\libhal_bsp.a(alt_putstr.o)
 .debug_aranges
                0x0000000000000148       0x20 ../soc_audio_system_ec_bsp/\libhal_bsp.a(alt_sys_init.o)
 .debug_aranges
                0x0000000000000168       0x20 ../soc_audio_system_ec_bsp/\libhal_bsp.a(altera_avalon_jtag_uart_write.o)
 .debug_aranges
                0x0000000000000188       0x20 ../soc_audio_system_ec_bsp/\libhal_bsp.a(altera_up_avalon_audio.o)
 .debug_aranges
                0x00000000000001a8       0x20 ../soc_audio_system_ec_bsp/\libhal_bsp.a(alt_dcache_flush_all.o)
 .debug_aranges
                0x00000000000001c8       0x20 ../soc_audio_system_ec_bsp/\libhal_bsp.a(alt_dev.o)
 .debug_aranges
                0x00000000000001e8       0x20 ../soc_audio_system_ec_bsp/\libhal_bsp.a(alt_dev_llist_insert.o)
 .debug_aranges
                0x0000000000000208       0x18 ../soc_audio_system_ec_bsp/\libhal_bsp.a(alt_errno.o)
 .debug_aranges
                0x0000000000000220       0x20 ../soc_audio_system_ec_bsp/\libhal_bsp.a(alt_find_dev.o)
 .debug_aranges
                0x0000000000000240       0x20 ../soc_audio_system_ec_bsp/\libhal_bsp.a(alt_icache_flush_all.o)
 .debug_aranges
                0x0000000000000260       0x30 ../soc_audio_system_ec_bsp/\libhal_bsp.a(alt_irq_entry.o)
 .debug_aranges
                0x0000000000000290       0x20 ../soc_audio_system_ec_bsp/\libhal_bsp.a(alt_irq_handler.o)
 .debug_aranges
                0x00000000000002b0       0x20 ../soc_audio_system_ec_bsp/\libhal_bsp.a(altera_nios2_gen2_irq.o)
 .debug_aranges
                0x00000000000002d0       0x38 ../soc_audio_system_ec_bsp/\libhal_bsp.a(alt_exception_entry.o)
 .debug_aranges
                0x0000000000000308       0x28 ../soc_audio_system_ec_bsp/\libhal_bsp.a(alt_instruction_exception_entry.o)
 .debug_aranges
                0x0000000000000330       0x18 c:/intelfpga_lite/18.1/nios2eds/bin/gnu/h-x86_64-mingw32/bin/../lib/gcc/nios2-elf/5.3.0/../../../../../H-x86_64-mingw32/nios2-elf/lib/mno-hw-mul\libsmallc.a(lib_a-int_errno.o)
 .debug_aranges
                0x0000000000000348       0x20 c:/intelfpga_lite/18.1/nios2eds/bin/gnu/h-x86_64-mingw32/bin/../lib/gcc/nios2-elf/5.3.0/../../../../../H-x86_64-mingw32/nios2-elf/lib/mno-hw-mul\libsmallc.a(lib_a-memcmp.o)
 .debug_aranges
                0x0000000000000368       0x20 c:/intelfpga_lite/18.1/nios2eds/bin/gnu/h-x86_64-mingw32/bin/../lib/gcc/nios2-elf/5.3.0/../../../../../H-x86_64-mingw32/nios2-elf/lib/mno-hw-mul\libsmallc.a(lib_a-strlen.o)

.debug_pubnames
 *(.debug_pubnames)

.debug_info     0x0000000000000000     0x3964
 *(.debug_info .gnu.linkonce.wi.*)
 .debug_info    0x0000000000000000       0x77 ../soc_audio_system_ec_bsp//obj/HAL/src/crt0.o
 .debug_info    0x0000000000000077      0x8b1 obj/default/hello_world_small.o
 .debug_info    0x0000000000000928      0x2c6 c:/intelfpga_lite/18.1/nios2eds/bin/gnu/h-x86_64-mingw32/bin/../lib/gcc/nios2-elf/5.3.0/mno-hw-mul\libgcc.a(lib2-divmod.o)
 .debug_info    0x0000000000000bee      0x30d ../soc_audio_system_ec_bsp/\libhal_bsp.a(alt_irq_register.o)
 .debug_info    0x0000000000000efb       0x88 ../soc_audio_system_ec_bsp/\libhal_bsp.a(alt_irq_vars.o)
 .debug_info    0x0000000000000f83      0x1c9 ../soc_audio_system_ec_bsp/\libhal_bsp.a(alt_load.o)
 .debug_info    0x000000000000114c      0x18f ../soc_audio_system_ec_bsp/\libhal_bsp.a(alt_main.o)
 .debug_info    0x00000000000012db      0x14d ../soc_audio_system_ec_bsp/\libhal_bsp.a(alt_printf.o)
 .debug_info    0x0000000000001428      0x12a ../soc_audio_system_ec_bsp/\libhal_bsp.a(alt_putchar.o)
 .debug_info    0x0000000000001552      0x13a ../soc_audio_system_ec_bsp/\libhal_bsp.a(alt_putstr.o)
 .debug_info    0x000000000000168c      0x53b ../soc_audio_system_ec_bsp/\libhal_bsp.a(alt_sys_init.o)
 .debug_info    0x0000000000001bc7      0x1ad ../soc_audio_system_ec_bsp/\libhal_bsp.a(altera_avalon_jtag_uart_write.o)
 .debug_info    0x0000000000001d74      0x907 ../soc_audio_system_ec_bsp/\libhal_bsp.a(altera_up_avalon_audio.o)
 .debug_info    0x000000000000267b       0x92 ../soc_audio_system_ec_bsp/\libhal_bsp.a(alt_dcache_flush_all.o)
 .debug_info    0x000000000000270d      0x499 ../soc_audio_system_ec_bsp/\libhal_bsp.a(alt_dev.o)
 .debug_info    0x0000000000002ba6      0x1b3 ../soc_audio_system_ec_bsp/\libhal_bsp.a(alt_dev_llist_insert.o)
 .debug_info    0x0000000000002d59       0xa6 ../soc_audio_system_ec_bsp/\libhal_bsp.a(alt_errno.o)
 .debug_info    0x0000000000002dff      0x32d ../soc_audio_system_ec_bsp/\libhal_bsp.a(alt_find_dev.o)
 .debug_info    0x000000000000312c       0x92 ../soc_audio_system_ec_bsp/\libhal_bsp.a(alt_icache_flush_all.o)
 .debug_info    0x00000000000031be       0x80 ../soc_audio_system_ec_bsp/\libhal_bsp.a(alt_irq_entry.o)
 .debug_info    0x000000000000323e      0x1a4 ../soc_audio_system_ec_bsp/\libhal_bsp.a(alt_irq_handler.o)
 .debug_info    0x00000000000033e2       0xb8 ../soc_audio_system_ec_bsp/\libhal_bsp.a(altera_nios2_gen2_irq.o)
 .debug_info    0x000000000000349a       0x86 ../soc_audio_system_ec_bsp/\libhal_bsp.a(alt_exception_entry.o)
 .debug_info    0x0000000000003520      0x1fd ../soc_audio_system_ec_bsp/\libhal_bsp.a(alt_instruction_exception_entry.o)
 .debug_info    0x000000000000371d       0x8a c:/intelfpga_lite/18.1/nios2eds/bin/gnu/h-x86_64-mingw32/bin/../lib/gcc/nios2-elf/5.3.0/../../../../../H-x86_64-mingw32/nios2-elf/lib/mno-hw-mul\libsmallc.a(lib_a-int_errno.o)
 .debug_info    0x00000000000037a7       0xf4 c:/intelfpga_lite/18.1/nios2eds/bin/gnu/h-x86_64-mingw32/bin/../lib/gcc/nios2-elf/5.3.0/../../../../../H-x86_64-mingw32/nios2-elf/lib/mno-hw-mul\libsmallc.a(lib_a-memcmp.o)
 .debug_info    0x000000000000389b       0xc9 c:/intelfpga_lite/18.1/nios2eds/bin/gnu/h-x86_64-mingw32/bin/../lib/gcc/nios2-elf/5.3.0/../../../../../H-x86_64-mingw32/nios2-elf/lib/mno-hw-mul\libsmallc.a(lib_a-strlen.o)

.debug_abbrev   0x0000000000000000     0x165b
 *(.debug_abbrev)
 .debug_abbrev  0x0000000000000000       0x12 ../soc_audio_system_ec_bsp//obj/HAL/src/crt0.o
 .debug_abbrev  0x0000000000000012      0x26e obj/default/hello_world_small.o
 .debug_abbrev  0x0000000000000280      0x10e c:/intelfpga_lite/18.1/nios2eds/bin/gnu/h-x86_64-mingw32/bin/../lib/gcc/nios2-elf/5.3.0/mno-hw-mul\libgcc.a(lib2-divmod.o)
 .debug_abbrev  0x000000000000038e      0x1a5 ../soc_audio_system_ec_bsp/\libhal_bsp.a(alt_irq_register.o)
 .debug_abbrev  0x0000000000000533       0x40 ../soc_audio_system_ec_bsp/\libhal_bsp.a(alt_irq_vars.o)
 .debug_abbrev  0x0000000000000573       0xd8 ../soc_audio_system_ec_bsp/\libhal_bsp.a(alt_load.o)
 .debug_abbrev  0x000000000000064b       0xf5 ../soc_audio_system_ec_bsp/\libhal_bsp.a(alt_main.o)
 .debug_abbrev  0x0000000000000740       0xd5 ../soc_audio_system_ec_bsp/\libhal_bsp.a(alt_printf.o)
 .debug_abbrev  0x0000000000000815       0xd2 ../soc_audio_system_ec_bsp/\libhal_bsp.a(alt_putchar.o)
 .debug_abbrev  0x00000000000008e7       0xd3 ../soc_audio_system_ec_bsp/\libhal_bsp.a(alt_putstr.o)
 .debug_abbrev  0x00000000000009ba      0x1e2 ../soc_audio_system_ec_bsp/\libhal_bsp.a(alt_sys_init.o)
 .debug_abbrev  0x0000000000000b9c       0xd5 ../soc_audio_system_ec_bsp/\libhal_bsp.a(altera_avalon_jtag_uart_write.o)
 .debug_abbrev  0x0000000000000c71      0x213 ../soc_audio_system_ec_bsp/\libhal_bsp.a(altera_up_avalon_audio.o)
 .debug_abbrev  0x0000000000000e84       0x42 ../soc_audio_system_ec_bsp/\libhal_bsp.a(alt_dcache_flush_all.o)
 .debug_abbrev  0x0000000000000ec6       0xd9 ../soc_audio_system_ec_bsp/\libhal_bsp.a(alt_dev.o)
 .debug_abbrev  0x0000000000000f9f      0x11c ../soc_audio_system_ec_bsp/\libhal_bsp.a(alt_dev_llist_insert.o)
 .debug_abbrev  0x00000000000010bb       0x5a ../soc_audio_system_ec_bsp/\libhal_bsp.a(alt_errno.o)
 .debug_abbrev  0x0000000000001115      0x125 ../soc_audio_system_ec_bsp/\libhal_bsp.a(alt_find_dev.o)
 .debug_abbrev  0x000000000000123a       0x42 ../soc_audio_system_ec_bsp/\libhal_bsp.a(alt_icache_flush_all.o)
 .debug_abbrev  0x000000000000127c       0x12 ../soc_audio_system_ec_bsp/\libhal_bsp.a(alt_irq_entry.o)
 .debug_abbrev  0x000000000000128e      0x138 ../soc_audio_system_ec_bsp/\libhal_bsp.a(alt_irq_handler.o)
 .debug_abbrev  0x00000000000013c6       0x67 ../soc_audio_system_ec_bsp/\libhal_bsp.a(altera_nios2_gen2_irq.o)
 .debug_abbrev  0x000000000000142d       0x12 ../soc_audio_system_ec_bsp/\libhal_bsp.a(alt_exception_entry.o)
 .debug_abbrev  0x000000000000143f       0xe7 ../soc_audio_system_ec_bsp/\libhal_bsp.a(alt_instruction_exception_entry.o)
 .debug_abbrev  0x0000000000001526       0x37 c:/intelfpga_lite/18.1/nios2eds/bin/gnu/h-x86_64-mingw32/bin/../lib/gcc/nios2-elf/5.3.0/../../../../../H-x86_64-mingw32/nios2-elf/lib/mno-hw-mul\libsmallc.a(lib_a-int_errno.o)
 .debug_abbrev  0x000000000000155d       0x7f c:/intelfpga_lite/18.1/nios2eds/bin/gnu/h-x86_64-mingw32/bin/../lib/gcc/nios2-elf/5.3.0/../../../../../H-x86_64-mingw32/nios2-elf/lib/mno-hw-mul\libsmallc.a(lib_a-memcmp.o)
 .debug_abbrev  0x00000000000015dc       0x7f c:/intelfpga_lite/18.1/nios2eds/bin/gnu/h-x86_64-mingw32/bin/../lib/gcc/nios2-elf/5.3.0/../../../../../H-x86_64-mingw32/nios2-elf/lib/mno-hw-mul\libsmallc.a(lib_a-strlen.o)

.debug_line     0x0000000000000000     0x1700
 *(.debug_line)
 .debug_line    0x0000000000000000       0x66 ../soc_audio_system_ec_bsp//obj/HAL/src/crt0.o
 .debug_line    0x0000000000000066      0x258 obj/default/hello_world_small.o
 .debug_line    0x00000000000002be      0x105 c:/intelfpga_lite/18.1/nios2eds/bin/gnu/h-x86_64-mingw32/bin/../lib/gcc/nios2-elf/5.3.0/mno-hw-mul\libgcc.a(lib2-divmod.o)
 .debug_line    0x00000000000003c3       0xed ../soc_audio_system_ec_bsp/\libhal_bsp.a(alt_irq_register.o)
 .debug_line    0x00000000000004b0       0x50 ../soc_audio_system_ec_bsp/\libhal_bsp.a(alt_irq_vars.o)
 .debug_line    0x0000000000000500       0xa4 ../soc_audio_system_ec_bsp/\libhal_bsp.a(alt_load.o)
 .debug_line    0x00000000000005a4       0xea ../soc_audio_system_ec_bsp/\libhal_bsp.a(alt_main.o)
 .debug_line    0x000000000000068e      0x112 ../soc_audio_system_ec_bsp/\libhal_bsp.a(alt_printf.o)
 .debug_line    0x00000000000007a0       0x55 ../soc_audio_system_ec_bsp/\libhal_bsp.a(alt_putchar.o)
 .debug_line    0x00000000000007f5       0xa0 ../soc_audio_system_ec_bsp/\libhal_bsp.a(alt_putstr.o)
 .debug_line    0x0000000000000895      0x1a1 ../soc_audio_system_ec_bsp/\libhal_bsp.a(alt_sys_init.o)
 .debug_line    0x0000000000000a36      0x104 ../soc_audio_system_ec_bsp/\libhal_bsp.a(altera_avalon_jtag_uart_write.o)
 .debug_line    0x0000000000000b3a      0x1b8 ../soc_audio_system_ec_bsp/\libhal_bsp.a(altera_up_avalon_audio.o)
 .debug_line    0x0000000000000cf2       0x4e ../soc_audio_system_ec_bsp/\libhal_bsp.a(alt_dcache_flush_all.o)
 .debug_line    0x0000000000000d40       0xf6 ../soc_audio_system_ec_bsp/\libhal_bsp.a(alt_dev.o)
 .debug_line    0x0000000000000e36       0xd8 ../soc_audio_system_ec_bsp/\libhal_bsp.a(alt_dev_llist_insert.o)
 .debug_line    0x0000000000000f0e       0x51 ../soc_audio_system_ec_bsp/\libhal_bsp.a(alt_errno.o)
 .debug_line    0x0000000000000f5f      0x107 ../soc_audio_system_ec_bsp/\libhal_bsp.a(alt_find_dev.o)
 .debug_line    0x0000000000001066       0x4e ../soc_audio_system_ec_bsp/\libhal_bsp.a(alt_icache_flush_all.o)
 .debug_line    0x00000000000010b4       0x6b ../soc_audio_system_ec_bsp/\libhal_bsp.a(alt_irq_entry.o)
 .debug_line    0x000000000000111f       0xc8 ../soc_audio_system_ec_bsp/\libhal_bsp.a(alt_irq_handler.o)
 .debug_line    0x00000000000011e7       0x8c ../soc_audio_system_ec_bsp/\libhal_bsp.a(altera_nios2_gen2_irq.o)
 .debug_line    0x0000000000001273       0xb3 ../soc_audio_system_ec_bsp/\libhal_bsp.a(alt_exception_entry.o)
 .debug_line    0x0000000000001326       0xbf ../soc_audio_system_ec_bsp/\libhal_bsp.a(alt_instruction_exception_entry.o)
 .debug_line    0x00000000000013e5       0x5f c:/intelfpga_lite/18.1/nios2eds/bin/gnu/h-x86_64-mingw32/bin/../lib/gcc/nios2-elf/5.3.0/../../../../../H-x86_64-mingw32/nios2-elf/lib/mno-hw-mul\libsmallc.a(lib_a-int_errno.o)
 .debug_line    0x0000000000001444      0x160 c:/intelfpga_lite/18.1/nios2eds/bin/gnu/h-x86_64-mingw32/bin/../lib/gcc/nios2-elf/5.3.0/../../../../../H-x86_64-mingw32/nios2-elf/lib/mno-hw-mul\libsmallc.a(lib_a-memcmp.o)
 .debug_line    0x00000000000015a4      0x15c c:/intelfpga_lite/18.1/nios2eds/bin/gnu/h-x86_64-mingw32/bin/../lib/gcc/nios2-elf/5.3.0/../../../../../H-x86_64-mingw32/nios2-elf/lib/mno-hw-mul\libsmallc.a(lib_a-strlen.o)

.debug_frame    0x0000000000000000      0x5d0
 *(.debug_frame)
 .debug_frame   0x0000000000000000       0xe8 obj/default/hello_world_small.o
 .debug_frame   0x00000000000000e8       0x50 c:/intelfpga_lite/18.1/nios2eds/bin/gnu/h-x86_64-mingw32/bin/../lib/gcc/nios2-elf/5.3.0/mno-hw-mul\libgcc.a(lib2-divmod.o)
 .debug_frame   0x0000000000000138       0x20 ../soc_audio_system_ec_bsp/\libhal_bsp.a(alt_irq_register.o)
 .debug_frame   0x0000000000000158       0x30 ../soc_audio_system_ec_bsp/\libhal_bsp.a(alt_load.o)
 .debug_frame   0x0000000000000188       0x2c ../soc_audio_system_ec_bsp/\libhal_bsp.a(alt_main.o)
 .debug_frame   0x00000000000001b4       0x54 ../soc_audio_system_ec_bsp/\libhal_bsp.a(alt_printf.o)
 .debug_frame   0x0000000000000208       0x30 ../soc_audio_system_ec_bsp/\libhal_bsp.a(alt_putchar.o)
 .debug_frame   0x0000000000000238       0x30 ../soc_audio_system_ec_bsp/\libhal_bsp.a(alt_putstr.o)
 .debug_frame   0x0000000000000268       0x4c ../soc_audio_system_ec_bsp/\libhal_bsp.a(alt_sys_init.o)
 .debug_frame   0x00000000000002b4       0x20 ../soc_audio_system_ec_bsp/\libhal_bsp.a(altera_avalon_jtag_uart_write.o)
 .debug_frame   0x00000000000002d4      0x170 ../soc_audio_system_ec_bsp/\libhal_bsp.a(altera_up_avalon_audio.o)
 .debug_frame   0x0000000000000444       0x20 ../soc_audio_system_ec_bsp/\libhal_bsp.a(alt_dcache_flush_all.o)
 .debug_frame   0x0000000000000464       0x20 ../soc_audio_system_ec_bsp/\libhal_bsp.a(alt_dev.o)
 .debug_frame   0x0000000000000484       0x2c ../soc_audio_system_ec_bsp/\libhal_bsp.a(alt_dev_llist_insert.o)
 .debug_frame   0x00000000000004b0       0x3c ../soc_audio_system_ec_bsp/\libhal_bsp.a(alt_find_dev.o)
 .debug_frame   0x00000000000004ec       0x20 ../soc_audio_system_ec_bsp/\libhal_bsp.a(alt_icache_flush_all.o)
 .debug_frame   0x000000000000050c       0x34 ../soc_audio_system_ec_bsp/\libhal_bsp.a(alt_irq_handler.o)
 .debug_frame   0x0000000000000540       0x20 ../soc_audio_system_ec_bsp/\libhal_bsp.a(altera_nios2_gen2_irq.o)
 .debug_frame   0x0000000000000560       0x30 ../soc_audio_system_ec_bsp/\libhal_bsp.a(alt_instruction_exception_entry.o)
 .debug_frame   0x0000000000000590       0x20 c:/intelfpga_lite/18.1/nios2eds/bin/gnu/h-x86_64-mingw32/bin/../lib/gcc/nios2-elf/5.3.0/../../../../../H-x86_64-mingw32/nios2-elf/lib/mno-hw-mul\libsmallc.a(lib_a-memcmp.o)
 .debug_frame   0x00000000000005b0       0x20 c:/intelfpga_lite/18.1/nios2eds/bin/gnu/h-x86_64-mingw32/bin/../lib/gcc/nios2-elf/5.3.0/../../../../../H-x86_64-mingw32/nios2-elf/lib/mno-hw-mul\libsmallc.a(lib_a-strlen.o)

.debug_str      0x0000000000000000     0x15cc
 *(.debug_str)
 .debug_str     0x0000000000000000      0x3f9 obj/default/hello_world_small.o
                                        0x46c (size before relaxing)
 .debug_str     0x00000000000003f9      0x187 c:/intelfpga_lite/18.1/nios2eds/bin/gnu/h-x86_64-mingw32/bin/../lib/gcc/nios2-elf/5.3.0/mno-hw-mul\libgcc.a(lib2-divmod.o)
                                        0x1d2 (size before relaxing)
 .debug_str     0x0000000000000580       0xd9 ../soc_audio_system_ec_bsp/\libhal_bsp.a(alt_irq_register.o)
                                        0x211 (size before relaxing)
 .debug_str     0x0000000000000659       0x17 ../soc_audio_system_ec_bsp/\libhal_bsp.a(alt_irq_vars.o)
                                        0x143 (size before relaxing)
 .debug_str     0x0000000000000670      0x113 ../soc_audio_system_ec_bsp/\libhal_bsp.a(alt_load.o)
                                        0x245 (size before relaxing)
 .debug_str     0x0000000000000783       0x5e ../soc_audio_system_ec_bsp/\libhal_bsp.a(alt_main.o)
                                        0x1e7 (size before relaxing)
 .debug_str     0x00000000000007e1       0x59 ../soc_audio_system_ec_bsp/\libhal_bsp.a(alt_printf.o)
                                        0x10f (size before relaxing)
 .debug_str     0x000000000000083a       0x5e ../soc_audio_system_ec_bsp/\libhal_bsp.a(alt_putchar.o)
                                        0x194 (size before relaxing)
 .debug_str     0x0000000000000898       0x1c ../soc_audio_system_ec_bsp/\libhal_bsp.a(alt_putstr.o)
                                        0x199 (size before relaxing)
 .debug_str     0x00000000000008b4      0x1c0 ../soc_audio_system_ec_bsp/\libhal_bsp.a(alt_sys_init.o)
                                        0x41a (size before relaxing)
 .debug_str     0x0000000000000a74       0x32 ../soc_audio_system_ec_bsp/\libhal_bsp.a(altera_avalon_jtag_uart_write.o)
                                        0x23f (size before relaxing)
 .debug_str     0x0000000000000aa6      0x213 ../soc_audio_system_ec_bsp/\libhal_bsp.a(altera_up_avalon_audio.o)
                                        0x453 (size before relaxing)
 .debug_str     0x0000000000000cb9       0x1f ../soc_audio_system_ec_bsp/\libhal_bsp.a(alt_dcache_flush_all.o)
                                        0x15e (size before relaxing)
 .debug_str     0x0000000000000cd8      0x12c ../soc_audio_system_ec_bsp/\libhal_bsp.a(alt_dev.o)
                                        0x30e (size before relaxing)
 .debug_str     0x0000000000000e04       0x48 ../soc_audio_system_ec_bsp/\libhal_bsp.a(alt_dev_llist_insert.o)
                                        0x1d5 (size before relaxing)
 .debug_str     0x0000000000000e4c       0x14 ../soc_audio_system_ec_bsp/\libhal_bsp.a(alt_errno.o)
                                        0x14e (size before relaxing)
 .debug_str     0x0000000000000e60       0x1e ../soc_audio_system_ec_bsp/\libhal_bsp.a(alt_find_dev.o)
                                        0x203 (size before relaxing)
 .debug_str     0x0000000000000e7e       0x1f ../soc_audio_system_ec_bsp/\libhal_bsp.a(alt_icache_flush_all.o)
                                        0x15e (size before relaxing)
 .debug_str     0x0000000000000e9d       0x3a ../soc_audio_system_ec_bsp/\libhal_bsp.a(alt_irq_handler.o)
                                        0x1c1 (size before relaxing)
 .debug_str     0x0000000000000ed7       0x20 ../soc_audio_system_ec_bsp/\libhal_bsp.a(altera_nios2_gen2_irq.o)
                                        0x18e (size before relaxing)
 .debug_str     0x0000000000000ef7      0x48b ../soc_audio_system_ec_bsp/\libhal_bsp.a(alt_instruction_exception_entry.o)
                                        0x5a9 (size before relaxing)
 .debug_str     0x0000000000001382      0x134 c:/intelfpga_lite/18.1/nios2eds/bin/gnu/h-x86_64-mingw32/bin/../lib/gcc/nios2-elf/5.3.0/../../../../../H-x86_64-mingw32/nios2-elf/lib/mno-hw-mul\libsmallc.a(lib_a-int_errno.o)
                                        0x1d8 (size before relaxing)
 .debug_str     0x00000000000014b6       0xd9 c:/intelfpga_lite/18.1/nios2eds/bin/gnu/h-x86_64-mingw32/bin/../lib/gcc/nios2-elf/5.3.0/../../../../../H-x86_64-mingw32/nios2-elf/lib/mno-hw-mul\libsmallc.a(lib_a-memcmp.o)
                                        0x1df (size before relaxing)
 .debug_str     0x000000000000158f       0x3d c:/intelfpga_lite/18.1/nios2eds/bin/gnu/h-x86_64-mingw32/bin/../lib/gcc/nios2-elf/5.3.0/../../../../../H-x86_64-mingw32/nios2-elf/lib/mno-hw-mul\libsmallc.a(lib_a-strlen.o)
                                        0x1e5 (size before relaxing)

.debug_loc      0x0000000000000000     0x132b
 *(.debug_loc)
 .debug_loc     0x0000000000000000      0x1e9 obj/default/hello_world_small.o
 .debug_loc     0x00000000000001e9      0x4ce c:/intelfpga_lite/18.1/nios2eds/bin/gnu/h-x86_64-mingw32/bin/../lib/gcc/nios2-elf/5.3.0/mno-hw-mul\libgcc.a(lib2-divmod.o)
 .debug_loc     0x00000000000006b7       0xfa ../soc_audio_system_ec_bsp/\libhal_bsp.a(alt_irq_register.o)
 .debug_loc     0x00000000000007b1      0x1de ../soc_audio_system_ec_bsp/\libhal_bsp.a(alt_printf.o)
 .debug_loc     0x000000000000098f       0x2c ../soc_audio_system_ec_bsp/\libhal_bsp.a(alt_putchar.o)
 .debug_loc     0x00000000000009bb       0x37 ../soc_audio_system_ec_bsp/\libhal_bsp.a(alt_putstr.o)
 .debug_loc     0x00000000000009f2       0x39 ../soc_audio_system_ec_bsp/\libhal_bsp.a(alt_sys_init.o)
 .debug_loc     0x0000000000000a2b       0x8b ../soc_audio_system_ec_bsp/\libhal_bsp.a(altera_avalon_jtag_uart_write.o)
 .debug_loc     0x0000000000000ab6      0x5f0 ../soc_audio_system_ec_bsp/\libhal_bsp.a(altera_up_avalon_audio.o)
 .debug_loc     0x00000000000010a6       0x7e ../soc_audio_system_ec_bsp/\libhal_bsp.a(alt_dev_llist_insert.o)
 .debug_loc     0x0000000000001124       0x7e ../soc_audio_system_ec_bsp/\libhal_bsp.a(alt_find_dev.o)
 .debug_loc     0x00000000000011a2       0x72 ../soc_audio_system_ec_bsp/\libhal_bsp.a(alt_irq_handler.o)
 .debug_loc     0x0000000000001214       0x65 ../soc_audio_system_ec_bsp/\libhal_bsp.a(alt_instruction_exception_entry.o)
 .debug_loc     0x0000000000001279       0x94 c:/intelfpga_lite/18.1/nios2eds/bin/gnu/h-x86_64-mingw32/bin/../lib/gcc/nios2-elf/5.3.0/../../../../../H-x86_64-mingw32/nios2-elf/lib/mno-hw-mul\libsmallc.a(lib_a-memcmp.o)
 .debug_loc     0x000000000000130d       0x1e c:/intelfpga_lite/18.1/nios2eds/bin/gnu/h-x86_64-mingw32/bin/../lib/gcc/nios2-elf/5.3.0/../../../../../H-x86_64-mingw32/nios2-elf/lib/mno-hw-mul\libsmallc.a(lib_a-strlen.o)

.debug_macinfo
 *(.debug_macinfo)

.debug_weaknames
 *(.debug_weaknames)

.debug_funcnames
 *(.debug_funcnames)

.debug_typenames
 *(.debug_typenames)

.debug_varnames
 *(.debug_varnames)

.debug_alt_sim_info
                0x0000000000000000       0x10
 *(.debug_alt_sim_info)
 .debug_alt_sim_info
                0x0000000000000000       0x10 ../soc_audio_system_ec_bsp//obj/HAL/src/crt0.o
                0x0000000000008000                __alt_data_end = 0x8000
                0x0000000000008000                PROVIDE (__alt_stack_pointer, __alt_data_end)
                [!provide]                        PROVIDE (__alt_stack_limit, __alt_stack_base)
                [!provide]                        PROVIDE (__alt_heap_start, end)
                [!provide]                        PROVIDE (__alt_heap_limit, 0x8000)
OUTPUT(soc_audio_system_ec.elf elf32-littlenios2)

.debug_ranges   0x0000000000000000      0x250
 .debug_ranges  0x0000000000000000       0x20 ../soc_audio_system_ec_bsp//obj/HAL/src/crt0.o
 .debug_ranges  0x0000000000000020       0x80 obj/default/hello_world_small.o
 .debug_ranges  0x00000000000000a0       0x60 c:/intelfpga_lite/18.1/nios2eds/bin/gnu/h-x86_64-mingw32/bin/../lib/gcc/nios2-elf/5.3.0/mno-hw-mul\libgcc.a(lib2-divmod.o)
 .debug_ranges  0x0000000000000100       0x48 ../soc_audio_system_ec_bsp/\libhal_bsp.a(alt_load.o)
 .debug_ranges  0x0000000000000148       0x18 ../soc_audio_system_ec_bsp/\libhal_bsp.a(alt_printf.o)
 .debug_ranges  0x0000000000000160       0x30 ../soc_audio_system_ec_bsp/\libhal_bsp.a(alt_sys_init.o)
 .debug_ranges  0x0000000000000190       0x20 ../soc_audio_system_ec_bsp/\libhal_bsp.a(alt_dev_llist_insert.o)
 .debug_ranges  0x00000000000001b0       0x28 ../soc_audio_system_ec_bsp/\libhal_bsp.a(alt_irq_entry.o)
 .debug_ranges  0x00000000000001d8       0x10 ../soc_audio_system_ec_bsp/\libhal_bsp.a(alt_irq_handler.o)
 .debug_ranges  0x00000000000001e8       0x30 ../soc_audio_system_ec_bsp/\libhal_bsp.a(alt_exception_entry.o)
 .debug_ranges  0x0000000000000218       0x18 ../soc_audio_system_ec_bsp/\libhal_bsp.a(alt_instruction_exception_entry.o)
 .debug_ranges  0x0000000000000230       0x10 c:/intelfpga_lite/18.1/nios2eds/bin/gnu/h-x86_64-mingw32/bin/../lib/gcc/nios2-elf/5.3.0/../../../../../H-x86_64-mingw32/nios2-elf/lib/mno-hw-mul\libsmallc.a(lib_a-memcmp.o)
 .debug_ranges  0x0000000000000240       0x10 c:/intelfpga_lite/18.1/nios2eds/bin/gnu/h-x86_64-mingw32/bin/../lib/gcc/nios2-elf/5.3.0/../../../../../H-x86_64-mingw32/nios2-elf/lib/mno-hw-mul\libsmallc.a(lib_a-strlen.o)
