Archive member included to satisfy reference by file (symbol)

c:/intelfpga_lite/18.1/nios2eds/bin/gnu/h-x86_64-mingw32/bin/../lib/gcc/nios2-elf/5.3.0/mno-hw-mul\libgcc.a(lib2-divmod.o)
                              obj/default/hello_world_small.o (__divsi3)
c:/intelfpga_lite/18.1/nios2eds/bin/gnu/h-x86_64-mingw32/bin/../lib/gcc/nios2-elf/5.3.0/mno-hw-mul\libgcc.a(lib2-mul.o)
                              obj/default/hello_world_small.o (__mulsi3)
../soc_audio_system_ec_bsp/\libhal_bsp.a(alt_irq_register.o)
                              obj/default/hello_world_small.o (alt_irq_register)
../soc_audio_system_ec_bsp/\libhal_bsp.a(alt_irq_vars.o)
                              ../soc_audio_system_ec_bsp/\libhal_bsp.a(alt_irq_register.o) (alt_irq_active)
../soc_audio_system_ec_bsp/\libhal_bsp.a(alt_load.o)
                              ../soc_audio_system_ec_bsp//obj/HAL/src/crt0.o (alt_load)
../soc_audio_system_ec_bsp/\libhal_bsp.a(alt_main.o)
                              ../soc_audio_system_ec_bsp//obj/HAL/src/crt0.o (alt_main)
../soc_audio_system_ec_bsp/\libhal_bsp.a(alt_printf.o)
                              obj/default/hello_world_small.o (alt_printf)
../soc_audio_system_ec_bsp/\libhal_bsp.a(alt_putchar.o)
                              ../soc_audio_system_ec_bsp/\libhal_bsp.a(alt_printf.o) (alt_putchar)
../soc_audio_system_ec_bsp/\libhal_bsp.a(alt_putstr.o)
                              obj/default/hello_world_small.o (alt_putstr)
../soc_audio_system_ec_bsp/\libhal_bsp.a(alt_sys_init.o)
                              ../soc_audio_system_ec_bsp/\libhal_bsp.a(alt_main.o) (alt_irq_init)
../soc_audio_system_ec_bsp/\libhal_bsp.a(altera_avalon_jtag_uart_write.o)
                              ../soc_audio_system_ec_bsp/\libhal_bsp.a(alt_putchar.o) (altera_avalon_jtag_uart_write)
../soc_audio_system_ec_bsp/\libhal_bsp.a(altera_up_avalon_audio.o)
                              obj/default/hello_world_small.o (alt_up_audio_open_dev)
../soc_audio_system_ec_bsp/\libhal_bsp.a(alt_dcache_flush_all.o)
                              ../soc_audio_system_ec_bsp/\libhal_bsp.a(alt_load.o) (alt_dcache_flush_all)
../soc_audio_system_ec_bsp/\libhal_bsp.a(alt_dev.o)
                              ../soc_audio_system_ec_bsp/\libhal_bsp.a(alt_sys_init.o) (alt_dev_list)
../soc_audio_system_ec_bsp/\libhal_bsp.a(alt_dev_llist_insert.o)
                              ../soc_audio_system_ec_bsp/\libhal_bsp.a(alt_sys_init.o) (alt_dev_llist_insert)
../soc_audio_system_ec_bsp/\libhal_bsp.a(alt_errno.o)
                              ../soc_audio_system_ec_bsp/\libhal_bsp.a(alt_dev_llist_insert.o) (alt_errno)
../soc_audio_system_ec_bsp/\libhal_bsp.a(alt_find_dev.o)
                              ../soc_audio_system_ec_bsp/\libhal_bsp.a(altera_up_avalon_audio.o) (alt_find_dev)
../soc_audio_system_ec_bsp/\libhal_bsp.a(alt_icache_flush_all.o)
                              ../soc_audio_system_ec_bsp/\libhal_bsp.a(alt_load.o) (alt_icache_flush_all)
../soc_audio_system_ec_bsp/\libhal_bsp.a(alt_irq_entry.o)
                              ../soc_audio_system_ec_bsp/\libhal_bsp.a(alt_irq_register.o) (alt_irq_entry)
../soc_audio_system_ec_bsp/\libhal_bsp.a(alt_irq_handler.o)
                              ../soc_audio_system_ec_bsp/\libhal_bsp.a(alt_irq_register.o) (alt_irq_handler)
../soc_audio_system_ec_bsp/\libhal_bsp.a(altera_nios2_gen2_irq.o)
                              ../soc_audio_system_ec_bsp/\libhal_bsp.a(alt_sys_init.o) (altera_nios2_gen2_irq_init)
../soc_audio_system_ec_bsp/\libhal_bsp.a(alt_exception_entry.o)
                              ../soc_audio_system_ec_bsp/\libhal_bsp.a(alt_irq_entry.o) (alt_exception)
../soc_audio_system_ec_bsp/\libhal_bsp.a(alt_instruction_exception_entry.o)
                              ../soc_audio_system_ec_bsp/\libhal_bsp.a(alt_exception_entry.o) (alt_instruction_exception_entry)
c:/intelfpga_lite/18.1/nios2eds/bin/gnu/h-x86_64-mingw32/bin/../lib/gcc/nios2-elf/5.3.0/../../../../../H-x86_64-mingw32/nios2-elf/lib/mno-hw-mul\libsmallc.a(lib_a-int_errno.o)
                              ../soc_audio_system_ec_bsp/\libhal_bsp.a(alt_dev_llist_insert.o) (errno)
c:/intelfpga_lite/18.1/nios2eds/bin/gnu/h-x86_64-mingw32/bin/../lib/gcc/nios2-elf/5.3.0/../../../../../H-x86_64-mingw32/nios2-elf/lib/mno-hw-mul\libsmallc.a(lib_a-memcmp.o)
                              ../soc_audio_system_ec_bsp/\libhal_bsp.a(alt_find_dev.o) (memcmp)
c:/intelfpga_lite/18.1/nios2eds/bin/gnu/h-x86_64-mingw32/bin/../lib/gcc/nios2-elf/5.3.0/../../../../../H-x86_64-mingw32/nios2-elf/lib/mno-hw-mul\libsmallc.a(lib_a-strlen.o)
                              ../soc_audio_system_ec_bsp/\libhal_bsp.a(alt_putstr.o) (strlen)

Allocating common symbols
Common symbol       size              file

alt_irq             0x100             ../soc_audio_system_ec_bsp/\libhal_bsp.a(alt_irq_handler.o)
errno               0x4               c:/intelfpga_lite/18.1/nios2eds/bin/gnu/h-x86_64-mingw32/bin/../lib/gcc/nios2-elf/5.3.0/../../../../../H-x86_64-mingw32/nios2-elf/lib/mno-hw-mul\libsmallc.a(lib_a-int_errno.o)

Memory Configuration

Name             Origin             Length             Attributes
reset            0x0000000000000000 0x0000000000000020
RAM              0x0000000000000020 0x0000000000007fe0
SHARED_MEMORY    0x0000000000040000 0x0000000000020000
*default*        0x0000000000000000 0xffffffffffffffff

Linker script and memory map

LOAD ../soc_audio_system_ec_bsp//obj/HAL/src/crt0.o
LOAD obj/default/hello_world_small.o
LOAD c:/intelfpga_lite/18.1/nios2eds/bin/gnu/h-x86_64-mingw32/bin/../lib/gcc/nios2-elf/5.3.0/../../../../../H-x86_64-mingw32/nios2-elf/lib/mno-hw-mul\libstdc++.a
LOAD c:/intelfpga_lite/18.1/nios2eds/bin/gnu/h-x86_64-mingw32/bin/../lib/gcc/nios2-elf/5.3.0/../../../../../H-x86_64-mingw32/nios2-elf/lib/mno-hw-mul\libm.a
LOAD c:/intelfpga_lite/18.1/nios2eds/bin/gnu/h-x86_64-mingw32/bin/../lib/gcc/nios2-elf/5.3.0/mno-hw-mul\libgcc.a
START GROUP
LOAD c:/intelfpga_lite/18.1/nios2eds/bin/gnu/h-x86_64-mingw32/bin/../lib/gcc/nios2-elf/5.3.0/../../../../../H-x86_64-mingw32/nios2-elf/lib/mno-hw-mul\libsmallc.a
LOAD c:/intelfpga_lite/18.1/nios2eds/bin/gnu/h-x86_64-mingw32/bin/../lib/gcc/nios2-elf/5.3.0/mno-hw-mul\libgcc.a
LOAD ../soc_audio_system_ec_bsp/\libhal_bsp.a
LOAD c:/intelfpga_lite/18.1/nios2eds/bin/gnu/h-x86_64-mingw32/bin/../lib/gcc/nios2-elf/5.3.0/../../../../../H-x86_64-mingw32/nios2-elf/lib/mno-hw-mul\libm.a
END GROUP
LOAD c:/intelfpga_lite/18.1/nios2eds/bin/gnu/h-x86_64-mingw32/bin/../lib/gcc/nios2-elf/5.3.0/mno-hw-mul\libgcc.a
                0x0000000000000000                __alt_mem_RAM = 0x0
                0x0000000000040000                __alt_mem_SHARED_MEMORY = 0x40000

.entry          0x0000000000000000       0x20
 *(.entry)
 .entry         0x0000000000000000       0x20 ../soc_audio_system_ec_bsp//obj/HAL/src/crt0.o
                0x0000000000000000                __reset
                0x000000000000000c                _exit

.exceptions     0x0000000000000020      0x160
                0x0000000000000020                PROVIDE (__ram_exceptions_start, ABSOLUTE (.))
                0x0000000000000020                . = ALIGN (0x20)
 *(.irq)
 *(.exceptions.entry.label)
 .exceptions.entry.label
                0x0000000000000020        0x0 ../soc_audio_system_ec_bsp/\libhal_bsp.a(alt_irq_entry.o)
                0x0000000000000020                alt_irq_entry
 .exceptions.entry.label
                0x0000000000000020        0x0 ../soc_audio_system_ec_bsp/\libhal_bsp.a(alt_exception_entry.o)
                0x0000000000000020                alt_exception
 *(.exceptions.entry.user)
 *(.exceptions.entry.ecc_fatal)
 *(.exceptions.entry)
 .exceptions.entry
                0x0000000000000020       0x54 ../soc_audio_system_ec_bsp/\libhal_bsp.a(alt_exception_entry.o)
 *(.exceptions.irqtest.user)
 *(.exceptions.irqtest)
 .exceptions.irqtest
                0x0000000000000074       0x10 ../soc_audio_system_ec_bsp/\libhal_bsp.a(alt_irq_entry.o)
 *(.exceptions.irqhandler.user)
 *(.exceptions.irqhandler)
 .exceptions.irqhandler
                0x0000000000000084        0x4 ../soc_audio_system_ec_bsp/\libhal_bsp.a(alt_irq_entry.o)
 *(.exceptions.irqreturn.user)
 *(.exceptions.irqreturn)
 .exceptions.irqreturn
                0x0000000000000088        0x4 ../soc_audio_system_ec_bsp/\libhal_bsp.a(alt_irq_entry.o)
 *(.exceptions.notirq.label)
 .exceptions.notirq.label
                0x000000000000008c        0x0 ../soc_audio_system_ec_bsp/\libhal_bsp.a(alt_irq_entry.o)
 *(.exceptions.notirq.user)
 *(.exceptions.notirq)
 .exceptions.notirq
                0x000000000000008c        0x8 ../soc_audio_system_ec_bsp/\libhal_bsp.a(alt_exception_entry.o)
 *(.exceptions.soft.user)
 *(.exceptions.soft)
 *(.exceptions.unknown.user)
 *(.exceptions.unknown)
 .exceptions.unknown
                0x0000000000000094       0x14 ../soc_audio_system_ec_bsp/\libhal_bsp.a(alt_exception_entry.o)
 *(.exceptions.exit.label)
 .exceptions.exit.label
                0x00000000000000a8        0x0 ../soc_audio_system_ec_bsp/\libhal_bsp.a(alt_irq_entry.o)
 .exceptions.exit.label
                0x00000000000000a8        0x0 ../soc_audio_system_ec_bsp/\libhal_bsp.a(alt_exception_entry.o)
 *(.exceptions.exit.user)
 *(.exceptions.exit)
 .exceptions.exit
                0x00000000000000a8       0x54 ../soc_audio_system_ec_bsp/\libhal_bsp.a(alt_exception_entry.o)
 *(.exceptions)
 .exceptions    0x00000000000000fc       0x60 ../soc_audio_system_ec_bsp/\libhal_bsp.a(alt_irq_handler.o)
                0x00000000000000fc                alt_irq_handler
 .exceptions    0x000000000000015c       0x24 ../soc_audio_system_ec_bsp/\libhal_bsp.a(alt_instruction_exception_entry.o)
                0x000000000000015c                alt_instruction_exception_entry
                0x0000000000000180                PROVIDE (__ram_exceptions_end, ABSOLUTE (.))
                0x0000000000000020                PROVIDE (__flash_exceptions_start, LOADADDR (.exceptions))

.text           0x0000000000000180     0x197c
                [!provide]                        PROVIDE (stext, ABSOLUTE (.))
 *(.interp)
 *(.hash)
 *(.dynsym)
 *(.dynstr)
 *(.gnu.version)
 *(.gnu.version_d)
 *(.gnu.version_r)
 *(.rel.init)
 *(.rela.init)
 *(.rel.text .rel.text.* .rel.gnu.linkonce.t.*)
 *(.rela.text .rela.text.* .rela.gnu.linkonce.t.*)
 *(.rel.fini)
 *(.rela.fini)
 *(.rel.rodata .rel.rodata.* .rel.gnu.linkonce.r.*)
 *(.rela.rodata .rela.rodata.* .rela.gnu.linkonce.r.*)
 *(.rel.data .rel.data.* .rel.gnu.linkonce.d.*)
 *(.rela.data .rela.data.* .rela.gnu.linkonce.d.*)
 *(.rel.tdata .rel.tdata.* .rel.gnu.linkonce.td.*)
 *(.rela.tdata .rela.tdata.* .rela.gnu.linkonce.td.*)
 *(.rel.tbss .rel.tbss.* .rel.gnu.linkonce.tb.*)
 *(.rela.tbss .rela.tbss.* .rela.gnu.linkonce.tb.*)
 *(.rel.ctors)
 *(.rela.ctors)
 *(.rel.dtors)
 *(.rela.dtors)
 *(.rel.got)
 *(.rela.got)
 *(.rel.sdata .rel.sdata.* .rel.gnu.linkonce.s.*)
 *(.rela.sdata .rela.sdata.* .rela.gnu.linkonce.s.*)
 *(.rel.sbss .rel.sbss.* .rel.gnu.linkonce.sb.*)
 *(.rela.sbss .rela.sbss.* .rela.gnu.linkonce.sb.*)
 *(.rel.sdata2 .rel.sdata2.* .rel.gnu.linkonce.s2.*)
 *(.rela.sdata2 .rela.sdata2.* .rela.gnu.linkonce.s2.*)
 *(.rel.sbss2 .rel.sbss2.* .rel.gnu.linkonce.sb2.*)
 *(.rela.sbss2 .rela.sbss2.* .rela.gnu.linkonce.sb2.*)
 *(.rel.bss .rel.bss.* .rel.gnu.linkonce.b.*)
 *(.rela.bss .rela.bss.* .rela.gnu.linkonce.b.*)
 *(.rel.plt)
 *(.rela.plt)
 *(.rel.dyn)
 *(.init)
 *(.plt)
 *(.text .stub .text.* .gnu.linkonce.t.*)
 .text          0x0000000000000180       0x3c ../soc_audio_system_ec_bsp//obj/HAL/src/crt0.o
                0x0000000000000180                _start
 .text          0x00000000000001bc      0x9dc obj/default/hello_world_small.o
                0x00000000000001bc                check_hps_connection
                0x0000000000000204                request_next_chunk
                0x0000000000000304                process_audio_data
                0x0000000000000624                send_command_to_hps
                0x00000000000006b4                update_seven_segment_display
                0x0000000000000958                handle_buttons
 .text.startup  0x0000000000000b98      0x4e0 obj/default/hello_world_small.o
                0x0000000000000b98                main
 .text          0x0000000000001078      0x1b4 c:/intelfpga_lite/18.1/nios2eds/bin/gnu/h-x86_64-mingw32/bin/../lib/gcc/nios2-elf/5.3.0/mno-hw-mul\libgcc.a(lib2-divmod.o)
                0x0000000000001078                __divsi3
                0x00000000000010fc                __modsi3
                0x0000000000001170                __udivsi3
                0x00000000000011d4                __umodsi3
 .text          0x000000000000122c       0x28 c:/intelfpga_lite/18.1/nios2eds/bin/gnu/h-x86_64-mingw32/bin/../lib/gcc/nios2-elf/5.3.0/mno-hw-mul\libgcc.a(lib2-mul.o)
                0x000000000000122c                __mulsi3
 .text          0x0000000000001254       0x94 ../soc_audio_system_ec_bsp/\libhal_bsp.a(alt_irq_register.o)
                0x0000000000001254                alt_irq_register
 .text          0x00000000000012e8        0x0 ../soc_audio_system_ec_bsp/\libhal_bsp.a(alt_irq_vars.o)
 .text          0x00000000000012e8       0xe0 ../soc_audio_system_ec_bsp/\libhal_bsp.a(alt_load.o)
                0x00000000000012e8                alt_load
 .text          0x00000000000013c8       0x2c ../soc_audio_system_ec_bsp/\libhal_bsp.a(alt_main.o)
                0x00000000000013c8                alt_main
 .text          0x00000000000013f4      0x170 ../soc_audio_system_ec_bsp/\libhal_bsp.a(alt_printf.o)
                0x00000000000013f4                alt_printf
 .text          0x0000000000001564       0x48 ../soc_audio_system_ec_bsp/\libhal_bsp.a(alt_putchar.o)
                0x0000000000001564                alt_putchar
 .text          0x00000000000015ac       0x38 ../soc_audio_system_ec_bsp/\libhal_bsp.a(alt_putstr.o)
                0x00000000000015ac                alt_putstr
 .text          0x00000000000015e4       0x5c ../soc_audio_system_ec_bsp/\libhal_bsp.a(alt_sys_init.o)
                0x00000000000015e4                alt_irq_init
                0x0000000000001604                alt_sys_init
 .text          0x0000000000001640       0x34 ../soc_audio_system_ec_bsp/\libhal_bsp.a(altera_avalon_jtag_uart_write.o)
                0x0000000000001640                altera_avalon_jtag_uart_write
 .text          0x0000000000001674      0x2d0 ../soc_audio_system_ec_bsp/\libhal_bsp.a(altera_up_avalon_audio.o)
                0x0000000000001674                alt_up_audio_open_dev
                0x000000000000167c                alt_up_audio_enable_read_interrupt
                0x0000000000001690                alt_up_audio_disable_read_interrupt
                0x00000000000016a8                alt_up_audio_enable_write_interrupt
                0x00000000000016bc                alt_up_audio_disable_write_interrupt
                0x00000000000016d4                alt_up_audio_read_interrupt_pending
                0x00000000000016e8                alt_up_audio_write_interrupt_pending
                0x00000000000016fc                alt_up_audio_reset_audio_core
                0x0000000000001720                alt_up_audio_read_fifo_avail
                0x0000000000001740                alt_up_audio_write_fifo_space
                0x0000000000001760                alt_up_audio_read_fifo
                0x00000000000017ac                alt_up_audio_record_r
                0x00000000000017d0                alt_up_audio_record_l
                0x0000000000001838                alt_up_audio_write_fifo
                0x0000000000001888                alt_up_audio_play_r
                0x00000000000018f0                alt_up_audio_play_l
                0x0000000000001914                alt_up_audio_read_fifo_head
                0x000000000000192c                alt_up_audio_write_fifo_head
 .text          0x0000000000001944        0x4 ../soc_audio_system_ec_bsp/\libhal_bsp.a(alt_dcache_flush_all.o)
                0x0000000000001944                alt_dcache_flush_all
 .text          0x0000000000001948        0x8 ../soc_audio_system_ec_bsp/\libhal_bsp.a(alt_dev.o)
 .text          0x0000000000001950       0x6c ../soc_audio_system_ec_bsp/\libhal_bsp.a(alt_dev_llist_insert.o)
                0x0000000000001950                alt_dev_llist_insert
 .text          0x00000000000019bc        0x0 ../soc_audio_system_ec_bsp/\libhal_bsp.a(alt_errno.o)
 .text          0x00000000000019bc       0x74 ../soc_audio_system_ec_bsp/\libhal_bsp.a(alt_find_dev.o)
                0x00000000000019bc                alt_find_dev
 .text          0x0000000000001a30        0x4 ../soc_audio_system_ec_bsp/\libhal_bsp.a(alt_icache_flush_all.o)
                0x0000000000001a30                alt_icache_flush_all
 .text          0x0000000000001a34        0x0 ../soc_audio_system_ec_bsp/\libhal_bsp.a(alt_irq_entry.o)
 .text          0x0000000000001a34        0x0 ../soc_audio_system_ec_bsp/\libhal_bsp.a(alt_irq_handler.o)
 .text          0x0000000000001a34        0x8 ../soc_audio_system_ec_bsp/\libhal_bsp.a(altera_nios2_gen2_irq.o)
                0x0000000000001a34                altera_nios2_gen2_irq_init
 .text          0x0000000000001a3c        0x0 ../soc_audio_system_ec_bsp/\libhal_bsp.a(alt_exception_entry.o)
 .text          0x0000000000001a3c       0x74 ../soc_audio_system_ec_bsp/\libhal_bsp.a(alt_instruction_exception_entry.o)
                0x0000000000001a3c                alt_exception_cause_generated_bad_addr
 .text          0x0000000000001ab0        0x0 c:/intelfpga_lite/18.1/nios2eds/bin/gnu/h-x86_64-mingw32/bin/../lib/gcc/nios2-elf/5.3.0/../../../../../H-x86_64-mingw32/nios2-elf/lib/mno-hw-mul\libsmallc.a(lib_a-int_errno.o)
 .text          0x0000000000001ab0        0x0 c:/intelfpga_lite/18.1/nios2eds/bin/gnu/h-x86_64-mingw32/bin/../lib/gcc/nios2-elf/5.3.0/../../../../../H-x86_64-mingw32/nios2-elf/lib/mno-hw-mul\libsmallc.a(lib_a-memcmp.o)
 .text.memcmp   0x0000000000001ab0       0x30 c:/intelfpga_lite/18.1/nios2eds/bin/gnu/h-x86_64-mingw32/bin/../lib/gcc/nios2-elf/5.3.0/../../../../../H-x86_64-mingw32/nios2-elf/lib/mno-hw-mul\libsmallc.a(lib_a-memcmp.o)
                0x0000000000001ab0                memcmp
 .text          0x0000000000001ae0        0x0 c:/intelfpga_lite/18.1/nios2eds/bin/gnu/h-x86_64-mingw32/bin/../lib/gcc/nios2-elf/5.3.0/../../../../../H-x86_64-mingw32/nios2-elf/lib/mno-hw-mul\libsmallc.a(lib_a-strlen.o)
 .text.strlen   0x0000000000001ae0       0x1c c:/intelfpga_lite/18.1/nios2eds/bin/gnu/h-x86_64-mingw32/bin/../lib/gcc/nios2-elf/5.3.0/../../../../../H-x86_64-mingw32/nios2-elf/lib/mno-hw-mul\libsmallc.a(lib_a-strlen.o)
                0x0000000000001ae0                strlen
 *(.gnu.warning.*)
 *(.fini)
                [!provide]                        PROVIDE (__etext, ABSOLUTE (.))
                [!provide]                        PROVIDE (_etext, ABSOLUTE (.))
                [!provide]                        PROVIDE (etext, ABSOLUTE (.))
 *(.eh_frame_hdr)
                0x0000000000001afc                . = ALIGN (0x4)
                [!provide]                        PROVIDE (__preinit_array_start, ABSOLUTE (.))
 *(.preinit_array)
                [!provide]                        PROVIDE (__preinit_array_end, ABSOLUTE (.))
                [!provide]                        PROVIDE (__init_array_start, ABSOLUTE (.))
 *(.init_array)
                [!provide]                        PROVIDE (__init_array_end, ABSOLUTE (.))
                [!provide]                        PROVIDE (__fini_array_start, ABSOLUTE (.))
 *(.fini_array)
                [!provide]                        PROVIDE (__fini_array_end, ABSOLUTE (.))
 *(.eh_frame)
 *(.gcc_except_table .gcc_except_table.*)
 *(.dynamic)
                [!provide]                        PROVIDE (__CTOR_LIST__, ABSOLUTE (.))
 *(.ctors)
 *(SORT(.ctors.*))
                [!provide]                        PROVIDE (__CTOR_END__, ABSOLUTE (.))
                [!provide]                        PROVIDE (__DTOR_LIST__, ABSOLUTE (.))
 *(.dtors)
 *(SORT(.dtors.*))
                [!provide]                        PROVIDE (__DTOR_END__, ABSOLUTE (.))
 *(.jcr)
                0x0000000000001afc                . = ALIGN (0x4)

.rodata         0x0000000000001afc      0x25c
                0x0000000000001afc                PROVIDE (__ram_rodata_start, ABSOLUTE (.))
                0x0000000000001afc                . = ALIGN (0x4)
 *(.rodata .rodata.* .gnu.linkonce.r.*)
 .rodata.str1.4
                0x0000000000001afc      0x232 obj/default/hello_world_small.o
 .rodata        0x0000000000001d2e        0xa obj/default/hello_world_small.o
                0x0000000000001d2e                seven_seg_patterns
 .rodata.str1.4
                0x0000000000001d38       0x12 ../soc_audio_system_ec_bsp/\libhal_bsp.a(alt_sys_init.o)
                                         0x1e (size before relaxing)
 *fill*         0x0000000000001d4a        0x2 
 .rodata.str1.4
                0x0000000000001d4c        0xc ../soc_audio_system_ec_bsp/\libhal_bsp.a(alt_dev.o)
                                          0xa (size before relaxing)
 *(.rodata1)
                0x0000000000001d58                . = ALIGN (0x4)
                0x0000000000001d58                PROVIDE (__ram_rodata_end, ABSOLUTE (.))
                0x0000000000001afc                PROVIDE (__flash_rodata_start, LOADADDR (.rodata))

.rwdata         0x0000000000001d58       0xe4 load address 0x0000000000001e3c
                0x0000000000001d58                PROVIDE (__ram_rwdata_start, ABSOLUTE (.))
                0x0000000000001d58                . = ALIGN (0x4)
 *(.got.plt)
 *(.got)
 *(.data1)
 *(.data .data.* .gnu.linkonce.d.*)
 .data          0x0000000000001d58        0x0 ../soc_audio_system_ec_bsp//obj/HAL/src/crt0.o
 .data          0x0000000000001d58        0x0 obj/default/hello_world_small.o
 .data          0x0000000000001d58        0x0 c:/intelfpga_lite/18.1/nios2eds/bin/gnu/h-x86_64-mingw32/bin/../lib/gcc/nios2-elf/5.3.0/mno-hw-mul\libgcc.a(lib2-divmod.o)
 .data          0x0000000000001d58        0x0 c:/intelfpga_lite/18.1/nios2eds/bin/gnu/h-x86_64-mingw32/bin/../lib/gcc/nios2-elf/5.3.0/mno-hw-mul\libgcc.a(lib2-mul.o)
 .data          0x0000000000001d58        0x0 ../soc_audio_system_ec_bsp/\libhal_bsp.a(alt_irq_register.o)
 .data          0x0000000000001d58        0x0 ../soc_audio_system_ec_bsp/\libhal_bsp.a(alt_irq_vars.o)
 .data          0x0000000000001d58        0x0 ../soc_audio_system_ec_bsp/\libhal_bsp.a(alt_load.o)
 .data          0x0000000000001d58        0x0 ../soc_audio_system_ec_bsp/\libhal_bsp.a(alt_main.o)
 .data          0x0000000000001d58        0x0 ../soc_audio_system_ec_bsp/\libhal_bsp.a(alt_printf.o)
 .data          0x0000000000001d58        0x0 ../soc_audio_system_ec_bsp/\libhal_bsp.a(alt_putchar.o)
 .data          0x0000000000001d58        0x0 ../soc_audio_system_ec_bsp/\libhal_bsp.a(alt_putstr.o)
 .data          0x0000000000001d58       0x60 ../soc_audio_system_ec_bsp/\libhal_bsp.a(alt_sys_init.o)
 .data          0x0000000000001db8        0x0 ../soc_audio_system_ec_bsp/\libhal_bsp.a(altera_avalon_jtag_uart_write.o)
 .data          0x0000000000001db8        0x0 ../soc_audio_system_ec_bsp/\libhal_bsp.a(altera_up_avalon_audio.o)
 .data          0x0000000000001db8        0x0 ../soc_audio_system_ec_bsp/\libhal_bsp.a(alt_dcache_flush_all.o)
 .data          0x0000000000001db8       0x58 ../soc_audio_system_ec_bsp/\libhal_bsp.a(alt_dev.o)
                0x0000000000001db8                alt_fd_list
                0x0000000000001de8                alt_dev_null
 .data          0x0000000000001e10        0x0 ../soc_audio_system_ec_bsp/\libhal_bsp.a(alt_dev_llist_insert.o)
 .data          0x0000000000001e10        0x0 ../soc_audio_system_ec_bsp/\libhal_bsp.a(alt_errno.o)
 .data          0x0000000000001e10        0x0 ../soc_audio_system_ec_bsp/\libhal_bsp.a(alt_find_dev.o)
 .data          0x0000000000001e10        0x0 ../soc_audio_system_ec_bsp/\libhal_bsp.a(alt_icache_flush_all.o)
 .data          0x0000000000001e10        0x0 ../soc_audio_system_ec_bsp/\libhal_bsp.a(alt_irq_entry.o)
 .data          0x0000000000001e10        0x0 ../soc_audio_system_ec_bsp/\libhal_bsp.a(alt_irq_handler.o)
 .data          0x0000000000001e10        0x0 ../soc_audio_system_ec_bsp/\libhal_bsp.a(altera_nios2_gen2_irq.o)
 .data          0x0000000000001e10        0x0 ../soc_audio_system_ec_bsp/\libhal_bsp.a(alt_exception_entry.o)
 .data          0x0000000000001e10        0x0 ../soc_audio_system_ec_bsp/\libhal_bsp.a(alt_instruction_exception_entry.o)
 .data          0x0000000000001e10        0x0 c:/intelfpga_lite/18.1/nios2eds/bin/gnu/h-x86_64-mingw32/bin/../lib/gcc/nios2-elf/5.3.0/../../../../../H-x86_64-mingw32/nios2-elf/lib/mno-hw-mul\libsmallc.a(lib_a-int_errno.o)
 .data          0x0000000000001e10        0x0 c:/intelfpga_lite/18.1/nios2eds/bin/gnu/h-x86_64-mingw32/bin/../lib/gcc/nios2-elf/5.3.0/../../../../../H-x86_64-mingw32/nios2-elf/lib/mno-hw-mul\libsmallc.a(lib_a-memcmp.o)
 .data          0x0000000000001e10        0x0 c:/intelfpga_lite/18.1/nios2eds/bin/gnu/h-x86_64-mingw32/bin/../lib/gcc/nios2-elf/5.3.0/../../../../../H-x86_64-mingw32/nios2-elf/lib/mno-hw-mul\libsmallc.a(lib_a-strlen.o)
                0x0000000000009e10                _gp = ABSOLUTE ((. + 0x8000))
                [!provide]                        PROVIDE (gp, _gp)
 *(.rwdata .rwdata.*)
 *(.sdata .sdata.* .gnu.linkonce.s.*)
 .sdata         0x0000000000001e10        0xc obj/default/hello_world_small.o
                0x0000000000001e14                shared_data
                0x0000000000001e18                shared_ctrl
 .sdata         0x0000000000001e1c        0x4 ../soc_audio_system_ec_bsp/\libhal_bsp.a(alt_irq_vars.o)
                0x0000000000001e1c                alt_priority_mask
 .sdata         0x0000000000001e20        0x4 ../soc_audio_system_ec_bsp/\libhal_bsp.a(alt_sys_init.o)
                0x0000000000001e20                JTAG_UART
 .sdata         0x0000000000001e24       0x14 ../soc_audio_system_ec_bsp/\libhal_bsp.a(alt_dev.o)
                0x0000000000001e24                alt_max_fd
                0x0000000000001e28                alt_dev_list
                0x0000000000001e30                alt_fs_list
 .sdata         0x0000000000001e38        0x4 ../soc_audio_system_ec_bsp/\libhal_bsp.a(alt_errno.o)
                0x0000000000001e38                alt_errno
 *(.sdata2 .sdata2.* .gnu.linkonce.s2.*)
                0x0000000000001e3c                . = ALIGN (0x4)
                0x0000000000001e3c                _edata = ABSOLUTE (.)
                [!provide]                        PROVIDE (edata, ABSOLUTE (.))
                0x0000000000001e3c                PROVIDE (__ram_rwdata_end, ABSOLUTE (.))
                0x0000000000001e3c                PROVIDE (__flash_rwdata_start, LOADADDR (.rwdata))

.bss            0x0000000000001f20      0x134
                0x0000000000001f20                __bss_start = ABSOLUTE (.)
                [!provide]                        PROVIDE (__sbss_start, ABSOLUTE (.))
                [!provide]                        PROVIDE (___sbss_start, ABSOLUTE (.))
 *(.dynsbss)
 *(.sbss .sbss.* .gnu.linkonce.sb.*)
 .sbss          0x0000000000001f20       0x1c obj/default/hello_world_small.o
                0x0000000000001f20                system_uptime_ms
                0x0000000000001f24                audio_read_ptr
                0x0000000000001f28                elapsed_minutes
                0x0000000000001f2c                elapsed_seconds
                0x0000000000001f30                elapsed_ms
                0x0000000000001f34                is_playing
                0x0000000000001f38                audio_dev
 .sbss          0x0000000000001f3c        0x4 ../soc_audio_system_ec_bsp/\libhal_bsp.a(alt_irq_vars.o)
                0x0000000000001f3c                alt_irq_active
 .sbss          0x0000000000001f40        0xc ../soc_audio_system_ec_bsp/\libhal_bsp.a(alt_main.o)
                0x0000000000001f40                alt_envp
                0x0000000000001f44                alt_argv
                0x0000000000001f48                alt_argc
 .sbss          0x0000000000001f4c        0x4 ../soc_audio_system_ec_bsp/\libhal_bsp.a(alt_instruction_exception_entry.o)
                0x0000000000001f4c                alt_instruction_exception_handler
 .sbss          0x0000000000001f50        0x4 c:/intelfpga_lite/18.1/nios2eds/bin/gnu/h-x86_64-mingw32/bin/../lib/gcc/nios2-elf/5.3.0/../../../../../H-x86_64-mingw32/nios2-elf/lib/mno-hw-mul\libsmallc.a(lib_a-int_errno.o)
                0x0000000000001f50                errno
 *(.sbss2 .sbss2.* .gnu.linkonce.sb2.*)
 *(.scommon)
                [!provide]                        PROVIDE (__sbss_end, ABSOLUTE (.))
                [!provide]                        PROVIDE (___sbss_end, ABSOLUTE (.))
 *(.dynbss)
 *(.bss .bss.* .gnu.linkonce.b.*)
 .bss           0x0000000000001f54        0x0 ../soc_audio_system_ec_bsp//obj/HAL/src/crt0.o
 .bss           0x0000000000001f54        0x0 obj/default/hello_world_small.o
 .bss           0x0000000000001f54        0x0 c:/intelfpga_lite/18.1/nios2eds/bin/gnu/h-x86_64-mingw32/bin/../lib/gcc/nios2-elf/5.3.0/mno-hw-mul\libgcc.a(lib2-divmod.o)
 .bss           0x0000000000001f54        0x0 c:/intelfpga_lite/18.1/nios2eds/bin/gnu/h-x86_64-mingw32/bin/../lib/gcc/nios2-elf/5.3.0/mno-hw-mul\libgcc.a(lib2-mul.o)
 .bss           0x0000000000001f54        0x0 ../soc_audio_system_ec_bsp/\libhal_bsp.a(alt_irq_register.o)
 .bss           0x0000000000001f54        0x0 ../soc_audio_system_ec_bsp/\libhal_bsp.a(alt_irq_vars.o)
 .bss           0x0000000000001f54        0x0 ../soc_audio_system_ec_bsp/\libhal_bsp.a(alt_load.o)
 .bss           0x0000000000001f54        0x0 ../soc_audio_system_ec_bsp/\libhal_bsp.a(alt_main.o)
 .bss           0x0000000000001f54        0x0 ../soc_audio_system_ec_bsp/\libhal_bsp.a(alt_printf.o)
 .bss           0x0000000000001f54        0x0 ../soc_audio_system_ec_bsp/\libhal_bsp.a(alt_putchar.o)
 .bss           0x0000000000001f54        0x0 ../soc_audio_system_ec_bsp/\libhal_bsp.a(alt_putstr.o)
 .bss           0x0000000000001f54        0x0 ../soc_audio_system_ec_bsp/\libhal_bsp.a(alt_sys_init.o)
 .bss           0x0000000000001f54        0x0 ../soc_audio_system_ec_bsp/\libhal_bsp.a(altera_avalon_jtag_uart_write.o)
 .bss           0x0000000000001f54        0x0 ../soc_audio_system_ec_bsp/\libhal_bsp.a(altera_up_avalon_audio.o)
 .bss           0x0000000000001f54        0x0 ../soc_audio_system_ec_bsp/\libhal_bsp.a(alt_dcache_flush_all.o)
 .bss           0x0000000000001f54        0x0 ../soc_audio_system_ec_bsp/\libhal_bsp.a(alt_dev.o)
 .bss           0x0000000000001f54        0x0 ../soc_audio_system_ec_bsp/\libhal_bsp.a(alt_dev_llist_insert.o)
 .bss           0x0000000000001f54        0x0 ../soc_audio_system_ec_bsp/\libhal_bsp.a(alt_errno.o)
 .bss           0x0000000000001f54        0x0 ../soc_audio_system_ec_bsp/\libhal_bsp.a(alt_find_dev.o)
 .bss           0x0000000000001f54        0x0 ../soc_audio_system_ec_bsp/\libhal_bsp.a(alt_icache_flush_all.o)
 .bss           0x0000000000001f54        0x0 ../soc_audio_system_ec_bsp/\libhal_bsp.a(alt_irq_entry.o)
 .bss           0x0000000000001f54        0x0 ../soc_audio_system_ec_bsp/\libhal_bsp.a(alt_irq_handler.o)
 .bss           0x0000000000001f54        0x0 ../soc_audio_system_ec_bsp/\libhal_bsp.a(altera_nios2_gen2_irq.o)
 .bss           0x0000000000001f54        0x0 ../soc_audio_system_ec_bsp/\libhal_bsp.a(alt_exception_entry.o)
 .bss           0x0000000000001f54        0x0 ../soc_audio_system_ec_bsp/\libhal_bsp.a(alt_instruction_exception_entry.o)
 .bss           0x0000000000001f54        0x0 c:/intelfpga_lite/18.1/nios2eds/bin/gnu/h-x86_64-mingw32/bin/../lib/gcc/nios2-elf/5.3.0/../../../../../H-x86_64-mingw32/nios2-elf/lib/mno-hw-mul\libsmallc.a(lib_a-int_errno.o)
 .bss           0x0000000000001f54        0x0 c:/intelfpga_lite/18.1/nios2eds/bin/gnu/h-x86_64-mingw32/bin/../lib/gcc/nios2-elf/5.3.0/../../../../../H-x86_64-mingw32/nios2-elf/lib/mno-hw-mul\libsmallc.a(lib_a-memcmp.o)
 .bss           0x0000000000001f54        0x0 c:/intelfpga_lite/18.1/nios2eds/bin/gnu/h-x86_64-mingw32/bin/../lib/gcc/nios2-elf/5.3.0/../../../../../H-x86_64-mingw32/nios2-elf/lib/mno-hw-mul\libsmallc.a(lib_a-strlen.o)
 *(COMMON)
 COMMON         0x0000000000001f54      0x100 ../soc_audio_system_ec_bsp/\libhal_bsp.a(alt_irq_handler.o)
                0x0000000000001f54                alt_irq
                0x0000000000002054                . = ALIGN (0x4)
                0x0000000000002054                __bss_end = ABSOLUTE (.)

.RAM            0x0000000000002054        0x0
                [!provide]                        PROVIDE (_alt_partition_RAM_start, ABSOLUTE (.))
 *(.RAM .RAM. RAM.*)
                0x0000000000002054                . = ALIGN (0x4)
                [!provide]                        PROVIDE (_alt_partition_RAM_end, ABSOLUTE (.))
                0x0000000000002054                _end = ABSOLUTE (.)
                0x0000000000002054                end = ABSOLUTE (.)
                0x0000000000002054                __alt_stack_base = ABSOLUTE (.)
                [!provide]                        PROVIDE (_alt_partition_RAM_load_addr, LOADADDR (.RAM))

.SHARED_MEMORY  0x0000000000040000        0x0 load address 0x0000000000002054
                [!provide]                        PROVIDE (_alt_partition_SHARED_MEMORY_start, ABSOLUTE (.))
 *(.SHARED_MEMORY .SHARED_MEMORY. SHARED_MEMORY.*)
                0x0000000000040000                . = ALIGN (0x4)
                [!provide]                        PROVIDE (_alt_partition_SHARED_MEMORY_end, ABSOLUTE (.))
                [!provide]                        PROVIDE (_alt_partition_SHARED_MEMORY_load_addr, LOADADDR (.SHARED_MEMORY))

.stab
 *(.stab)

.stabstr
 *(.stabstr)

.stab.excl
 *(.stab.excl)

.stab.exclstr
 *(.stab.exclstr)

.stab.index
 *(.stab.index)

.stab.indexstr
 *(.stab.indexstr)

.comment        0x0000000000000000       0x23
 *(.comment)
 .comment       0x0000000000000000       0x23 obj/default/hello_world_small.o
                                         0x24 (size before relaxing)
 .comment       0x0000000000000023       0x24 c:/intelfpga_lite/18.1/nios2eds/bin/gnu/h-x86_64-mingw32/bin/../lib/gcc/nios2-elf/5.3.0/mno-hw-mul\libgcc.a(lib2-divmod.o)
 .comment       0x0000000000000023       0x24 c:/intelfpga_lite/18.1/nios2eds/bin/gnu/h-x86_64-mingw32/bin/../lib/gcc/nios2-elf/5.3.0/mno-hw-mul\libgcc.a(lib2-mul.o)
 .comment       0x0000000000000023       0x24 ../soc_audio_system_ec_bsp/\libhal_bsp.a(alt_irq_register.o)
 .comment       0x0000000000000023       0x24 ../soc_audio_system_ec_bsp/\libhal_bsp.a(alt_irq_vars.o)
 .comment       0x0000000000000023       0x24 ../soc_audio_system_ec_bsp/\libhal_bsp.a(alt_load.o)
 .comment       0x0000000000000023       0x24 ../soc_audio_system_ec_bsp/\libhal_bsp.a(alt_main.o)
 .comment       0x0000000000000023       0x24 ../soc_audio_system_ec_bsp/\libhal_bsp.a(alt_printf.o)
 .comment       0x0000000000000023       0x24 ../soc_audio_system_ec_bsp/\libhal_bsp.a(alt_putchar.o)
 .comment       0x0000000000000023       0x24 ../soc_audio_system_ec_bsp/\libhal_bsp.a(alt_putstr.o)
 .comment       0x0000000000000023       0x24 ../soc_audio_system_ec_bsp/\libhal_bsp.a(alt_sys_init.o)
 .comment       0x0000000000000023       0x24 ../soc_audio_system_ec_bsp/\libhal_bsp.a(altera_avalon_jtag_uart_write.o)
 .comment       0x0000000000000023       0x24 ../soc_audio_system_ec_bsp/\libhal_bsp.a(altera_up_avalon_audio.o)
 .comment       0x0000000000000023       0x24 ../soc_audio_system_ec_bsp/\libhal_bsp.a(alt_dcache_flush_all.o)
 .comment       0x0000000000000023       0x24 ../soc_audio_system_ec_bsp/\libhal_bsp.a(alt_dev.o)
 .comment       0x0000000000000023       0x24 ../soc_audio_system_ec_bsp/\libhal_bsp.a(alt_dev_llist_insert.o)
 .comment       0x0000000000000023       0x24 ../soc_audio_system_ec_bsp/\libhal_bsp.a(alt_errno.o)
 .comment       0x0000000000000023       0x24 ../soc_audio_system_ec_bsp/\libhal_bsp.a(alt_find_dev.o)
 .comment       0x0000000000000023       0x24 ../soc_audio_system_ec_bsp/\libhal_bsp.a(alt_icache_flush_all.o)
 .comment       0x0000000000000023       0x24 ../soc_audio_system_ec_bsp/\libhal_bsp.a(alt_irq_handler.o)
 .comment       0x0000000000000023       0x24 ../soc_audio_system_ec_bsp/\libhal_bsp.a(altera_nios2_gen2_irq.o)
 .comment       0x0000000000000023       0x24 ../soc_audio_system_ec_bsp/\libhal_bsp.a(alt_instruction_exception_entry.o)
 .comment       0x0000000000000023       0x24 c:/intelfpga_lite/18.1/nios2eds/bin/gnu/h-x86_64-mingw32/bin/../lib/gcc/nios2-elf/5.3.0/../../../../../H-x86_64-mingw32/nios2-elf/lib/mno-hw-mul\libsmallc.a(lib_a-int_errno.o)
 .comment       0x0000000000000023       0x24 c:/intelfpga_lite/18.1/nios2eds/bin/gnu/h-x86_64-mingw32/bin/../lib/gcc/nios2-elf/5.3.0/../../../../../H-x86_64-mingw32/nios2-elf/lib/mno-hw-mul\libsmallc.a(lib_a-memcmp.o)
 .comment       0x0000000000000023       0x24 c:/intelfpga_lite/18.1/nios2eds/bin/gnu/h-x86_64-mingw32/bin/../lib/gcc/nios2-elf/5.3.0/../../../../../H-x86_64-mingw32/nios2-elf/lib/mno-hw-mul\libsmallc.a(lib_a-strlen.o)

.debug
 *(.debug)

.line
 *(.line)

.debug_srcinfo
 *(.debug_srcinfo)

.debug_sfnames
 *(.debug_sfnames)

.debug_aranges  0x0000000000000000      0x3a8
 *(.debug_aranges)
 .debug_aranges
                0x0000000000000000       0x28 ../soc_audio_system_ec_bsp//obj/HAL/src/crt0.o
 .debug_aranges
                0x0000000000000028       0x28 obj/default/hello_world_small.o
 .debug_aranges
                0x0000000000000050       0x20 c:/intelfpga_lite/18.1/nios2eds/bin/gnu/h-x86_64-mingw32/bin/../lib/gcc/nios2-elf/5.3.0/mno-hw-mul\libgcc.a(lib2-divmod.o)
 .debug_aranges
                0x0000000000000070       0x20 c:/intelfpga_lite/18.1/nios2eds/bin/gnu/h-x86_64-mingw32/bin/../lib/gcc/nios2-elf/5.3.0/mno-hw-mul\libgcc.a(lib2-mul.o)
 .debug_aranges
                0x0000000000000090       0x20 ../soc_audio_system_ec_bsp/\libhal_bsp.a(alt_irq_register.o)
 .debug_aranges
                0x00000000000000b0       0x18 ../soc_audio_system_ec_bsp/\libhal_bsp.a(alt_irq_vars.o)
 .debug_aranges
                0x00000000000000c8       0x20 ../soc_audio_system_ec_bsp/\libhal_bsp.a(alt_load.o)
 .debug_aranges
                0x00000000000000e8       0x20 ../soc_audio_system_ec_bsp/\libhal_bsp.a(alt_main.o)
 .debug_aranges
                0x0000000000000108       0x20 ../soc_audio_system_ec_bsp/\libhal_bsp.a(alt_printf.o)
 .debug_aranges
                0x0000000000000128       0x20 ../soc_audio_system_ec_bsp/\libhal_bsp.a(alt_putchar.o)
 .debug_aranges
                0x0000000000000148       0x20 ../soc_audio_system_ec_bsp/\libhal_bsp.a(alt_putstr.o)
 .debug_aranges
                0x0000000000000168       0x20 ../soc_audio_system_ec_bsp/\libhal_bsp.a(alt_sys_init.o)
 .debug_aranges
                0x0000000000000188       0x20 ../soc_audio_system_ec_bsp/\libhal_bsp.a(altera_avalon_jtag_uart_write.o)
 .debug_aranges
                0x00000000000001a8       0x20 ../soc_audio_system_ec_bsp/\libhal_bsp.a(altera_up_avalon_audio.o)
 .debug_aranges
                0x00000000000001c8       0x20 ../soc_audio_system_ec_bsp/\libhal_bsp.a(alt_dcache_flush_all.o)
 .debug_aranges
                0x00000000000001e8       0x20 ../soc_audio_system_ec_bsp/\libhal_bsp.a(alt_dev.o)
 .debug_aranges
                0x0000000000000208       0x20 ../soc_audio_system_ec_bsp/\libhal_bsp.a(alt_dev_llist_insert.o)
 .debug_aranges
                0x0000000000000228       0x18 ../soc_audio_system_ec_bsp/\libhal_bsp.a(alt_errno.o)
 .debug_aranges
                0x0000000000000240       0x20 ../soc_audio_system_ec_bsp/\libhal_bsp.a(alt_find_dev.o)
 .debug_aranges
                0x0000000000000260       0x20 ../soc_audio_system_ec_bsp/\libhal_bsp.a(alt_icache_flush_all.o)
 .debug_aranges
                0x0000000000000280       0x30 ../soc_audio_system_ec_bsp/\libhal_bsp.a(alt_irq_entry.o)
 .debug_aranges
                0x00000000000002b0       0x20 ../soc_audio_system_ec_bsp/\libhal_bsp.a(alt_irq_handler.o)
 .debug_aranges
                0x00000000000002d0       0x20 ../soc_audio_system_ec_bsp/\libhal_bsp.a(altera_nios2_gen2_irq.o)
 .debug_aranges
                0x00000000000002f0       0x38 ../soc_audio_system_ec_bsp/\libhal_bsp.a(alt_exception_entry.o)
 .debug_aranges
                0x0000000000000328       0x28 ../soc_audio_system_ec_bsp/\libhal_bsp.a(alt_instruction_exception_entry.o)
 .debug_aranges
                0x0000000000000350       0x18 c:/intelfpga_lite/18.1/nios2eds/bin/gnu/h-x86_64-mingw32/bin/../lib/gcc/nios2-elf/5.3.0/../../../../../H-x86_64-mingw32/nios2-elf/lib/mno-hw-mul\libsmallc.a(lib_a-int_errno.o)
 .debug_aranges
                0x0000000000000368       0x20 c:/intelfpga_lite/18.1/nios2eds/bin/gnu/h-x86_64-mingw32/bin/../lib/gcc/nios2-elf/5.3.0/../../../../../H-x86_64-mingw32/nios2-elf/lib/mno-hw-mul\libsmallc.a(lib_a-memcmp.o)
 .debug_aranges
                0x0000000000000388       0x20 c:/intelfpga_lite/18.1/nios2eds/bin/gnu/h-x86_64-mingw32/bin/../lib/gcc/nios2-elf/5.3.0/../../../../../H-x86_64-mingw32/nios2-elf/lib/mno-hw-mul\libsmallc.a(lib_a-strlen.o)

.debug_pubnames
 *(.debug_pubnames)

.debug_info     0x0000000000000000     0x3dfc
 *(.debug_info .gnu.linkonce.wi.*)
 .debug_info    0x0000000000000000       0x77 ../soc_audio_system_ec_bsp//obj/HAL/src/crt0.o
 .debug_info    0x0000000000000077      0xc95 obj/default/hello_world_small.o
 .debug_info    0x0000000000000d0c      0x2c6 c:/intelfpga_lite/18.1/nios2eds/bin/gnu/h-x86_64-mingw32/bin/../lib/gcc/nios2-elf/5.3.0/mno-hw-mul\libgcc.a(lib2-divmod.o)
 .debug_info    0x0000000000000fd2       0xb4 c:/intelfpga_lite/18.1/nios2eds/bin/gnu/h-x86_64-mingw32/bin/../lib/gcc/nios2-elf/5.3.0/mno-hw-mul\libgcc.a(lib2-mul.o)
 .debug_info    0x0000000000001086      0x30d ../soc_audio_system_ec_bsp/\libhal_bsp.a(alt_irq_register.o)
 .debug_info    0x0000000000001393       0x88 ../soc_audio_system_ec_bsp/\libhal_bsp.a(alt_irq_vars.o)
 .debug_info    0x000000000000141b      0x1c9 ../soc_audio_system_ec_bsp/\libhal_bsp.a(alt_load.o)
 .debug_info    0x00000000000015e4      0x18f ../soc_audio_system_ec_bsp/\libhal_bsp.a(alt_main.o)
 .debug_info    0x0000000000001773      0x14d ../soc_audio_system_ec_bsp/\libhal_bsp.a(alt_printf.o)
 .debug_info    0x00000000000018c0      0x12a ../soc_audio_system_ec_bsp/\libhal_bsp.a(alt_putchar.o)
 .debug_info    0x00000000000019ea      0x13a ../soc_audio_system_ec_bsp/\libhal_bsp.a(alt_putstr.o)
 .debug_info    0x0000000000001b24      0x53b ../soc_audio_system_ec_bsp/\libhal_bsp.a(alt_sys_init.o)
 .debug_info    0x000000000000205f      0x1ad ../soc_audio_system_ec_bsp/\libhal_bsp.a(altera_avalon_jtag_uart_write.o)
 .debug_info    0x000000000000220c      0x907 ../soc_audio_system_ec_bsp/\libhal_bsp.a(altera_up_avalon_audio.o)
 .debug_info    0x0000000000002b13       0x92 ../soc_audio_system_ec_bsp/\libhal_bsp.a(alt_dcache_flush_all.o)
 .debug_info    0x0000000000002ba5      0x499 ../soc_audio_system_ec_bsp/\libhal_bsp.a(alt_dev.o)
 .debug_info    0x000000000000303e      0x1b3 ../soc_audio_system_ec_bsp/\libhal_bsp.a(alt_dev_llist_insert.o)
 .debug_info    0x00000000000031f1       0xa6 ../soc_audio_system_ec_bsp/\libhal_bsp.a(alt_errno.o)
 .debug_info    0x0000000000003297      0x32d ../soc_audio_system_ec_bsp/\libhal_bsp.a(alt_find_dev.o)
 .debug_info    0x00000000000035c4       0x92 ../soc_audio_system_ec_bsp/\libhal_bsp.a(alt_icache_flush_all.o)
 .debug_info    0x0000000000003656       0x80 ../soc_audio_system_ec_bsp/\libhal_bsp.a(alt_irq_entry.o)
 .debug_info    0x00000000000036d6      0x1a4 ../soc_audio_system_ec_bsp/\libhal_bsp.a(alt_irq_handler.o)
 .debug_info    0x000000000000387a       0xb8 ../soc_audio_system_ec_bsp/\libhal_bsp.a(altera_nios2_gen2_irq.o)
 .debug_info    0x0000000000003932       0x86 ../soc_audio_system_ec_bsp/\libhal_bsp.a(alt_exception_entry.o)
 .debug_info    0x00000000000039b8      0x1fd ../soc_audio_system_ec_bsp/\libhal_bsp.a(alt_instruction_exception_entry.o)
 .debug_info    0x0000000000003bb5       0x8a c:/intelfpga_lite/18.1/nios2eds/bin/gnu/h-x86_64-mingw32/bin/../lib/gcc/nios2-elf/5.3.0/../../../../../H-x86_64-mingw32/nios2-elf/lib/mno-hw-mul\libsmallc.a(lib_a-int_errno.o)
 .debug_info    0x0000000000003c3f       0xf4 c:/intelfpga_lite/18.1/nios2eds/bin/gnu/h-x86_64-mingw32/bin/../lib/gcc/nios2-elf/5.3.0/../../../../../H-x86_64-mingw32/nios2-elf/lib/mno-hw-mul\libsmallc.a(lib_a-memcmp.o)
 .debug_info    0x0000000000003d33       0xc9 c:/intelfpga_lite/18.1/nios2eds/bin/gnu/h-x86_64-mingw32/bin/../lib/gcc/nios2-elf/5.3.0/../../../../../H-x86_64-mingw32/nios2-elf/lib/mno-hw-mul\libsmallc.a(lib_a-strlen.o)

.debug_abbrev   0x0000000000000000     0x175e
 *(.debug_abbrev)
 .debug_abbrev  0x0000000000000000       0x12 ../soc_audio_system_ec_bsp//obj/HAL/src/crt0.o
 .debug_abbrev  0x0000000000000012      0x302 obj/default/hello_world_small.o
 .debug_abbrev  0x0000000000000314      0x10e c:/intelfpga_lite/18.1/nios2eds/bin/gnu/h-x86_64-mingw32/bin/../lib/gcc/nios2-elf/5.3.0/mno-hw-mul\libgcc.a(lib2-divmod.o)
 .debug_abbrev  0x0000000000000422       0x6f c:/intelfpga_lite/18.1/nios2eds/bin/gnu/h-x86_64-mingw32/bin/../lib/gcc/nios2-elf/5.3.0/mno-hw-mul\libgcc.a(lib2-mul.o)
 .debug_abbrev  0x0000000000000491      0x1a5 ../soc_audio_system_ec_bsp/\libhal_bsp.a(alt_irq_register.o)
 .debug_abbrev  0x0000000000000636       0x40 ../soc_audio_system_ec_bsp/\libhal_bsp.a(alt_irq_vars.o)
 .debug_abbrev  0x0000000000000676       0xd8 ../soc_audio_system_ec_bsp/\libhal_bsp.a(alt_load.o)
 .debug_abbrev  0x000000000000074e       0xf5 ../soc_audio_system_ec_bsp/\libhal_bsp.a(alt_main.o)
 .debug_abbrev  0x0000000000000843       0xd5 ../soc_audio_system_ec_bsp/\libhal_bsp.a(alt_printf.o)
 .debug_abbrev  0x0000000000000918       0xd2 ../soc_audio_system_ec_bsp/\libhal_bsp.a(alt_putchar.o)
 .debug_abbrev  0x00000000000009ea       0xd3 ../soc_audio_system_ec_bsp/\libhal_bsp.a(alt_putstr.o)
 .debug_abbrev  0x0000000000000abd      0x1e2 ../soc_audio_system_ec_bsp/\libhal_bsp.a(alt_sys_init.o)
 .debug_abbrev  0x0000000000000c9f       0xd5 ../soc_audio_system_ec_bsp/\libhal_bsp.a(altera_avalon_jtag_uart_write.o)
 .debug_abbrev  0x0000000000000d74      0x213 ../soc_audio_system_ec_bsp/\libhal_bsp.a(altera_up_avalon_audio.o)
 .debug_abbrev  0x0000000000000f87       0x42 ../soc_audio_system_ec_bsp/\libhal_bsp.a(alt_dcache_flush_all.o)
 .debug_abbrev  0x0000000000000fc9       0xd9 ../soc_audio_system_ec_bsp/\libhal_bsp.a(alt_dev.o)
 .debug_abbrev  0x00000000000010a2      0x11c ../soc_audio_system_ec_bsp/\libhal_bsp.a(alt_dev_llist_insert.o)
 .debug_abbrev  0x00000000000011be       0x5a ../soc_audio_system_ec_bsp/\libhal_bsp.a(alt_errno.o)
 .debug_abbrev  0x0000000000001218      0x125 ../soc_audio_system_ec_bsp/\libhal_bsp.a(alt_find_dev.o)
 .debug_abbrev  0x000000000000133d       0x42 ../soc_audio_system_ec_bsp/\libhal_bsp.a(alt_icache_flush_all.o)
 .debug_abbrev  0x000000000000137f       0x12 ../soc_audio_system_ec_bsp/\libhal_bsp.a(alt_irq_entry.o)
 .debug_abbrev  0x0000000000001391      0x138 ../soc_audio_system_ec_bsp/\libhal_bsp.a(alt_irq_handler.o)
 .debug_abbrev  0x00000000000014c9       0x67 ../soc_audio_system_ec_bsp/\libhal_bsp.a(altera_nios2_gen2_irq.o)
 .debug_abbrev  0x0000000000001530       0x12 ../soc_audio_system_ec_bsp/\libhal_bsp.a(alt_exception_entry.o)
 .debug_abbrev  0x0000000000001542       0xe7 ../soc_audio_system_ec_bsp/\libhal_bsp.a(alt_instruction_exception_entry.o)
 .debug_abbrev  0x0000000000001629       0x37 c:/intelfpga_lite/18.1/nios2eds/bin/gnu/h-x86_64-mingw32/bin/../lib/gcc/nios2-elf/5.3.0/../../../../../H-x86_64-mingw32/nios2-elf/lib/mno-hw-mul\libsmallc.a(lib_a-int_errno.o)
 .debug_abbrev  0x0000000000001660       0x7f c:/intelfpga_lite/18.1/nios2eds/bin/gnu/h-x86_64-mingw32/bin/../lib/gcc/nios2-elf/5.3.0/../../../../../H-x86_64-mingw32/nios2-elf/lib/mno-hw-mul\libsmallc.a(lib_a-memcmp.o)
 .debug_abbrev  0x00000000000016df       0x7f c:/intelfpga_lite/18.1/nios2eds/bin/gnu/h-x86_64-mingw32/bin/../lib/gcc/nios2-elf/5.3.0/../../../../../H-x86_64-mingw32/nios2-elf/lib/mno-hw-mul\libsmallc.a(lib_a-strlen.o)

.debug_line     0x0000000000000000     0x18e4
 *(.debug_line)
 .debug_line    0x0000000000000000       0x66 ../soc_audio_system_ec_bsp//obj/HAL/src/crt0.o
 .debug_line    0x0000000000000066      0x3bc obj/default/hello_world_small.o
 .debug_line    0x0000000000000422      0x105 c:/intelfpga_lite/18.1/nios2eds/bin/gnu/h-x86_64-mingw32/bin/../lib/gcc/nios2-elf/5.3.0/mno-hw-mul\libgcc.a(lib2-divmod.o)
 .debug_line    0x0000000000000527       0x80 c:/intelfpga_lite/18.1/nios2eds/bin/gnu/h-x86_64-mingw32/bin/../lib/gcc/nios2-elf/5.3.0/mno-hw-mul\libgcc.a(lib2-mul.o)
 .debug_line    0x00000000000005a7       0xed ../soc_audio_system_ec_bsp/\libhal_bsp.a(alt_irq_register.o)
 .debug_line    0x0000000000000694       0x50 ../soc_audio_system_ec_bsp/\libhal_bsp.a(alt_irq_vars.o)
 .debug_line    0x00000000000006e4       0xa4 ../soc_audio_system_ec_bsp/\libhal_bsp.a(alt_load.o)
 .debug_line    0x0000000000000788       0xea ../soc_audio_system_ec_bsp/\libhal_bsp.a(alt_main.o)
 .debug_line    0x0000000000000872      0x112 ../soc_audio_system_ec_bsp/\libhal_bsp.a(alt_printf.o)
 .debug_line    0x0000000000000984       0x55 ../soc_audio_system_ec_bsp/\libhal_bsp.a(alt_putchar.o)
 .debug_line    0x00000000000009d9       0xa0 ../soc_audio_system_ec_bsp/\libhal_bsp.a(alt_putstr.o)
 .debug_line    0x0000000000000a79      0x1a1 ../soc_audio_system_ec_bsp/\libhal_bsp.a(alt_sys_init.o)
 .debug_line    0x0000000000000c1a      0x104 ../soc_audio_system_ec_bsp/\libhal_bsp.a(altera_avalon_jtag_uart_write.o)
 .debug_line    0x0000000000000d1e      0x1b8 ../soc_audio_system_ec_bsp/\libhal_bsp.a(altera_up_avalon_audio.o)
 .debug_line    0x0000000000000ed6       0x4e ../soc_audio_system_ec_bsp/\libhal_bsp.a(alt_dcache_flush_all.o)
 .debug_line    0x0000000000000f24       0xf6 ../soc_audio_system_ec_bsp/\libhal_bsp.a(alt_dev.o)
 .debug_line    0x000000000000101a       0xd8 ../soc_audio_system_ec_bsp/\libhal_bsp.a(alt_dev_llist_insert.o)
 .debug_line    0x00000000000010f2       0x51 ../soc_audio_system_ec_bsp/\libhal_bsp.a(alt_errno.o)
 .debug_line    0x0000000000001143      0x107 ../soc_audio_system_ec_bsp/\libhal_bsp.a(alt_find_dev.o)
 .debug_line    0x000000000000124a       0x4e ../soc_audio_system_ec_bsp/\libhal_bsp.a(alt_icache_flush_all.o)
 .debug_line    0x0000000000001298       0x6b ../soc_audio_system_ec_bsp/\libhal_bsp.a(alt_irq_entry.o)
 .debug_line    0x0000000000001303       0xc8 ../soc_audio_system_ec_bsp/\libhal_bsp.a(alt_irq_handler.o)
 .debug_line    0x00000000000013cb       0x8c ../soc_audio_system_ec_bsp/\libhal_bsp.a(altera_nios2_gen2_irq.o)
 .debug_line    0x0000000000001457       0xb3 ../soc_audio_system_ec_bsp/\libhal_bsp.a(alt_exception_entry.o)
 .debug_line    0x000000000000150a       0xbf ../soc_audio_system_ec_bsp/\libhal_bsp.a(alt_instruction_exception_entry.o)
 .debug_line    0x00000000000015c9       0x5f c:/intelfpga_lite/18.1/nios2eds/bin/gnu/h-x86_64-mingw32/bin/../lib/gcc/nios2-elf/5.3.0/../../../../../H-x86_64-mingw32/nios2-elf/lib/mno-hw-mul\libsmallc.a(lib_a-int_errno.o)
 .debug_line    0x0000000000001628      0x160 c:/intelfpga_lite/18.1/nios2eds/bin/gnu/h-x86_64-mingw32/bin/../lib/gcc/nios2-elf/5.3.0/../../../../../H-x86_64-mingw32/nios2-elf/lib/mno-hw-mul\libsmallc.a(lib_a-memcmp.o)
 .debug_line    0x0000000000001788      0x15c c:/intelfpga_lite/18.1/nios2eds/bin/gnu/h-x86_64-mingw32/bin/../lib/gcc/nios2-elf/5.3.0/../../../../../H-x86_64-mingw32/nios2-elf/lib/mno-hw-mul\libsmallc.a(lib_a-strlen.o)

.debug_frame    0x0000000000000000      0x63c
 *(.debug_frame)
 .debug_frame   0x0000000000000000      0x134 obj/default/hello_world_small.o
 .debug_frame   0x0000000000000134       0x50 c:/intelfpga_lite/18.1/nios2eds/bin/gnu/h-x86_64-mingw32/bin/../lib/gcc/nios2-elf/5.3.0/mno-hw-mul\libgcc.a(lib2-divmod.o)
 .debug_frame   0x0000000000000184       0x20 c:/intelfpga_lite/18.1/nios2eds/bin/gnu/h-x86_64-mingw32/bin/../lib/gcc/nios2-elf/5.3.0/mno-hw-mul\libgcc.a(lib2-mul.o)
 .debug_frame   0x00000000000001a4       0x20 ../soc_audio_system_ec_bsp/\libhal_bsp.a(alt_irq_register.o)
 .debug_frame   0x00000000000001c4       0x30 ../soc_audio_system_ec_bsp/\libhal_bsp.a(alt_load.o)
 .debug_frame   0x00000000000001f4       0x2c ../soc_audio_system_ec_bsp/\libhal_bsp.a(alt_main.o)
 .debug_frame   0x0000000000000220       0x54 ../soc_audio_system_ec_bsp/\libhal_bsp.a(alt_printf.o)
 .debug_frame   0x0000000000000274       0x30 ../soc_audio_system_ec_bsp/\libhal_bsp.a(alt_putchar.o)
 .debug_frame   0x00000000000002a4       0x30 ../soc_audio_system_ec_bsp/\libhal_bsp.a(alt_putstr.o)
 .debug_frame   0x00000000000002d4       0x4c ../soc_audio_system_ec_bsp/\libhal_bsp.a(alt_sys_init.o)
 .debug_frame   0x0000000000000320       0x20 ../soc_audio_system_ec_bsp/\libhal_bsp.a(altera_avalon_jtag_uart_write.o)
 .debug_frame   0x0000000000000340      0x170 ../soc_audio_system_ec_bsp/\libhal_bsp.a(altera_up_avalon_audio.o)
 .debug_frame   0x00000000000004b0       0x20 ../soc_audio_system_ec_bsp/\libhal_bsp.a(alt_dcache_flush_all.o)
 .debug_frame   0x00000000000004d0       0x20 ../soc_audio_system_ec_bsp/\libhal_bsp.a(alt_dev.o)
 .debug_frame   0x00000000000004f0       0x2c ../soc_audio_system_ec_bsp/\libhal_bsp.a(alt_dev_llist_insert.o)
 .debug_frame   0x000000000000051c       0x3c ../soc_audio_system_ec_bsp/\libhal_bsp.a(alt_find_dev.o)
 .debug_frame   0x0000000000000558       0x20 ../soc_audio_system_ec_bsp/\libhal_bsp.a(alt_icache_flush_all.o)
 .debug_frame   0x0000000000000578       0x34 ../soc_audio_system_ec_bsp/\libhal_bsp.a(alt_irq_handler.o)
 .debug_frame   0x00000000000005ac       0x20 ../soc_audio_system_ec_bsp/\libhal_bsp.a(altera_nios2_gen2_irq.o)
 .debug_frame   0x00000000000005cc       0x30 ../soc_audio_system_ec_bsp/\libhal_bsp.a(alt_instruction_exception_entry.o)
 .debug_frame   0x00000000000005fc       0x20 c:/intelfpga_lite/18.1/nios2eds/bin/gnu/h-x86_64-mingw32/bin/../lib/gcc/nios2-elf/5.3.0/../../../../../H-x86_64-mingw32/nios2-elf/lib/mno-hw-mul\libsmallc.a(lib_a-memcmp.o)
 .debug_frame   0x000000000000061c       0x20 c:/intelfpga_lite/18.1/nios2eds/bin/gnu/h-x86_64-mingw32/bin/../lib/gcc/nios2-elf/5.3.0/../../../../../H-x86_64-mingw32/nios2-elf/lib/mno-hw-mul\libsmallc.a(lib_a-strlen.o)

.debug_str      0x0000000000000000     0x17e2
 *(.debug_str)
 .debug_str     0x0000000000000000      0x5d4 obj/default/hello_world_small.o
                                        0x686 (size before relaxing)
 .debug_str     0x00000000000005d4      0x187 c:/intelfpga_lite/18.1/nios2eds/bin/gnu/h-x86_64-mingw32/bin/../lib/gcc/nios2-elf/5.3.0/mno-hw-mul\libgcc.a(lib2-divmod.o)
                                        0x1d2 (size before relaxing)
 .debug_str     0x000000000000075b       0x40 c:/intelfpga_lite/18.1/nios2eds/bin/gnu/h-x86_64-mingw32/bin/../lib/gcc/nios2-elf/5.3.0/mno-hw-mul\libgcc.a(lib2-mul.o)
                                        0x193 (size before relaxing)
 .debug_str     0x000000000000079b       0xd9 ../soc_audio_system_ec_bsp/\libhal_bsp.a(alt_irq_register.o)
                                        0x211 (size before relaxing)
 .debug_str     0x0000000000000874       0x17 ../soc_audio_system_ec_bsp/\libhal_bsp.a(alt_irq_vars.o)
                                        0x143 (size before relaxing)
 .debug_str     0x000000000000088b      0x113 ../soc_audio_system_ec_bsp/\libhal_bsp.a(alt_load.o)
                                        0x245 (size before relaxing)
 .debug_str     0x000000000000099e       0x5e ../soc_audio_system_ec_bsp/\libhal_bsp.a(alt_main.o)
                                        0x1e7 (size before relaxing)
 .debug_str     0x00000000000009fc       0x59 ../soc_audio_system_ec_bsp/\libhal_bsp.a(alt_printf.o)
                                        0x10f (size before relaxing)
 .debug_str     0x0000000000000a55       0x5e ../soc_audio_system_ec_bsp/\libhal_bsp.a(alt_putchar.o)
                                        0x194 (size before relaxing)
 .debug_str     0x0000000000000ab3       0x1c ../soc_audio_system_ec_bsp/\libhal_bsp.a(alt_putstr.o)
                                        0x199 (size before relaxing)
 .debug_str     0x0000000000000acf      0x1c0 ../soc_audio_system_ec_bsp/\libhal_bsp.a(alt_sys_init.o)
                                        0x41a (size before relaxing)
 .debug_str     0x0000000000000c8f       0x32 ../soc_audio_system_ec_bsp/\libhal_bsp.a(altera_avalon_jtag_uart_write.o)
                                        0x23f (size before relaxing)
 .debug_str     0x0000000000000cc1      0x20e ../soc_audio_system_ec_bsp/\libhal_bsp.a(altera_up_avalon_audio.o)
                                        0x453 (size before relaxing)
 .debug_str     0x0000000000000ecf       0x1f ../soc_audio_system_ec_bsp/\libhal_bsp.a(alt_dcache_flush_all.o)
                                        0x15e (size before relaxing)
 .debug_str     0x0000000000000eee      0x12c ../soc_audio_system_ec_bsp/\libhal_bsp.a(alt_dev.o)
                                        0x30e (size before relaxing)
 .debug_str     0x000000000000101a       0x48 ../soc_audio_system_ec_bsp/\libhal_bsp.a(alt_dev_llist_insert.o)
                                        0x1d5 (size before relaxing)
 .debug_str     0x0000000000001062       0x14 ../soc_audio_system_ec_bsp/\libhal_bsp.a(alt_errno.o)
                                        0x14e (size before relaxing)
 .debug_str     0x0000000000001076       0x1e ../soc_audio_system_ec_bsp/\libhal_bsp.a(alt_find_dev.o)
                                        0x203 (size before relaxing)
 .debug_str     0x0000000000001094       0x1f ../soc_audio_system_ec_bsp/\libhal_bsp.a(alt_icache_flush_all.o)
                                        0x15e (size before relaxing)
 .debug_str     0x00000000000010b3       0x3a ../soc_audio_system_ec_bsp/\libhal_bsp.a(alt_irq_handler.o)
                                        0x1c1 (size before relaxing)
 .debug_str     0x00000000000010ed       0x20 ../soc_audio_system_ec_bsp/\libhal_bsp.a(altera_nios2_gen2_irq.o)
                                        0x18e (size before relaxing)
 .debug_str     0x000000000000110d      0x48b ../soc_audio_system_ec_bsp/\libhal_bsp.a(alt_instruction_exception_entry.o)
                                        0x5a9 (size before relaxing)
 .debug_str     0x0000000000001598      0x134 c:/intelfpga_lite/18.1/nios2eds/bin/gnu/h-x86_64-mingw32/bin/../lib/gcc/nios2-elf/5.3.0/../../../../../H-x86_64-mingw32/nios2-elf/lib/mno-hw-mul\libsmallc.a(lib_a-int_errno.o)
                                        0x1d8 (size before relaxing)
 .debug_str     0x00000000000016cc       0xd9 c:/intelfpga_lite/18.1/nios2eds/bin/gnu/h-x86_64-mingw32/bin/../lib/gcc/nios2-elf/5.3.0/../../../../../H-x86_64-mingw32/nios2-elf/lib/mno-hw-mul\libsmallc.a(lib_a-memcmp.o)
                                        0x1df (size before relaxing)
 .debug_str     0x00000000000017a5       0x3d c:/intelfpga_lite/18.1/nios2eds/bin/gnu/h-x86_64-mingw32/bin/../lib/gcc/nios2-elf/5.3.0/../../../../../H-x86_64-mingw32/nios2-elf/lib/mno-hw-mul\libsmallc.a(lib_a-strlen.o)
                                        0x1e5 (size before relaxing)

.debug_loc      0x0000000000000000     0x14a6
 *(.debug_loc)
 .debug_loc     0x0000000000000000      0x2d1 obj/default/hello_world_small.o
 .debug_loc     0x00000000000002d1      0x4ce c:/intelfpga_lite/18.1/nios2eds/bin/gnu/h-x86_64-mingw32/bin/../lib/gcc/nios2-elf/5.3.0/mno-hw-mul\libgcc.a(lib2-divmod.o)
 .debug_loc     0x000000000000079f       0x93 c:/intelfpga_lite/18.1/nios2eds/bin/gnu/h-x86_64-mingw32/bin/../lib/gcc/nios2-elf/5.3.0/mno-hw-mul\libgcc.a(lib2-mul.o)
 .debug_loc     0x0000000000000832       0xfa ../soc_audio_system_ec_bsp/\libhal_bsp.a(alt_irq_register.o)
 .debug_loc     0x000000000000092c      0x1de ../soc_audio_system_ec_bsp/\libhal_bsp.a(alt_printf.o)
 .debug_loc     0x0000000000000b0a       0x2c ../soc_audio_system_ec_bsp/\libhal_bsp.a(alt_putchar.o)
 .debug_loc     0x0000000000000b36       0x37 ../soc_audio_system_ec_bsp/\libhal_bsp.a(alt_putstr.o)
 .debug_loc     0x0000000000000b6d       0x39 ../soc_audio_system_ec_bsp/\libhal_bsp.a(alt_sys_init.o)
 .debug_loc     0x0000000000000ba6       0x8b ../soc_audio_system_ec_bsp/\libhal_bsp.a(altera_avalon_jtag_uart_write.o)
 .debug_loc     0x0000000000000c31      0x5f0 ../soc_audio_system_ec_bsp/\libhal_bsp.a(altera_up_avalon_audio.o)
 .debug_loc     0x0000000000001221       0x7e ../soc_audio_system_ec_bsp/\libhal_bsp.a(alt_dev_llist_insert.o)
 .debug_loc     0x000000000000129f       0x7e ../soc_audio_system_ec_bsp/\libhal_bsp.a(alt_find_dev.o)
 .debug_loc     0x000000000000131d       0x72 ../soc_audio_system_ec_bsp/\libhal_bsp.a(alt_irq_handler.o)
 .debug_loc     0x000000000000138f       0x65 ../soc_audio_system_ec_bsp/\libhal_bsp.a(alt_instruction_exception_entry.o)
 .debug_loc     0x00000000000013f4       0x94 c:/intelfpga_lite/18.1/nios2eds/bin/gnu/h-x86_64-mingw32/bin/../lib/gcc/nios2-elf/5.3.0/../../../../../H-x86_64-mingw32/nios2-elf/lib/mno-hw-mul\libsmallc.a(lib_a-memcmp.o)
 .debug_loc     0x0000000000001488       0x1e c:/intelfpga_lite/18.1/nios2eds/bin/gnu/h-x86_64-mingw32/bin/../lib/gcc/nios2-elf/5.3.0/../../../../../H-x86_64-mingw32/nios2-elf/lib/mno-hw-mul\libsmallc.a(lib_a-strlen.o)

.debug_macinfo
 *(.debug_macinfo)

.debug_weaknames
 *(.debug_weaknames)

.debug_funcnames
 *(.debug_funcnames)

.debug_typenames
 *(.debug_typenames)

.debug_varnames
 *(.debug_varnames)

.debug_alt_sim_info
                0x0000000000000000       0x10
 *(.debug_alt_sim_info)
 .debug_alt_sim_info
                0x0000000000000000       0x10 ../soc_audio_system_ec_bsp//obj/HAL/src/crt0.o
                0x0000000000008000                __alt_data_end = 0x8000
                0x0000000000008000                PROVIDE (__alt_stack_pointer, __alt_data_end)
                [!provide]                        PROVIDE (__alt_stack_limit, __alt_stack_base)
                [!provide]                        PROVIDE (__alt_heap_start, end)
                [!provide]                        PROVIDE (__alt_heap_limit, 0x8000)
OUTPUT(soc_audio_system_ec.elf elf32-littlenios2)

.debug_ranges   0x0000000000000000      0x238
 .debug_ranges  0x0000000000000000       0x20 ../soc_audio_system_ec_bsp//obj/HAL/src/crt0.o
 .debug_ranges  0x0000000000000020       0x68 obj/default/hello_world_small.o
 .debug_ranges  0x0000000000000088       0x60 c:/intelfpga_lite/18.1/nios2eds/bin/gnu/h-x86_64-mingw32/bin/../lib/gcc/nios2-elf/5.3.0/mno-hw-mul\libgcc.a(lib2-divmod.o)
 .debug_ranges  0x00000000000000e8       0x48 ../soc_audio_system_ec_bsp/\libhal_bsp.a(alt_load.o)
 .debug_ranges  0x0000000000000130       0x18 ../soc_audio_system_ec_bsp/\libhal_bsp.a(alt_printf.o)
 .debug_ranges  0x0000000000000148       0x30 ../soc_audio_system_ec_bsp/\libhal_bsp.a(alt_sys_init.o)
 .debug_ranges  0x0000000000000178       0x20 ../soc_audio_system_ec_bsp/\libhal_bsp.a(alt_dev_llist_insert.o)
 .debug_ranges  0x0000000000000198       0x28 ../soc_audio_system_ec_bsp/\libhal_bsp.a(alt_irq_entry.o)
 .debug_ranges  0x00000000000001c0       0x10 ../soc_audio_system_ec_bsp/\libhal_bsp.a(alt_irq_handler.o)
 .debug_ranges  0x00000000000001d0       0x30 ../soc_audio_system_ec_bsp/\libhal_bsp.a(alt_exception_entry.o)
 .debug_ranges  0x0000000000000200       0x18 ../soc_audio_system_ec_bsp/\libhal_bsp.a(alt_instruction_exception_entry.o)
 .debug_ranges  0x0000000000000218       0x10 c:/intelfpga_lite/18.1/nios2eds/bin/gnu/h-x86_64-mingw32/bin/../lib/gcc/nios2-elf/5.3.0/../../../../../H-x86_64-mingw32/nios2-elf/lib/mno-hw-mul\libsmallc.a(lib_a-memcmp.o)
 .debug_ranges  0x0000000000000228       0x10 c:/intelfpga_lite/18.1/nios2eds/bin/gnu/h-x86_64-mingw32/bin/../lib/gcc/nios2-elf/5.3.0/../../../../../H-x86_64-mingw32/nios2-elf/lib/mno-hw-mul\libsmallc.a(lib_a-strlen.o)
