Archive member included to satisfy reference by file (symbol)

c:/intelfpga_lite/18.1/nios2eds/bin/gnu/h-x86_64-mingw32/bin/../lib/gcc/nios2-elf/5.3.0/mno-hw-mul\libgcc.a(lib2-divmod.o)
                              obj/default/hello_world_small.o (__modsi3)
../soc_system_ec_bsp/\libhal_bsp.a(alt_load.o)
                              ../soc_system_ec_bsp//obj/HAL/src/crt0.o (alt_load)
../soc_system_ec_bsp/\libhal_bsp.a(alt_main.o)
                              ../soc_system_ec_bsp//obj/HAL/src/crt0.o (alt_main)
../soc_system_ec_bsp/\libhal_bsp.a(alt_printf.o)
                              obj/default/hello_world_small.o (alt_printf)
../soc_system_ec_bsp/\libhal_bsp.a(alt_putchar.o)
                              ../soc_system_ec_bsp/\libhal_bsp.a(alt_printf.o) (alt_putchar)
../soc_system_ec_bsp/\libhal_bsp.a(alt_usleep.o)
                              obj/default/hello_world_small.o (usleep)
../soc_system_ec_bsp/\libhal_bsp.a(alt_sys_init.o)
                              ../soc_system_ec_bsp/\libhal_bsp.a(alt_main.o) (alt_irq_init)
../soc_system_ec_bsp/\libhal_bsp.a(altera_avalon_jtag_uart_init.o)
                              ../soc_system_ec_bsp/\libhal_bsp.a(alt_sys_init.o) (altera_avalon_jtag_uart_init)
../soc_system_ec_bsp/\libhal_bsp.a(altera_avalon_jtag_uart_write.o)
                              ../soc_system_ec_bsp/\libhal_bsp.a(alt_putchar.o) (altera_avalon_jtag_uart_write)
../soc_system_ec_bsp/\libhal_bsp.a(altera_up_avalon_audio.o)
                              obj/default/hello_world_small.o (alt_up_audio_open_dev)
../soc_system_ec_bsp/\libhal_bsp.a(alt_alarm_start.o)
                              ../soc_system_ec_bsp/\libhal_bsp.a(altera_avalon_jtag_uart_init.o) (alt_alarm_start)
../soc_system_ec_bsp/\libhal_bsp.a(alt_busy_sleep.o)
                              ../soc_system_ec_bsp/\libhal_bsp.a(alt_usleep.o) (alt_busy_sleep)
../soc_system_ec_bsp/\libhal_bsp.a(alt_dcache_flush_all.o)
                              ../soc_system_ec_bsp/\libhal_bsp.a(alt_load.o) (alt_dcache_flush_all)
../soc_system_ec_bsp/\libhal_bsp.a(alt_dev.o)
                              ../soc_system_ec_bsp/\libhal_bsp.a(alt_sys_init.o) (alt_dev_list)
../soc_system_ec_bsp/\libhal_bsp.a(alt_dev_llist_insert.o)
                              ../soc_system_ec_bsp/\libhal_bsp.a(alt_sys_init.o) (alt_dev_llist_insert)
../soc_system_ec_bsp/\libhal_bsp.a(alt_errno.o)
                              ../soc_system_ec_bsp/\libhal_bsp.a(alt_dev_llist_insert.o) (alt_errno)
../soc_system_ec_bsp/\libhal_bsp.a(alt_find_dev.o)
                              ../soc_system_ec_bsp/\libhal_bsp.a(altera_up_avalon_audio.o) (alt_find_dev)
../soc_system_ec_bsp/\libhal_bsp.a(alt_icache_flush_all.o)
                              ../soc_system_ec_bsp/\libhal_bsp.a(alt_load.o) (alt_icache_flush_all)
../soc_system_ec_bsp/\libhal_bsp.a(alt_irq_register.o)
                              ../soc_system_ec_bsp/\libhal_bsp.a(altera_avalon_jtag_uart_init.o) (alt_irq_register)
../soc_system_ec_bsp/\libhal_bsp.a(alt_irq_vars.o)
                              ../soc_system_ec_bsp/\libhal_bsp.a(alt_irq_register.o) (alt_irq_active)
../soc_system_ec_bsp/\libhal_bsp.a(alt_tick.o)
                              ../soc_system_ec_bsp/\libhal_bsp.a(alt_alarm_start.o) (_alt_nticks)
../soc_system_ec_bsp/\libhal_bsp.a(altera_nios2_gen2_irq.o)
                              ../soc_system_ec_bsp/\libhal_bsp.a(alt_sys_init.o) (altera_nios2_gen2_irq_init)
../soc_system_ec_bsp/\libhal_bsp.a(alt_irq_entry.o)
                              ../soc_system_ec_bsp/\libhal_bsp.a(alt_irq_register.o) (alt_irq_entry)
../soc_system_ec_bsp/\libhal_bsp.a(alt_irq_handler.o)
                              ../soc_system_ec_bsp/\libhal_bsp.a(alt_irq_register.o) (alt_irq_handler)
../soc_system_ec_bsp/\libhal_bsp.a(alt_exception_entry.o)
                              ../soc_system_ec_bsp/\libhal_bsp.a(alt_irq_entry.o) (alt_exception)
../soc_system_ec_bsp/\libhal_bsp.a(alt_instruction_exception_entry.o)
                              ../soc_system_ec_bsp/\libhal_bsp.a(alt_exception_entry.o) (alt_instruction_exception_entry)
c:/intelfpga_lite/18.1/nios2eds/bin/gnu/h-x86_64-mingw32/bin/../lib/gcc/nios2-elf/5.3.0/../../../../../H-x86_64-mingw32/nios2-elf/lib/mno-hw-mul\libsmallc.a(lib_a-int_errno.o)
                              ../soc_system_ec_bsp/\libhal_bsp.a(alt_dev_llist_insert.o) (errno)
c:/intelfpga_lite/18.1/nios2eds/bin/gnu/h-x86_64-mingw32/bin/../lib/gcc/nios2-elf/5.3.0/../../../../../H-x86_64-mingw32/nios2-elf/lib/mno-hw-mul\libsmallc.a(lib_a-memcmp.o)
                              ../soc_system_ec_bsp/\libhal_bsp.a(alt_find_dev.o) (memcmp)
c:/intelfpga_lite/18.1/nios2eds/bin/gnu/h-x86_64-mingw32/bin/../lib/gcc/nios2-elf/5.3.0/../../../../../H-x86_64-mingw32/nios2-elf/lib/mno-hw-mul\libsmallc.a(lib_a-memcpy.o)
                              ../soc_system_ec_bsp/\libhal_bsp.a(altera_avalon_jtag_uart_write.o) (memcpy)
c:/intelfpga_lite/18.1/nios2eds/bin/gnu/h-x86_64-mingw32/bin/../lib/gcc/nios2-elf/5.3.0/../../../../../H-x86_64-mingw32/nios2-elf/lib/mno-hw-mul\libsmallc.a(lib_a-strlen.o)
                              ../soc_system_ec_bsp/\libhal_bsp.a(alt_find_dev.o) (strlen)
c:/intelfpga_lite/18.1/nios2eds/bin/gnu/h-x86_64-mingw32/bin/../lib/gcc/nios2-elf/5.3.0/mno-hw-mul\libgcc.a(lib2-mul.o)
                              ../soc_system_ec_bsp/\libhal_bsp.a(alt_busy_sleep.o) (__mulsi3)

Allocating common symbols
Common symbol       size              file

alt_irq             0x100             ../soc_system_ec_bsp/\libhal_bsp.a(alt_irq_handler.o)
errno               0x4               c:/intelfpga_lite/18.1/nios2eds/bin/gnu/h-x86_64-mingw32/bin/../lib/gcc/nios2-elf/5.3.0/../../../../../H-x86_64-mingw32/nios2-elf/lib/mno-hw-mul\libsmallc.a(lib_a-int_errno.o)

Memory Configuration

Name             Origin             Length             Attributes
reset            0x0000000000000000 0x0000000000000020
RAM              0x0000000000000020 0x0000000000007fe0
*default*        0x0000000000000000 0xffffffffffffffff

Linker script and memory map

LOAD ../soc_system_ec_bsp//obj/HAL/src/crt0.o
LOAD obj/default/hello_world_small.o
LOAD c:/intelfpga_lite/18.1/nios2eds/bin/gnu/h-x86_64-mingw32/bin/../lib/gcc/nios2-elf/5.3.0/../../../../../H-x86_64-mingw32/nios2-elf/lib/mno-hw-mul\libstdc++.a
LOAD c:/intelfpga_lite/18.1/nios2eds/bin/gnu/h-x86_64-mingw32/bin/../lib/gcc/nios2-elf/5.3.0/../../../../../H-x86_64-mingw32/nios2-elf/lib/mno-hw-mul\libm.a
LOAD c:/intelfpga_lite/18.1/nios2eds/bin/gnu/h-x86_64-mingw32/bin/../lib/gcc/nios2-elf/5.3.0/mno-hw-mul\libgcc.a
START GROUP
LOAD c:/intelfpga_lite/18.1/nios2eds/bin/gnu/h-x86_64-mingw32/bin/../lib/gcc/nios2-elf/5.3.0/../../../../../H-x86_64-mingw32/nios2-elf/lib/mno-hw-mul\libsmallc.a
LOAD c:/intelfpga_lite/18.1/nios2eds/bin/gnu/h-x86_64-mingw32/bin/../lib/gcc/nios2-elf/5.3.0/mno-hw-mul\libgcc.a
LOAD ../soc_system_ec_bsp/\libhal_bsp.a
LOAD c:/intelfpga_lite/18.1/nios2eds/bin/gnu/h-x86_64-mingw32/bin/../lib/gcc/nios2-elf/5.3.0/../../../../../H-x86_64-mingw32/nios2-elf/lib/mno-hw-mul\libm.a
END GROUP
LOAD c:/intelfpga_lite/18.1/nios2eds/bin/gnu/h-x86_64-mingw32/bin/../lib/gcc/nios2-elf/5.3.0/mno-hw-mul\libgcc.a
                0x0000000000000000                __alt_mem_RAM = 0x0

.entry          0x0000000000000000       0x20
 *(.entry)
 .entry         0x0000000000000000       0x20 ../soc_system_ec_bsp//obj/HAL/src/crt0.o
                0x0000000000000000                __reset
                0x000000000000000c                _exit

.exceptions     0x0000000000000020      0x160
                0x0000000000000020                PROVIDE (__ram_exceptions_start, ABSOLUTE (.))
                0x0000000000000020                . = ALIGN (0x20)
 *(.irq)
 *(.exceptions.entry.label)
 .exceptions.entry.label
                0x0000000000000020        0x0 ../soc_system_ec_bsp/\libhal_bsp.a(alt_irq_entry.o)
                0x0000000000000020                alt_irq_entry
 .exceptions.entry.label
                0x0000000000000020        0x0 ../soc_system_ec_bsp/\libhal_bsp.a(alt_exception_entry.o)
                0x0000000000000020                alt_exception
 *(.exceptions.entry.user)
 *(.exceptions.entry.ecc_fatal)
 *(.exceptions.entry)
 .exceptions.entry
                0x0000000000000020       0x54 ../soc_system_ec_bsp/\libhal_bsp.a(alt_exception_entry.o)
 *(.exceptions.irqtest.user)
 *(.exceptions.irqtest)
 .exceptions.irqtest
                0x0000000000000074       0x10 ../soc_system_ec_bsp/\libhal_bsp.a(alt_irq_entry.o)
 *(.exceptions.irqhandler.user)
 *(.exceptions.irqhandler)
 .exceptions.irqhandler
                0x0000000000000084        0x4 ../soc_system_ec_bsp/\libhal_bsp.a(alt_irq_entry.o)
 *(.exceptions.irqreturn.user)
 *(.exceptions.irqreturn)
 .exceptions.irqreturn
                0x0000000000000088        0x4 ../soc_system_ec_bsp/\libhal_bsp.a(alt_irq_entry.o)
 *(.exceptions.notirq.label)
 .exceptions.notirq.label
                0x000000000000008c        0x0 ../soc_system_ec_bsp/\libhal_bsp.a(alt_irq_entry.o)
 *(.exceptions.notirq.user)
 *(.exceptions.notirq)
 .exceptions.notirq
                0x000000000000008c        0x8 ../soc_system_ec_bsp/\libhal_bsp.a(alt_exception_entry.o)
 *(.exceptions.soft.user)
 *(.exceptions.soft)
 *(.exceptions.unknown.user)
 *(.exceptions.unknown)
 .exceptions.unknown
                0x0000000000000094       0x14 ../soc_system_ec_bsp/\libhal_bsp.a(alt_exception_entry.o)
 *(.exceptions.exit.label)
 .exceptions.exit.label
                0x00000000000000a8        0x0 ../soc_system_ec_bsp/\libhal_bsp.a(alt_irq_entry.o)
 .exceptions.exit.label
                0x00000000000000a8        0x0 ../soc_system_ec_bsp/\libhal_bsp.a(alt_exception_entry.o)
 *(.exceptions.exit.user)
 *(.exceptions.exit)
 .exceptions.exit
                0x00000000000000a8       0x54 ../soc_system_ec_bsp/\libhal_bsp.a(alt_exception_entry.o)
 *(.exceptions)
 .exceptions    0x00000000000000fc       0x60 ../soc_system_ec_bsp/\libhal_bsp.a(alt_irq_handler.o)
                0x00000000000000fc                alt_irq_handler
 .exceptions    0x000000000000015c       0x24 ../soc_system_ec_bsp/\libhal_bsp.a(alt_instruction_exception_entry.o)
                0x000000000000015c                alt_instruction_exception_entry
                0x0000000000000180                PROVIDE (__ram_exceptions_end, ABSOLUTE (.))
                0x0000000000000020                PROVIDE (__flash_exceptions_start, LOADADDR (.exceptions))

.text           0x0000000000000180     0x10cc
                [!provide]                        PROVIDE (stext, ABSOLUTE (.))
 *(.interp)
 *(.hash)
 *(.dynsym)
 *(.dynstr)
 *(.gnu.version)
 *(.gnu.version_d)
 *(.gnu.version_r)
 *(.rel.init)
 *(.rela.init)
 *(.rel.text .rel.text.* .rel.gnu.linkonce.t.*)
 *(.rela.text .rela.text.* .rela.gnu.linkonce.t.*)
 *(.rel.fini)
 *(.rela.fini)
 *(.rel.rodata .rel.rodata.* .rel.gnu.linkonce.r.*)
 *(.rela.rodata .rela.rodata.* .rela.gnu.linkonce.r.*)
 *(.rel.data .rel.data.* .rel.gnu.linkonce.d.*)
 *(.rela.data .rela.data.* .rela.gnu.linkonce.d.*)
 *(.rel.tdata .rel.tdata.* .rel.gnu.linkonce.td.*)
 *(.rela.tdata .rela.tdata.* .rela.gnu.linkonce.td.*)
 *(.rel.tbss .rel.tbss.* .rel.gnu.linkonce.tb.*)
 *(.rela.tbss .rela.tbss.* .rela.gnu.linkonce.tb.*)
 *(.rel.ctors)
 *(.rela.ctors)
 *(.rel.dtors)
 *(.rela.dtors)
 *(.rel.got)
 *(.rela.got)
 *(.rel.sdata .rel.sdata.* .rel.gnu.linkonce.s.*)
 *(.rela.sdata .rela.sdata.* .rela.gnu.linkonce.s.*)
 *(.rel.sbss .rel.sbss.* .rel.gnu.linkonce.sb.*)
 *(.rela.sbss .rela.sbss.* .rela.gnu.linkonce.sb.*)
 *(.rel.sdata2 .rel.sdata2.* .rel.gnu.linkonce.s2.*)
 *(.rela.sdata2 .rela.sdata2.* .rela.gnu.linkonce.s2.*)
 *(.rel.sbss2 .rel.sbss2.* .rel.gnu.linkonce.sb2.*)
 *(.rela.sbss2 .rela.sbss2.* .rela.gnu.linkonce.sb2.*)
 *(.rel.bss .rel.bss.* .rel.gnu.linkonce.b.*)
 *(.rela.bss .rela.bss.* .rela.gnu.linkonce.b.*)
 *(.rel.plt)
 *(.rela.plt)
 *(.rel.dyn)
 *(.init)
 *(.plt)
 *(.text .stub .text.* .gnu.linkonce.t.*)
 .text          0x0000000000000180       0x3c ../soc_system_ec_bsp//obj/HAL/src/crt0.o
                0x0000000000000180                _start
 .text          0x00000000000001bc        0x0 obj/default/hello_world_small.o
 .text.startup  0x00000000000001bc      0x104 obj/default/hello_world_small.o
                0x00000000000001bc                main
 .text          0x00000000000002c0      0x1b4 c:/intelfpga_lite/18.1/nios2eds/bin/gnu/h-x86_64-mingw32/bin/../lib/gcc/nios2-elf/5.3.0/mno-hw-mul\libgcc.a(lib2-divmod.o)
                0x00000000000002c0                __divsi3
                0x0000000000000344                __modsi3
                0x00000000000003b8                __udivsi3
                0x000000000000041c                __umodsi3
 .text          0x0000000000000474       0xe0 ../soc_system_ec_bsp/\libhal_bsp.a(alt_load.o)
                0x0000000000000474                alt_load
 .text          0x0000000000000554       0x2c ../soc_system_ec_bsp/\libhal_bsp.a(alt_main.o)
                0x0000000000000554                alt_main
 .text          0x0000000000000580      0x170 ../soc_system_ec_bsp/\libhal_bsp.a(alt_printf.o)
                0x0000000000000580                alt_printf
 .text          0x00000000000006f0       0x48 ../soc_system_ec_bsp/\libhal_bsp.a(alt_putchar.o)
                0x00000000000006f0                alt_putchar
 .text          0x0000000000000738        0x4 ../soc_system_ec_bsp/\libhal_bsp.a(alt_usleep.o)
                0x0000000000000738                usleep
 .text          0x000000000000073c       0x70 ../soc_system_ec_bsp/\libhal_bsp.a(alt_sys_init.o)
                0x000000000000073c                alt_irq_init
                0x000000000000075c                alt_sys_init
 .text          0x00000000000007ac      0x1d0 ../soc_system_ec_bsp/\libhal_bsp.a(altera_avalon_jtag_uart_init.o)
                0x00000000000008dc                altera_avalon_jtag_uart_init
                0x000000000000094c                altera_avalon_jtag_uart_close
 .text          0x000000000000097c      0x170 ../soc_system_ec_bsp/\libhal_bsp.a(altera_avalon_jtag_uart_write.o)
                0x000000000000097c                altera_avalon_jtag_uart_write
 .text          0x0000000000000aec      0x2d0 ../soc_system_ec_bsp/\libhal_bsp.a(altera_up_avalon_audio.o)
                0x0000000000000aec                alt_up_audio_open_dev
                0x0000000000000af4                alt_up_audio_enable_read_interrupt
                0x0000000000000b08                alt_up_audio_disable_read_interrupt
                0x0000000000000b20                alt_up_audio_enable_write_interrupt
                0x0000000000000b34                alt_up_audio_disable_write_interrupt
                0x0000000000000b4c                alt_up_audio_read_interrupt_pending
                0x0000000000000b60                alt_up_audio_write_interrupt_pending
                0x0000000000000b74                alt_up_audio_reset_audio_core
                0x0000000000000b98                alt_up_audio_read_fifo_avail
                0x0000000000000bb8                alt_up_audio_write_fifo_space
                0x0000000000000bd8                alt_up_audio_read_fifo
                0x0000000000000c24                alt_up_audio_record_r
                0x0000000000000c48                alt_up_audio_record_l
                0x0000000000000cb0                alt_up_audio_write_fifo
                0x0000000000000d00                alt_up_audio_play_r
                0x0000000000000d68                alt_up_audio_play_l
                0x0000000000000d8c                alt_up_audio_read_fifo_head
                0x0000000000000da4                alt_up_audio_write_fifo_head
 .text          0x0000000000000dbc       0x80 ../soc_system_ec_bsp/\libhal_bsp.a(alt_alarm_start.o)
                0x0000000000000dbc                alt_alarm_start
 .text          0x0000000000000e3c       0x88 ../soc_system_ec_bsp/\libhal_bsp.a(alt_busy_sleep.o)
                0x0000000000000e3c                alt_busy_sleep
 .text          0x0000000000000ec4        0x4 ../soc_system_ec_bsp/\libhal_bsp.a(alt_dcache_flush_all.o)
                0x0000000000000ec4                alt_dcache_flush_all
 .text          0x0000000000000ec8        0x8 ../soc_system_ec_bsp/\libhal_bsp.a(alt_dev.o)
 .text          0x0000000000000ed0       0x6c ../soc_system_ec_bsp/\libhal_bsp.a(alt_dev_llist_insert.o)
                0x0000000000000ed0                alt_dev_llist_insert
 .text          0x0000000000000f3c        0x0 ../soc_system_ec_bsp/\libhal_bsp.a(alt_errno.o)
 .text          0x0000000000000f3c       0x74 ../soc_system_ec_bsp/\libhal_bsp.a(alt_find_dev.o)
                0x0000000000000f3c                alt_find_dev
 .text          0x0000000000000fb0        0x4 ../soc_system_ec_bsp/\libhal_bsp.a(alt_icache_flush_all.o)
                0x0000000000000fb0                alt_icache_flush_all
 .text          0x0000000000000fb4       0x94 ../soc_system_ec_bsp/\libhal_bsp.a(alt_irq_register.o)
                0x0000000000000fb4                alt_irq_register
 .text          0x0000000000001048        0x0 ../soc_system_ec_bsp/\libhal_bsp.a(alt_irq_vars.o)
 .text          0x0000000000001048       0xec ../soc_system_ec_bsp/\libhal_bsp.a(alt_tick.o)
                0x0000000000001048                alt_alarm_stop
                0x000000000000107c                alt_tick
 .text          0x0000000000001134        0x8 ../soc_system_ec_bsp/\libhal_bsp.a(altera_nios2_gen2_irq.o)
                0x0000000000001134                altera_nios2_gen2_irq_init
 .text          0x000000000000113c        0x0 ../soc_system_ec_bsp/\libhal_bsp.a(alt_irq_entry.o)
 .text          0x000000000000113c        0x0 ../soc_system_ec_bsp/\libhal_bsp.a(alt_irq_handler.o)
 .text          0x000000000000113c        0x0 ../soc_system_ec_bsp/\libhal_bsp.a(alt_exception_entry.o)
 .text          0x000000000000113c       0x74 ../soc_system_ec_bsp/\libhal_bsp.a(alt_instruction_exception_entry.o)
                0x000000000000113c                alt_exception_cause_generated_bad_addr
 .text          0x00000000000011b0        0x0 c:/intelfpga_lite/18.1/nios2eds/bin/gnu/h-x86_64-mingw32/bin/../lib/gcc/nios2-elf/5.3.0/../../../../../H-x86_64-mingw32/nios2-elf/lib/mno-hw-mul\libsmallc.a(lib_a-int_errno.o)
 .text          0x00000000000011b0        0x0 c:/intelfpga_lite/18.1/nios2eds/bin/gnu/h-x86_64-mingw32/bin/../lib/gcc/nios2-elf/5.3.0/../../../../../H-x86_64-mingw32/nios2-elf/lib/mno-hw-mul\libsmallc.a(lib_a-memcmp.o)
 .text.memcmp   0x00000000000011b0       0x30 c:/intelfpga_lite/18.1/nios2eds/bin/gnu/h-x86_64-mingw32/bin/../lib/gcc/nios2-elf/5.3.0/../../../../../H-x86_64-mingw32/nios2-elf/lib/mno-hw-mul\libsmallc.a(lib_a-memcmp.o)
                0x00000000000011b0                memcmp
 .text          0x00000000000011e0        0x0 c:/intelfpga_lite/18.1/nios2eds/bin/gnu/h-x86_64-mingw32/bin/../lib/gcc/nios2-elf/5.3.0/../../../../../H-x86_64-mingw32/nios2-elf/lib/mno-hw-mul\libsmallc.a(lib_a-memcpy.o)
 .text.memcpy   0x00000000000011e0       0x28 c:/intelfpga_lite/18.1/nios2eds/bin/gnu/h-x86_64-mingw32/bin/../lib/gcc/nios2-elf/5.3.0/../../../../../H-x86_64-mingw32/nios2-elf/lib/mno-hw-mul\libsmallc.a(lib_a-memcpy.o)
                0x00000000000011e0                memcpy
 .text          0x0000000000001208        0x0 c:/intelfpga_lite/18.1/nios2eds/bin/gnu/h-x86_64-mingw32/bin/../lib/gcc/nios2-elf/5.3.0/../../../../../H-x86_64-mingw32/nios2-elf/lib/mno-hw-mul\libsmallc.a(lib_a-strlen.o)
 .text.strlen   0x0000000000001208       0x1c c:/intelfpga_lite/18.1/nios2eds/bin/gnu/h-x86_64-mingw32/bin/../lib/gcc/nios2-elf/5.3.0/../../../../../H-x86_64-mingw32/nios2-elf/lib/mno-hw-mul\libsmallc.a(lib_a-strlen.o)
                0x0000000000001208                strlen
 .text          0x0000000000001224       0x28 c:/intelfpga_lite/18.1/nios2eds/bin/gnu/h-x86_64-mingw32/bin/../lib/gcc/nios2-elf/5.3.0/mno-hw-mul\libgcc.a(lib2-mul.o)
                0x0000000000001224                __mulsi3
 *(.gnu.warning.*)
 *(.fini)
                [!provide]                        PROVIDE (__etext, ABSOLUTE (.))
                [!provide]                        PROVIDE (_etext, ABSOLUTE (.))
                [!provide]                        PROVIDE (etext, ABSOLUTE (.))
 *(.eh_frame_hdr)
                0x000000000000124c                . = ALIGN (0x4)
                [!provide]                        PROVIDE (__preinit_array_start, ABSOLUTE (.))
 *(.preinit_array)
                [!provide]                        PROVIDE (__preinit_array_end, ABSOLUTE (.))
                [!provide]                        PROVIDE (__init_array_start, ABSOLUTE (.))
 *(.init_array)
                [!provide]                        PROVIDE (__init_array_end, ABSOLUTE (.))
                [!provide]                        PROVIDE (__fini_array_start, ABSOLUTE (.))
 *(.fini_array)
                [!provide]                        PROVIDE (__fini_array_end, ABSOLUTE (.))
 *(.eh_frame)
 *(.gcc_except_table .gcc_except_table.*)
 *(.dynamic)
                [!provide]                        PROVIDE (__CTOR_LIST__, ABSOLUTE (.))
 *(.ctors)
 *(SORT(.ctors.*))
                [!provide]                        PROVIDE (__CTOR_END__, ABSOLUTE (.))
                [!provide]                        PROVIDE (__DTOR_LIST__, ABSOLUTE (.))
 *(.dtors)
 *(SORT(.dtors.*))
                [!provide]                        PROVIDE (__DTOR_END__, ABSOLUTE (.))
 *(.jcr)
                0x000000000000124c                . = ALIGN (0x4)

.rodata         0x000000000000124c       0x78
                0x000000000000124c                PROVIDE (__ram_rodata_start, ABSOLUTE (.))
                0x000000000000124c                . = ALIGN (0x4)
 *(.rodata .rodata.* .gnu.linkonce.r.*)
 .rodata.str1.4
                0x000000000000124c       0x56 obj/default/hello_world_small.o
 *fill*         0x00000000000012a2        0x2 
 .rodata.str1.4
                0x00000000000012a4       0x12 ../soc_system_ec_bsp/\libhal_bsp.a(alt_sys_init.o)
                                         0x1e (size before relaxing)
 *fill*         0x00000000000012b6        0x2 
 .rodata.str1.4
                0x00000000000012b8        0xc ../soc_system_ec_bsp/\libhal_bsp.a(alt_dev.o)
                                          0xa (size before relaxing)
 *(.rodata1)
                0x00000000000012c4                . = ALIGN (0x4)
                0x00000000000012c4                PROVIDE (__ram_rodata_end, ABSOLUTE (.))
                0x000000000000124c                PROVIDE (__flash_rodata_start, LOADADDR (.rodata))

.rwdata         0x00000000000012c4     0x1114 load address 0x00000000000023d8
                0x00000000000012c4                PROVIDE (__ram_rwdata_start, ABSOLUTE (.))
                0x00000000000012c4                . = ALIGN (0x4)
 *(.got.plt)
 *(.got)
 *(.data1)
 *(.data .data.* .gnu.linkonce.d.*)
 .data          0x00000000000012c4        0x0 ../soc_system_ec_bsp//obj/HAL/src/crt0.o
 .data          0x00000000000012c4        0x0 obj/default/hello_world_small.o
 .data          0x00000000000012c4        0x0 c:/intelfpga_lite/18.1/nios2eds/bin/gnu/h-x86_64-mingw32/bin/../lib/gcc/nios2-elf/5.3.0/mno-hw-mul\libgcc.a(lib2-divmod.o)
 .data          0x00000000000012c4        0x0 ../soc_system_ec_bsp/\libhal_bsp.a(alt_load.o)
 .data          0x00000000000012c4        0x0 ../soc_system_ec_bsp/\libhal_bsp.a(alt_main.o)
 .data          0x00000000000012c4        0x0 ../soc_system_ec_bsp/\libhal_bsp.a(alt_printf.o)
 .data          0x00000000000012c4        0x0 ../soc_system_ec_bsp/\libhal_bsp.a(alt_putchar.o)
 .data          0x00000000000012c4        0x0 ../soc_system_ec_bsp/\libhal_bsp.a(alt_usleep.o)
 .data          0x00000000000012c4     0x1098 ../soc_system_ec_bsp/\libhal_bsp.a(alt_sys_init.o)
                0x0000000000001324                JTAG_UART
 .data          0x000000000000235c        0x0 ../soc_system_ec_bsp/\libhal_bsp.a(altera_avalon_jtag_uart_init.o)
 .data          0x000000000000235c        0x0 ../soc_system_ec_bsp/\libhal_bsp.a(altera_avalon_jtag_uart_write.o)
 .data          0x000000000000235c        0x0 ../soc_system_ec_bsp/\libhal_bsp.a(altera_up_avalon_audio.o)
 .data          0x000000000000235c        0x0 ../soc_system_ec_bsp/\libhal_bsp.a(alt_alarm_start.o)
 .data          0x000000000000235c        0x0 ../soc_system_ec_bsp/\libhal_bsp.a(alt_busy_sleep.o)
 .data          0x000000000000235c        0x0 ../soc_system_ec_bsp/\libhal_bsp.a(alt_dcache_flush_all.o)
 .data          0x000000000000235c       0x58 ../soc_system_ec_bsp/\libhal_bsp.a(alt_dev.o)
                0x000000000000235c                alt_fd_list
                0x000000000000238c                alt_dev_null
 .data          0x00000000000023b4        0x0 ../soc_system_ec_bsp/\libhal_bsp.a(alt_dev_llist_insert.o)
 .data          0x00000000000023b4        0x0 ../soc_system_ec_bsp/\libhal_bsp.a(alt_errno.o)
 .data          0x00000000000023b4        0x0 ../soc_system_ec_bsp/\libhal_bsp.a(alt_find_dev.o)
 .data          0x00000000000023b4        0x0 ../soc_system_ec_bsp/\libhal_bsp.a(alt_icache_flush_all.o)
 .data          0x00000000000023b4        0x0 ../soc_system_ec_bsp/\libhal_bsp.a(alt_irq_register.o)
 .data          0x00000000000023b4        0x0 ../soc_system_ec_bsp/\libhal_bsp.a(alt_irq_vars.o)
 .data          0x00000000000023b4        0x0 ../soc_system_ec_bsp/\libhal_bsp.a(alt_tick.o)
 .data          0x00000000000023b4        0x0 ../soc_system_ec_bsp/\libhal_bsp.a(altera_nios2_gen2_irq.o)
 .data          0x00000000000023b4        0x0 ../soc_system_ec_bsp/\libhal_bsp.a(alt_irq_entry.o)
 .data          0x00000000000023b4        0x0 ../soc_system_ec_bsp/\libhal_bsp.a(alt_irq_handler.o)
 .data          0x00000000000023b4        0x0 ../soc_system_ec_bsp/\libhal_bsp.a(alt_exception_entry.o)
 .data          0x00000000000023b4        0x0 ../soc_system_ec_bsp/\libhal_bsp.a(alt_instruction_exception_entry.o)
 .data          0x00000000000023b4        0x0 c:/intelfpga_lite/18.1/nios2eds/bin/gnu/h-x86_64-mingw32/bin/../lib/gcc/nios2-elf/5.3.0/../../../../../H-x86_64-mingw32/nios2-elf/lib/mno-hw-mul\libsmallc.a(lib_a-int_errno.o)
 .data          0x00000000000023b4        0x0 c:/intelfpga_lite/18.1/nios2eds/bin/gnu/h-x86_64-mingw32/bin/../lib/gcc/nios2-elf/5.3.0/../../../../../H-x86_64-mingw32/nios2-elf/lib/mno-hw-mul\libsmallc.a(lib_a-memcmp.o)
 .data          0x00000000000023b4        0x0 c:/intelfpga_lite/18.1/nios2eds/bin/gnu/h-x86_64-mingw32/bin/../lib/gcc/nios2-elf/5.3.0/../../../../../H-x86_64-mingw32/nios2-elf/lib/mno-hw-mul\libsmallc.a(lib_a-memcpy.o)
 .data          0x00000000000023b4        0x0 c:/intelfpga_lite/18.1/nios2eds/bin/gnu/h-x86_64-mingw32/bin/../lib/gcc/nios2-elf/5.3.0/../../../../../H-x86_64-mingw32/nios2-elf/lib/mno-hw-mul\libsmallc.a(lib_a-strlen.o)
 .data          0x00000000000023b4        0x0 c:/intelfpga_lite/18.1/nios2eds/bin/gnu/h-x86_64-mingw32/bin/../lib/gcc/nios2-elf/5.3.0/mno-hw-mul\libgcc.a(lib2-mul.o)
                0x000000000000a3b4                _gp = ABSOLUTE ((. + 0x8000))
                [!provide]                        PROVIDE (gp, _gp)
 *(.rwdata .rwdata.*)
 *(.sdata .sdata.* .gnu.linkonce.s.*)
 .sdata         0x00000000000023b4       0x14 ../soc_system_ec_bsp/\libhal_bsp.a(alt_dev.o)
                0x00000000000023b4                alt_max_fd
                0x00000000000023b8                alt_dev_list
                0x00000000000023c0                alt_fs_list
 .sdata         0x00000000000023c8        0x4 ../soc_system_ec_bsp/\libhal_bsp.a(alt_errno.o)
                0x00000000000023c8                alt_errno
 .sdata         0x00000000000023cc        0x4 ../soc_system_ec_bsp/\libhal_bsp.a(alt_irq_vars.o)
                0x00000000000023cc                alt_priority_mask
 .sdata         0x00000000000023d0        0x8 ../soc_system_ec_bsp/\libhal_bsp.a(alt_tick.o)
                0x00000000000023d0                alt_alarm_list
 *(.sdata2 .sdata2.* .gnu.linkonce.s2.*)
                0x00000000000023d8                . = ALIGN (0x4)
                0x00000000000023d8                _edata = ABSOLUTE (.)
                [!provide]                        PROVIDE (edata, ABSOLUTE (.))
                0x00000000000023d8                PROVIDE (__ram_rwdata_end, ABSOLUTE (.))
                0x00000000000023d8                PROVIDE (__flash_rwdata_start, LOADADDR (.rwdata))

.bss            0x00000000000034ec      0x120
                0x00000000000034ec                __bss_start = ABSOLUTE (.)
                [!provide]                        PROVIDE (__sbss_start, ABSOLUTE (.))
                [!provide]                        PROVIDE (___sbss_start, ABSOLUTE (.))
 *(.dynsbss)
 *(.sbss .sbss.* .gnu.linkonce.sb.*)
 .sbss          0x00000000000034ec        0xc ../soc_system_ec_bsp/\libhal_bsp.a(alt_main.o)
                0x00000000000034ec                alt_envp
                0x00000000000034f0                alt_argv
                0x00000000000034f4                alt_argc
 .sbss          0x00000000000034f8        0x4 ../soc_system_ec_bsp/\libhal_bsp.a(alt_irq_vars.o)
                0x00000000000034f8                alt_irq_active
 .sbss          0x00000000000034fc        0x8 ../soc_system_ec_bsp/\libhal_bsp.a(alt_tick.o)
                0x00000000000034fc                _alt_nticks
                0x0000000000003500                _alt_tick_rate
 .sbss          0x0000000000003504        0x4 ../soc_system_ec_bsp/\libhal_bsp.a(alt_instruction_exception_entry.o)
                0x0000000000003504                alt_instruction_exception_handler
 .sbss          0x0000000000003508        0x4 c:/intelfpga_lite/18.1/nios2eds/bin/gnu/h-x86_64-mingw32/bin/../lib/gcc/nios2-elf/5.3.0/../../../../../H-x86_64-mingw32/nios2-elf/lib/mno-hw-mul\libsmallc.a(lib_a-int_errno.o)
                0x0000000000003508                errno
 *(.sbss2 .sbss2.* .gnu.linkonce.sb2.*)
 *(.scommon)
                [!provide]                        PROVIDE (__sbss_end, ABSOLUTE (.))
                [!provide]                        PROVIDE (___sbss_end, ABSOLUTE (.))
 *(.dynbss)
 *(.bss .bss.* .gnu.linkonce.b.*)
 .bss           0x000000000000350c        0x0 ../soc_system_ec_bsp//obj/HAL/src/crt0.o
 .bss           0x000000000000350c        0x0 obj/default/hello_world_small.o
 .bss           0x000000000000350c        0x0 c:/intelfpga_lite/18.1/nios2eds/bin/gnu/h-x86_64-mingw32/bin/../lib/gcc/nios2-elf/5.3.0/mno-hw-mul\libgcc.a(lib2-divmod.o)
 .bss           0x000000000000350c        0x0 ../soc_system_ec_bsp/\libhal_bsp.a(alt_load.o)
 .bss           0x000000000000350c        0x0 ../soc_system_ec_bsp/\libhal_bsp.a(alt_main.o)
 .bss           0x000000000000350c        0x0 ../soc_system_ec_bsp/\libhal_bsp.a(alt_printf.o)
 .bss           0x000000000000350c        0x0 ../soc_system_ec_bsp/\libhal_bsp.a(alt_putchar.o)
 .bss           0x000000000000350c        0x0 ../soc_system_ec_bsp/\libhal_bsp.a(alt_usleep.o)
 .bss           0x000000000000350c        0x0 ../soc_system_ec_bsp/\libhal_bsp.a(alt_sys_init.o)
 .bss           0x000000000000350c        0x0 ../soc_system_ec_bsp/\libhal_bsp.a(altera_avalon_jtag_uart_init.o)
 .bss           0x000000000000350c        0x0 ../soc_system_ec_bsp/\libhal_bsp.a(altera_avalon_jtag_uart_write.o)
 .bss           0x000000000000350c        0x0 ../soc_system_ec_bsp/\libhal_bsp.a(altera_up_avalon_audio.o)
 .bss           0x000000000000350c        0x0 ../soc_system_ec_bsp/\libhal_bsp.a(alt_alarm_start.o)
 .bss           0x000000000000350c        0x0 ../soc_system_ec_bsp/\libhal_bsp.a(alt_busy_sleep.o)
 .bss           0x000000000000350c        0x0 ../soc_system_ec_bsp/\libhal_bsp.a(alt_dcache_flush_all.o)
 .bss           0x000000000000350c        0x0 ../soc_system_ec_bsp/\libhal_bsp.a(alt_dev.o)
 .bss           0x000000000000350c        0x0 ../soc_system_ec_bsp/\libhal_bsp.a(alt_dev_llist_insert.o)
 .bss           0x000000000000350c        0x0 ../soc_system_ec_bsp/\libhal_bsp.a(alt_errno.o)
 .bss           0x000000000000350c        0x0 ../soc_system_ec_bsp/\libhal_bsp.a(alt_find_dev.o)
 .bss           0x000000000000350c        0x0 ../soc_system_ec_bsp/\libhal_bsp.a(alt_icache_flush_all.o)
 .bss           0x000000000000350c        0x0 ../soc_system_ec_bsp/\libhal_bsp.a(alt_irq_register.o)
 .bss           0x000000000000350c        0x0 ../soc_system_ec_bsp/\libhal_bsp.a(alt_irq_vars.o)
 .bss           0x000000000000350c        0x0 ../soc_system_ec_bsp/\libhal_bsp.a(alt_tick.o)
 .bss           0x000000000000350c        0x0 ../soc_system_ec_bsp/\libhal_bsp.a(altera_nios2_gen2_irq.o)
 .bss           0x000000000000350c        0x0 ../soc_system_ec_bsp/\libhal_bsp.a(alt_irq_entry.o)
 .bss           0x000000000000350c        0x0 ../soc_system_ec_bsp/\libhal_bsp.a(alt_irq_handler.o)
 .bss           0x000000000000350c        0x0 ../soc_system_ec_bsp/\libhal_bsp.a(alt_exception_entry.o)
 .bss           0x000000000000350c        0x0 ../soc_system_ec_bsp/\libhal_bsp.a(alt_instruction_exception_entry.o)
 .bss           0x000000000000350c        0x0 c:/intelfpga_lite/18.1/nios2eds/bin/gnu/h-x86_64-mingw32/bin/../lib/gcc/nios2-elf/5.3.0/../../../../../H-x86_64-mingw32/nios2-elf/lib/mno-hw-mul\libsmallc.a(lib_a-int_errno.o)
 .bss           0x000000000000350c        0x0 c:/intelfpga_lite/18.1/nios2eds/bin/gnu/h-x86_64-mingw32/bin/../lib/gcc/nios2-elf/5.3.0/../../../../../H-x86_64-mingw32/nios2-elf/lib/mno-hw-mul\libsmallc.a(lib_a-memcmp.o)
 .bss           0x000000000000350c        0x0 c:/intelfpga_lite/18.1/nios2eds/bin/gnu/h-x86_64-mingw32/bin/../lib/gcc/nios2-elf/5.3.0/../../../../../H-x86_64-mingw32/nios2-elf/lib/mno-hw-mul\libsmallc.a(lib_a-memcpy.o)
 .bss           0x000000000000350c        0x0 c:/intelfpga_lite/18.1/nios2eds/bin/gnu/h-x86_64-mingw32/bin/../lib/gcc/nios2-elf/5.3.0/../../../../../H-x86_64-mingw32/nios2-elf/lib/mno-hw-mul\libsmallc.a(lib_a-strlen.o)
 .bss           0x000000000000350c        0x0 c:/intelfpga_lite/18.1/nios2eds/bin/gnu/h-x86_64-mingw32/bin/../lib/gcc/nios2-elf/5.3.0/mno-hw-mul\libgcc.a(lib2-mul.o)
 *(COMMON)
 COMMON         0x000000000000350c      0x100 ../soc_system_ec_bsp/\libhal_bsp.a(alt_irq_handler.o)
                0x000000000000350c                alt_irq
                0x000000000000360c                . = ALIGN (0x4)
                0x000000000000360c                __bss_end = ABSOLUTE (.)

.RAM            0x000000000000360c        0x0
                [!provide]                        PROVIDE (_alt_partition_RAM_start, ABSOLUTE (.))
 *(.RAM .RAM. RAM.*)
                0x000000000000360c                . = ALIGN (0x4)
                [!provide]                        PROVIDE (_alt_partition_RAM_end, ABSOLUTE (.))
                0x000000000000360c                _end = ABSOLUTE (.)
                0x000000000000360c                end = ABSOLUTE (.)
                0x000000000000360c                __alt_stack_base = ABSOLUTE (.)
                [!provide]                        PROVIDE (_alt_partition_RAM_load_addr, LOADADDR (.RAM))

.stab
 *(.stab)

.stabstr
 *(.stabstr)

.stab.excl
 *(.stab.excl)

.stab.exclstr
 *(.stab.exclstr)

.stab.index
 *(.stab.index)

.stab.indexstr
 *(.stab.indexstr)

.comment        0x0000000000000000       0x23
 *(.comment)
 .comment       0x0000000000000000       0x23 obj/default/hello_world_small.o
                                         0x24 (size before relaxing)
 .comment       0x0000000000000023       0x24 c:/intelfpga_lite/18.1/nios2eds/bin/gnu/h-x86_64-mingw32/bin/../lib/gcc/nios2-elf/5.3.0/mno-hw-mul\libgcc.a(lib2-divmod.o)
 .comment       0x0000000000000023       0x24 ../soc_system_ec_bsp/\libhal_bsp.a(alt_load.o)
 .comment       0x0000000000000023       0x24 ../soc_system_ec_bsp/\libhal_bsp.a(alt_main.o)
 .comment       0x0000000000000023       0x24 ../soc_system_ec_bsp/\libhal_bsp.a(alt_printf.o)
 .comment       0x0000000000000023       0x24 ../soc_system_ec_bsp/\libhal_bsp.a(alt_putchar.o)
 .comment       0x0000000000000023       0x24 ../soc_system_ec_bsp/\libhal_bsp.a(alt_usleep.o)
 .comment       0x0000000000000023       0x24 ../soc_system_ec_bsp/\libhal_bsp.a(alt_sys_init.o)
 .comment       0x0000000000000023       0x24 ../soc_system_ec_bsp/\libhal_bsp.a(altera_avalon_jtag_uart_init.o)
 .comment       0x0000000000000023       0x24 ../soc_system_ec_bsp/\libhal_bsp.a(altera_avalon_jtag_uart_write.o)
 .comment       0x0000000000000023       0x24 ../soc_system_ec_bsp/\libhal_bsp.a(altera_up_avalon_audio.o)
 .comment       0x0000000000000023       0x24 ../soc_system_ec_bsp/\libhal_bsp.a(alt_alarm_start.o)
 .comment       0x0000000000000023       0x24 ../soc_system_ec_bsp/\libhal_bsp.a(alt_busy_sleep.o)
 .comment       0x0000000000000023       0x24 ../soc_system_ec_bsp/\libhal_bsp.a(alt_dcache_flush_all.o)
 .comment       0x0000000000000023       0x24 ../soc_system_ec_bsp/\libhal_bsp.a(alt_dev.o)
 .comment       0x0000000000000023       0x24 ../soc_system_ec_bsp/\libhal_bsp.a(alt_dev_llist_insert.o)
 .comment       0x0000000000000023       0x24 ../soc_system_ec_bsp/\libhal_bsp.a(alt_errno.o)
 .comment       0x0000000000000023       0x24 ../soc_system_ec_bsp/\libhal_bsp.a(alt_find_dev.o)
 .comment       0x0000000000000023       0x24 ../soc_system_ec_bsp/\libhal_bsp.a(alt_icache_flush_all.o)
 .comment       0x0000000000000023       0x24 ../soc_system_ec_bsp/\libhal_bsp.a(alt_irq_register.o)
 .comment       0x0000000000000023       0x24 ../soc_system_ec_bsp/\libhal_bsp.a(alt_irq_vars.o)
 .comment       0x0000000000000023       0x24 ../soc_system_ec_bsp/\libhal_bsp.a(alt_tick.o)
 .comment       0x0000000000000023       0x24 ../soc_system_ec_bsp/\libhal_bsp.a(altera_nios2_gen2_irq.o)
 .comment       0x0000000000000023       0x24 ../soc_system_ec_bsp/\libhal_bsp.a(alt_irq_handler.o)
 .comment       0x0000000000000023       0x24 ../soc_system_ec_bsp/\libhal_bsp.a(alt_instruction_exception_entry.o)
 .comment       0x0000000000000023       0x24 c:/intelfpga_lite/18.1/nios2eds/bin/gnu/h-x86_64-mingw32/bin/../lib/gcc/nios2-elf/5.3.0/../../../../../H-x86_64-mingw32/nios2-elf/lib/mno-hw-mul\libsmallc.a(lib_a-int_errno.o)
 .comment       0x0000000000000023       0x24 c:/intelfpga_lite/18.1/nios2eds/bin/gnu/h-x86_64-mingw32/bin/../lib/gcc/nios2-elf/5.3.0/../../../../../H-x86_64-mingw32/nios2-elf/lib/mno-hw-mul\libsmallc.a(lib_a-memcmp.o)
 .comment       0x0000000000000023       0x24 c:/intelfpga_lite/18.1/nios2eds/bin/gnu/h-x86_64-mingw32/bin/../lib/gcc/nios2-elf/5.3.0/../../../../../H-x86_64-mingw32/nios2-elf/lib/mno-hw-mul\libsmallc.a(lib_a-memcpy.o)
 .comment       0x0000000000000023       0x24 c:/intelfpga_lite/18.1/nios2eds/bin/gnu/h-x86_64-mingw32/bin/../lib/gcc/nios2-elf/5.3.0/../../../../../H-x86_64-mingw32/nios2-elf/lib/mno-hw-mul\libsmallc.a(lib_a-strlen.o)
 .comment       0x0000000000000023       0x24 c:/intelfpga_lite/18.1/nios2eds/bin/gnu/h-x86_64-mingw32/bin/../lib/gcc/nios2-elf/5.3.0/mno-hw-mul\libgcc.a(lib2-mul.o)

.debug
 *(.debug)

.line
 *(.line)

.debug_srcinfo
 *(.debug_srcinfo)

.debug_sfnames
 *(.debug_sfnames)

.debug_aranges  0x0000000000000000      0x440
 *(.debug_aranges)
 .debug_aranges
                0x0000000000000000       0x28 ../soc_system_ec_bsp//obj/HAL/src/crt0.o
 .debug_aranges
                0x0000000000000028       0x20 obj/default/hello_world_small.o
 .debug_aranges
                0x0000000000000048       0x20 c:/intelfpga_lite/18.1/nios2eds/bin/gnu/h-x86_64-mingw32/bin/../lib/gcc/nios2-elf/5.3.0/mno-hw-mul\libgcc.a(lib2-divmod.o)
 .debug_aranges
                0x0000000000000068       0x20 ../soc_system_ec_bsp/\libhal_bsp.a(alt_load.o)
 .debug_aranges
                0x0000000000000088       0x20 ../soc_system_ec_bsp/\libhal_bsp.a(alt_main.o)
 .debug_aranges
                0x00000000000000a8       0x20 ../soc_system_ec_bsp/\libhal_bsp.a(alt_printf.o)
 .debug_aranges
                0x00000000000000c8       0x20 ../soc_system_ec_bsp/\libhal_bsp.a(alt_putchar.o)
 .debug_aranges
                0x00000000000000e8       0x20 ../soc_system_ec_bsp/\libhal_bsp.a(alt_usleep.o)
 .debug_aranges
                0x0000000000000108       0x20 ../soc_system_ec_bsp/\libhal_bsp.a(alt_sys_init.o)
 .debug_aranges
                0x0000000000000128       0x20 ../soc_system_ec_bsp/\libhal_bsp.a(altera_avalon_jtag_uart_init.o)
 .debug_aranges
                0x0000000000000148       0x20 ../soc_system_ec_bsp/\libhal_bsp.a(altera_avalon_jtag_uart_write.o)
 .debug_aranges
                0x0000000000000168       0x20 ../soc_system_ec_bsp/\libhal_bsp.a(altera_up_avalon_audio.o)
 .debug_aranges
                0x0000000000000188       0x20 ../soc_system_ec_bsp/\libhal_bsp.a(alt_alarm_start.o)
 .debug_aranges
                0x00000000000001a8       0x20 ../soc_system_ec_bsp/\libhal_bsp.a(alt_busy_sleep.o)
 .debug_aranges
                0x00000000000001c8       0x20 ../soc_system_ec_bsp/\libhal_bsp.a(alt_dcache_flush_all.o)
 .debug_aranges
                0x00000000000001e8       0x20 ../soc_system_ec_bsp/\libhal_bsp.a(alt_dev.o)
 .debug_aranges
                0x0000000000000208       0x20 ../soc_system_ec_bsp/\libhal_bsp.a(alt_dev_llist_insert.o)
 .debug_aranges
                0x0000000000000228       0x18 ../soc_system_ec_bsp/\libhal_bsp.a(alt_errno.o)
 .debug_aranges
                0x0000000000000240       0x20 ../soc_system_ec_bsp/\libhal_bsp.a(alt_find_dev.o)
 .debug_aranges
                0x0000000000000260       0x20 ../soc_system_ec_bsp/\libhal_bsp.a(alt_icache_flush_all.o)
 .debug_aranges
                0x0000000000000280       0x20 ../soc_system_ec_bsp/\libhal_bsp.a(alt_irq_register.o)
 .debug_aranges
                0x00000000000002a0       0x18 ../soc_system_ec_bsp/\libhal_bsp.a(alt_irq_vars.o)
 .debug_aranges
                0x00000000000002b8       0x20 ../soc_system_ec_bsp/\libhal_bsp.a(alt_tick.o)
 .debug_aranges
                0x00000000000002d8       0x20 ../soc_system_ec_bsp/\libhal_bsp.a(altera_nios2_gen2_irq.o)
 .debug_aranges
                0x00000000000002f8       0x30 ../soc_system_ec_bsp/\libhal_bsp.a(alt_irq_entry.o)
 .debug_aranges
                0x0000000000000328       0x20 ../soc_system_ec_bsp/\libhal_bsp.a(alt_irq_handler.o)
 .debug_aranges
                0x0000000000000348       0x38 ../soc_system_ec_bsp/\libhal_bsp.a(alt_exception_entry.o)
 .debug_aranges
                0x0000000000000380       0x28 ../soc_system_ec_bsp/\libhal_bsp.a(alt_instruction_exception_entry.o)
 .debug_aranges
                0x00000000000003a8       0x18 c:/intelfpga_lite/18.1/nios2eds/bin/gnu/h-x86_64-mingw32/bin/../lib/gcc/nios2-elf/5.3.0/../../../../../H-x86_64-mingw32/nios2-elf/lib/mno-hw-mul\libsmallc.a(lib_a-int_errno.o)
 .debug_aranges
                0x00000000000003c0       0x20 c:/intelfpga_lite/18.1/nios2eds/bin/gnu/h-x86_64-mingw32/bin/../lib/gcc/nios2-elf/5.3.0/../../../../../H-x86_64-mingw32/nios2-elf/lib/mno-hw-mul\libsmallc.a(lib_a-memcmp.o)
 .debug_aranges
                0x00000000000003e0       0x20 c:/intelfpga_lite/18.1/nios2eds/bin/gnu/h-x86_64-mingw32/bin/../lib/gcc/nios2-elf/5.3.0/../../../../../H-x86_64-mingw32/nios2-elf/lib/mno-hw-mul\libsmallc.a(lib_a-memcpy.o)
 .debug_aranges
                0x0000000000000400       0x20 c:/intelfpga_lite/18.1/nios2eds/bin/gnu/h-x86_64-mingw32/bin/../lib/gcc/nios2-elf/5.3.0/../../../../../H-x86_64-mingw32/nios2-elf/lib/mno-hw-mul\libsmallc.a(lib_a-strlen.o)
 .debug_aranges
                0x0000000000000420       0x20 c:/intelfpga_lite/18.1/nios2eds/bin/gnu/h-x86_64-mingw32/bin/../lib/gcc/nios2-elf/5.3.0/mno-hw-mul\libgcc.a(lib2-mul.o)

.debug_pubnames
 *(.debug_pubnames)

.debug_info     0x0000000000000000     0x43dc
 *(.debug_info .gnu.linkonce.wi.*)
 .debug_info    0x0000000000000000       0x70 ../soc_system_ec_bsp//obj/HAL/src/crt0.o
 .debug_info    0x0000000000000070      0x489 obj/default/hello_world_small.o
 .debug_info    0x00000000000004f9      0x2c6 c:/intelfpga_lite/18.1/nios2eds/bin/gnu/h-x86_64-mingw32/bin/../lib/gcc/nios2-elf/5.3.0/mno-hw-mul\libgcc.a(lib2-divmod.o)
 .debug_info    0x00000000000007bf      0x1c9 ../soc_system_ec_bsp/\libhal_bsp.a(alt_load.o)
 .debug_info    0x0000000000000988      0x18f ../soc_system_ec_bsp/\libhal_bsp.a(alt_main.o)
 .debug_info    0x0000000000000b17      0x14d ../soc_system_ec_bsp/\libhal_bsp.a(alt_printf.o)
 .debug_info    0x0000000000000c64      0x12a ../soc_system_ec_bsp/\libhal_bsp.a(alt_putchar.o)
 .debug_info    0x0000000000000d8e       0xd1 ../soc_system_ec_bsp/\libhal_bsp.a(alt_usleep.o)
 .debug_info    0x0000000000000e5f      0x664 ../soc_system_ec_bsp/\libhal_bsp.a(alt_sys_init.o)
 .debug_info    0x00000000000014c3      0x3fe ../soc_system_ec_bsp/\libhal_bsp.a(altera_avalon_jtag_uart_init.o)
 .debug_info    0x00000000000018c1      0x36d ../soc_system_ec_bsp/\libhal_bsp.a(altera_avalon_jtag_uart_write.o)
 .debug_info    0x0000000000001c2e      0x907 ../soc_system_ec_bsp/\libhal_bsp.a(altera_up_avalon_audio.o)
 .debug_info    0x0000000000002535      0x2d3 ../soc_system_ec_bsp/\libhal_bsp.a(alt_alarm_start.o)
 .debug_info    0x0000000000002808       0xd8 ../soc_system_ec_bsp/\libhal_bsp.a(alt_busy_sleep.o)
 .debug_info    0x00000000000028e0       0x92 ../soc_system_ec_bsp/\libhal_bsp.a(alt_dcache_flush_all.o)
 .debug_info    0x0000000000002972      0x499 ../soc_system_ec_bsp/\libhal_bsp.a(alt_dev.o)
 .debug_info    0x0000000000002e0b      0x1b3 ../soc_system_ec_bsp/\libhal_bsp.a(alt_dev_llist_insert.o)
 .debug_info    0x0000000000002fbe       0xa6 ../soc_system_ec_bsp/\libhal_bsp.a(alt_errno.o)
 .debug_info    0x0000000000003064      0x32d ../soc_system_ec_bsp/\libhal_bsp.a(alt_find_dev.o)
 .debug_info    0x0000000000003391       0x92 ../soc_system_ec_bsp/\libhal_bsp.a(alt_icache_flush_all.o)
 .debug_info    0x0000000000003423      0x30d ../soc_system_ec_bsp/\libhal_bsp.a(alt_irq_register.o)
 .debug_info    0x0000000000003730       0x88 ../soc_system_ec_bsp/\libhal_bsp.a(alt_irq_vars.o)
 .debug_info    0x00000000000037b8      0x2bf ../soc_system_ec_bsp/\libhal_bsp.a(alt_tick.o)
 .debug_info    0x0000000000003a77       0xb8 ../soc_system_ec_bsp/\libhal_bsp.a(altera_nios2_gen2_irq.o)
 .debug_info    0x0000000000003b2f       0x79 ../soc_system_ec_bsp/\libhal_bsp.a(alt_irq_entry.o)
 .debug_info    0x0000000000003ba8      0x1a4 ../soc_system_ec_bsp/\libhal_bsp.a(alt_irq_handler.o)
 .debug_info    0x0000000000003d4c       0x7f ../soc_system_ec_bsp/\libhal_bsp.a(alt_exception_entry.o)
 .debug_info    0x0000000000003dcb      0x1fd ../soc_system_ec_bsp/\libhal_bsp.a(alt_instruction_exception_entry.o)
 .debug_info    0x0000000000003fc8       0x8a c:/intelfpga_lite/18.1/nios2eds/bin/gnu/h-x86_64-mingw32/bin/../lib/gcc/nios2-elf/5.3.0/../../../../../H-x86_64-mingw32/nios2-elf/lib/mno-hw-mul\libsmallc.a(lib_a-int_errno.o)
 .debug_info    0x0000000000004052       0xf4 c:/intelfpga_lite/18.1/nios2eds/bin/gnu/h-x86_64-mingw32/bin/../lib/gcc/nios2-elf/5.3.0/../../../../../H-x86_64-mingw32/nios2-elf/lib/mno-hw-mul\libsmallc.a(lib_a-memcmp.o)
 .debug_info    0x0000000000004146      0x119 c:/intelfpga_lite/18.1/nios2eds/bin/gnu/h-x86_64-mingw32/bin/../lib/gcc/nios2-elf/5.3.0/../../../../../H-x86_64-mingw32/nios2-elf/lib/mno-hw-mul\libsmallc.a(lib_a-memcpy.o)
 .debug_info    0x000000000000425f       0xc9 c:/intelfpga_lite/18.1/nios2eds/bin/gnu/h-x86_64-mingw32/bin/../lib/gcc/nios2-elf/5.3.0/../../../../../H-x86_64-mingw32/nios2-elf/lib/mno-hw-mul\libsmallc.a(lib_a-strlen.o)
 .debug_info    0x0000000000004328       0xb4 c:/intelfpga_lite/18.1/nios2eds/bin/gnu/h-x86_64-mingw32/bin/../lib/gcc/nios2-elf/5.3.0/mno-hw-mul\libgcc.a(lib2-mul.o)

.debug_abbrev   0x0000000000000000     0x1cd1
 *(.debug_abbrev)
 .debug_abbrev  0x0000000000000000       0x12 ../soc_system_ec_bsp//obj/HAL/src/crt0.o
 .debug_abbrev  0x0000000000000012      0x144 obj/default/hello_world_small.o
 .debug_abbrev  0x0000000000000156      0x10e c:/intelfpga_lite/18.1/nios2eds/bin/gnu/h-x86_64-mingw32/bin/../lib/gcc/nios2-elf/5.3.0/mno-hw-mul\libgcc.a(lib2-divmod.o)
 .debug_abbrev  0x0000000000000264       0xd8 ../soc_system_ec_bsp/\libhal_bsp.a(alt_load.o)
 .debug_abbrev  0x000000000000033c       0xf5 ../soc_system_ec_bsp/\libhal_bsp.a(alt_main.o)
 .debug_abbrev  0x0000000000000431       0xd5 ../soc_system_ec_bsp/\libhal_bsp.a(alt_printf.o)
 .debug_abbrev  0x0000000000000506       0xd2 ../soc_system_ec_bsp/\libhal_bsp.a(alt_putchar.o)
 .debug_abbrev  0x00000000000005d8       0x8d ../soc_system_ec_bsp/\libhal_bsp.a(alt_usleep.o)
 .debug_abbrev  0x0000000000000665      0x21d ../soc_system_ec_bsp/\libhal_bsp.a(alt_sys_init.o)
 .debug_abbrev  0x0000000000000882      0x1fc ../soc_system_ec_bsp/\libhal_bsp.a(altera_avalon_jtag_uart_init.o)
 .debug_abbrev  0x0000000000000a7e      0x1cd ../soc_system_ec_bsp/\libhal_bsp.a(altera_avalon_jtag_uart_write.o)
 .debug_abbrev  0x0000000000000c4b      0x213 ../soc_system_ec_bsp/\libhal_bsp.a(altera_up_avalon_audio.o)
 .debug_abbrev  0x0000000000000e5e      0x187 ../soc_system_ec_bsp/\libhal_bsp.a(alt_alarm_start.o)
 .debug_abbrev  0x0000000000000fe5       0x8d ../soc_system_ec_bsp/\libhal_bsp.a(alt_busy_sleep.o)
 .debug_abbrev  0x0000000000001072       0x42 ../soc_system_ec_bsp/\libhal_bsp.a(alt_dcache_flush_all.o)
 .debug_abbrev  0x00000000000010b4       0xd9 ../soc_system_ec_bsp/\libhal_bsp.a(alt_dev.o)
 .debug_abbrev  0x000000000000118d      0x11c ../soc_system_ec_bsp/\libhal_bsp.a(alt_dev_llist_insert.o)
 .debug_abbrev  0x00000000000012a9       0x5a ../soc_system_ec_bsp/\libhal_bsp.a(alt_errno.o)
 .debug_abbrev  0x0000000000001303      0x125 ../soc_system_ec_bsp/\libhal_bsp.a(alt_find_dev.o)
 .debug_abbrev  0x0000000000001428       0x42 ../soc_system_ec_bsp/\libhal_bsp.a(alt_icache_flush_all.o)
 .debug_abbrev  0x000000000000146a      0x1a5 ../soc_system_ec_bsp/\libhal_bsp.a(alt_irq_register.o)
 .debug_abbrev  0x000000000000160f       0x40 ../soc_system_ec_bsp/\libhal_bsp.a(alt_irq_vars.o)
 .debug_abbrev  0x000000000000164f      0x198 ../soc_system_ec_bsp/\libhal_bsp.a(alt_tick.o)
 .debug_abbrev  0x00000000000017e7       0x67 ../soc_system_ec_bsp/\libhal_bsp.a(altera_nios2_gen2_irq.o)
 .debug_abbrev  0x000000000000184e       0x12 ../soc_system_ec_bsp/\libhal_bsp.a(alt_irq_entry.o)
 .debug_abbrev  0x0000000000001860      0x138 ../soc_system_ec_bsp/\libhal_bsp.a(alt_irq_handler.o)
 .debug_abbrev  0x0000000000001998       0x12 ../soc_system_ec_bsp/\libhal_bsp.a(alt_exception_entry.o)
 .debug_abbrev  0x00000000000019aa       0xe7 ../soc_system_ec_bsp/\libhal_bsp.a(alt_instruction_exception_entry.o)
 .debug_abbrev  0x0000000000001a91       0x37 c:/intelfpga_lite/18.1/nios2eds/bin/gnu/h-x86_64-mingw32/bin/../lib/gcc/nios2-elf/5.3.0/../../../../../H-x86_64-mingw32/nios2-elf/lib/mno-hw-mul\libsmallc.a(lib_a-int_errno.o)
 .debug_abbrev  0x0000000000001ac8       0x7f c:/intelfpga_lite/18.1/nios2eds/bin/gnu/h-x86_64-mingw32/bin/../lib/gcc/nios2-elf/5.3.0/../../../../../H-x86_64-mingw32/nios2-elf/lib/mno-hw-mul\libsmallc.a(lib_a-memcmp.o)
 .debug_abbrev  0x0000000000001b47       0x9c c:/intelfpga_lite/18.1/nios2eds/bin/gnu/h-x86_64-mingw32/bin/../lib/gcc/nios2-elf/5.3.0/../../../../../H-x86_64-mingw32/nios2-elf/lib/mno-hw-mul\libsmallc.a(lib_a-memcpy.o)
 .debug_abbrev  0x0000000000001be3       0x7f c:/intelfpga_lite/18.1/nios2eds/bin/gnu/h-x86_64-mingw32/bin/../lib/gcc/nios2-elf/5.3.0/../../../../../H-x86_64-mingw32/nios2-elf/lib/mno-hw-mul\libsmallc.a(lib_a-strlen.o)
 .debug_abbrev  0x0000000000001c62       0x6f c:/intelfpga_lite/18.1/nios2eds/bin/gnu/h-x86_64-mingw32/bin/../lib/gcc/nios2-elf/5.3.0/mno-hw-mul\libgcc.a(lib2-mul.o)

.debug_line     0x0000000000000000     0x1d2c
 *(.debug_line)
 .debug_line    0x0000000000000000       0x66 ../soc_system_ec_bsp//obj/HAL/src/crt0.o
 .debug_line    0x0000000000000066      0x1a1 obj/default/hello_world_small.o
 .debug_line    0x0000000000000207      0x105 c:/intelfpga_lite/18.1/nios2eds/bin/gnu/h-x86_64-mingw32/bin/../lib/gcc/nios2-elf/5.3.0/mno-hw-mul\libgcc.a(lib2-divmod.o)
 .debug_line    0x000000000000030c       0xa4 ../soc_system_ec_bsp/\libhal_bsp.a(alt_load.o)
 .debug_line    0x00000000000003b0       0xea ../soc_system_ec_bsp/\libhal_bsp.a(alt_main.o)
 .debug_line    0x000000000000049a      0x112 ../soc_system_ec_bsp/\libhal_bsp.a(alt_printf.o)
 .debug_line    0x00000000000005ac       0x55 ../soc_system_ec_bsp/\libhal_bsp.a(alt_putchar.o)
 .debug_line    0x0000000000000601       0xcf ../soc_system_ec_bsp/\libhal_bsp.a(alt_usleep.o)
 .debug_line    0x00000000000006d0      0x1ac ../soc_system_ec_bsp/\libhal_bsp.a(alt_sys_init.o)
 .debug_line    0x000000000000087c      0x17d ../soc_system_ec_bsp/\libhal_bsp.a(altera_avalon_jtag_uart_init.o)
 .debug_line    0x00000000000009f9      0x18a ../soc_system_ec_bsp/\libhal_bsp.a(altera_avalon_jtag_uart_write.o)
 .debug_line    0x0000000000000b83      0x1b8 ../soc_system_ec_bsp/\libhal_bsp.a(altera_up_avalon_audio.o)
 .debug_line    0x0000000000000d3b       0xfb ../soc_system_ec_bsp/\libhal_bsp.a(alt_alarm_start.o)
 .debug_line    0x0000000000000e36       0xb5 ../soc_system_ec_bsp/\libhal_bsp.a(alt_busy_sleep.o)
 .debug_line    0x0000000000000eeb       0x4e ../soc_system_ec_bsp/\libhal_bsp.a(alt_dcache_flush_all.o)
 .debug_line    0x0000000000000f39       0xf6 ../soc_system_ec_bsp/\libhal_bsp.a(alt_dev.o)
 .debug_line    0x000000000000102f       0xd8 ../soc_system_ec_bsp/\libhal_bsp.a(alt_dev_llist_insert.o)
 .debug_line    0x0000000000001107       0x51 ../soc_system_ec_bsp/\libhal_bsp.a(alt_errno.o)
 .debug_line    0x0000000000001158      0x107 ../soc_system_ec_bsp/\libhal_bsp.a(alt_find_dev.o)
 .debug_line    0x000000000000125f       0x4e ../soc_system_ec_bsp/\libhal_bsp.a(alt_icache_flush_all.o)
 .debug_line    0x00000000000012ad       0xed ../soc_system_ec_bsp/\libhal_bsp.a(alt_irq_register.o)
 .debug_line    0x000000000000139a       0x50 ../soc_system_ec_bsp/\libhal_bsp.a(alt_irq_vars.o)
 .debug_line    0x00000000000013ea      0x118 ../soc_system_ec_bsp/\libhal_bsp.a(alt_tick.o)
 .debug_line    0x0000000000001502       0x8c ../soc_system_ec_bsp/\libhal_bsp.a(altera_nios2_gen2_irq.o)
 .debug_line    0x000000000000158e       0x6b ../soc_system_ec_bsp/\libhal_bsp.a(alt_irq_entry.o)
 .debug_line    0x00000000000015f9       0xc8 ../soc_system_ec_bsp/\libhal_bsp.a(alt_irq_handler.o)
 .debug_line    0x00000000000016c1       0xb3 ../soc_system_ec_bsp/\libhal_bsp.a(alt_exception_entry.o)
 .debug_line    0x0000000000001774       0xbf ../soc_system_ec_bsp/\libhal_bsp.a(alt_instruction_exception_entry.o)
 .debug_line    0x0000000000001833       0x5f c:/intelfpga_lite/18.1/nios2eds/bin/gnu/h-x86_64-mingw32/bin/../lib/gcc/nios2-elf/5.3.0/../../../../../H-x86_64-mingw32/nios2-elf/lib/mno-hw-mul\libsmallc.a(lib_a-int_errno.o)
 .debug_line    0x0000000000001892      0x160 c:/intelfpga_lite/18.1/nios2eds/bin/gnu/h-x86_64-mingw32/bin/../lib/gcc/nios2-elf/5.3.0/../../../../../H-x86_64-mingw32/nios2-elf/lib/mno-hw-mul\libsmallc.a(lib_a-memcmp.o)
 .debug_line    0x00000000000019f2      0x15e c:/intelfpga_lite/18.1/nios2eds/bin/gnu/h-x86_64-mingw32/bin/../lib/gcc/nios2-elf/5.3.0/../../../../../H-x86_64-mingw32/nios2-elf/lib/mno-hw-mul\libsmallc.a(lib_a-memcpy.o)
 .debug_line    0x0000000000001b50      0x15c c:/intelfpga_lite/18.1/nios2eds/bin/gnu/h-x86_64-mingw32/bin/../lib/gcc/nios2-elf/5.3.0/../../../../../H-x86_64-mingw32/nios2-elf/lib/mno-hw-mul\libsmallc.a(lib_a-strlen.o)
 .debug_line    0x0000000000001cac       0x80 c:/intelfpga_lite/18.1/nios2eds/bin/gnu/h-x86_64-mingw32/bin/../lib/gcc/nios2-elf/5.3.0/mno-hw-mul\libgcc.a(lib2-mul.o)

.debug_frame    0x0000000000000000      0x690
 *(.debug_frame)
 .debug_frame   0x0000000000000000       0x40 obj/default/hello_world_small.o
 .debug_frame   0x0000000000000040       0x50 c:/intelfpga_lite/18.1/nios2eds/bin/gnu/h-x86_64-mingw32/bin/../lib/gcc/nios2-elf/5.3.0/mno-hw-mul\libgcc.a(lib2-divmod.o)
 .debug_frame   0x0000000000000090       0x30 ../soc_system_ec_bsp/\libhal_bsp.a(alt_load.o)
 .debug_frame   0x00000000000000c0       0x2c ../soc_system_ec_bsp/\libhal_bsp.a(alt_main.o)
 .debug_frame   0x00000000000000ec       0x54 ../soc_system_ec_bsp/\libhal_bsp.a(alt_printf.o)
 .debug_frame   0x0000000000000140       0x30 ../soc_system_ec_bsp/\libhal_bsp.a(alt_putchar.o)
 .debug_frame   0x0000000000000170       0x20 ../soc_system_ec_bsp/\libhal_bsp.a(alt_usleep.o)
 .debug_frame   0x0000000000000190       0x4c ../soc_system_ec_bsp/\libhal_bsp.a(alt_sys_init.o)
 .debug_frame   0x00000000000001dc       0x64 ../soc_system_ec_bsp/\libhal_bsp.a(altera_avalon_jtag_uart_init.o)
 .debug_frame   0x0000000000000240       0x54 ../soc_system_ec_bsp/\libhal_bsp.a(altera_avalon_jtag_uart_write.o)
 .debug_frame   0x0000000000000294      0x170 ../soc_system_ec_bsp/\libhal_bsp.a(altera_up_avalon_audio.o)
 .debug_frame   0x0000000000000404       0x20 ../soc_system_ec_bsp/\libhal_bsp.a(alt_alarm_start.o)
 .debug_frame   0x0000000000000424       0x30 ../soc_system_ec_bsp/\libhal_bsp.a(alt_busy_sleep.o)
 .debug_frame   0x0000000000000454       0x20 ../soc_system_ec_bsp/\libhal_bsp.a(alt_dcache_flush_all.o)
 .debug_frame   0x0000000000000474       0x20 ../soc_system_ec_bsp/\libhal_bsp.a(alt_dev.o)
 .debug_frame   0x0000000000000494       0x2c ../soc_system_ec_bsp/\libhal_bsp.a(alt_dev_llist_insert.o)
 .debug_frame   0x00000000000004c0       0x3c ../soc_system_ec_bsp/\libhal_bsp.a(alt_find_dev.o)
 .debug_frame   0x00000000000004fc       0x20 ../soc_system_ec_bsp/\libhal_bsp.a(alt_icache_flush_all.o)
 .debug_frame   0x000000000000051c       0x20 ../soc_system_ec_bsp/\libhal_bsp.a(alt_irq_register.o)
 .debug_frame   0x000000000000053c       0x50 ../soc_system_ec_bsp/\libhal_bsp.a(alt_tick.o)
 .debug_frame   0x000000000000058c       0x20 ../soc_system_ec_bsp/\libhal_bsp.a(altera_nios2_gen2_irq.o)
 .debug_frame   0x00000000000005ac       0x34 ../soc_system_ec_bsp/\libhal_bsp.a(alt_irq_handler.o)
 .debug_frame   0x00000000000005e0       0x30 ../soc_system_ec_bsp/\libhal_bsp.a(alt_instruction_exception_entry.o)
 .debug_frame   0x0000000000000610       0x20 c:/intelfpga_lite/18.1/nios2eds/bin/gnu/h-x86_64-mingw32/bin/../lib/gcc/nios2-elf/5.3.0/../../../../../H-x86_64-mingw32/nios2-elf/lib/mno-hw-mul\libsmallc.a(lib_a-memcmp.o)
 .debug_frame   0x0000000000000630       0x20 c:/intelfpga_lite/18.1/nios2eds/bin/gnu/h-x86_64-mingw32/bin/../lib/gcc/nios2-elf/5.3.0/../../../../../H-x86_64-mingw32/nios2-elf/lib/mno-hw-mul\libsmallc.a(lib_a-memcpy.o)
 .debug_frame   0x0000000000000650       0x20 c:/intelfpga_lite/18.1/nios2eds/bin/gnu/h-x86_64-mingw32/bin/../lib/gcc/nios2-elf/5.3.0/../../../../../H-x86_64-mingw32/nios2-elf/lib/mno-hw-mul\libsmallc.a(lib_a-strlen.o)
 .debug_frame   0x0000000000000670       0x20 c:/intelfpga_lite/18.1/nios2eds/bin/gnu/h-x86_64-mingw32/bin/../lib/gcc/nios2-elf/5.3.0/mno-hw-mul\libgcc.a(lib2-mul.o)

.debug_str      0x0000000000000000     0x16ed
 *(.debug_str)
 .debug_str     0x0000000000000000      0x243 obj/default/hello_world_small.o
                                        0x2a7 (size before relaxing)
 .debug_str     0x0000000000000243      0x187 c:/intelfpga_lite/18.1/nios2eds/bin/gnu/h-x86_64-mingw32/bin/../lib/gcc/nios2-elf/5.3.0/mno-hw-mul\libgcc.a(lib2-divmod.o)
                                        0x1d2 (size before relaxing)
 .debug_str     0x00000000000003ca      0x157 ../soc_system_ec_bsp/\libhal_bsp.a(alt_load.o)
                                        0x23e (size before relaxing)
 .debug_str     0x0000000000000521       0x7f ../soc_system_ec_bsp/\libhal_bsp.a(alt_main.o)
                                        0x1e0 (size before relaxing)
 .debug_str     0x00000000000005a0       0x59 ../soc_system_ec_bsp/\libhal_bsp.a(alt_printf.o)
                                        0x108 (size before relaxing)
 .debug_str     0x00000000000005f9       0x5e ../soc_system_ec_bsp/\libhal_bsp.a(alt_putchar.o)
                                        0x18d (size before relaxing)
 .debug_str     0x0000000000000657       0x2f ../soc_system_ec_bsp/\libhal_bsp.a(alt_usleep.o)
                                        0x159 (size before relaxing)
 .debug_str     0x0000000000000686      0x232 ../soc_system_ec_bsp/\libhal_bsp.a(alt_sys_init.o)
                                        0x4b4 (size before relaxing)
 .debug_str     0x00000000000008b8       0xda ../soc_system_ec_bsp/\libhal_bsp.a(altera_avalon_jtag_uart_init.o)
                                        0x37c (size before relaxing)
 .debug_str     0x0000000000000992       0x70 ../soc_system_ec_bsp/\libhal_bsp.a(altera_avalon_jtag_uart_write.o)
                                        0x313 (size before relaxing)
 .debug_str     0x0000000000000a02      0x20e ../soc_system_ec_bsp/\libhal_bsp.a(altera_up_avalon_audio.o)
                                        0x44c (size before relaxing)
 .debug_str     0x0000000000000c10       0x49 ../soc_system_ec_bsp/\libhal_bsp.a(alt_alarm_start.o)
                                        0x2a1 (size before relaxing)
 .debug_str     0x0000000000000c59       0x33 ../soc_system_ec_bsp/\libhal_bsp.a(alt_busy_sleep.o)
                                        0x16d (size before relaxing)
 .debug_str     0x0000000000000c8c       0x1f ../soc_system_ec_bsp/\libhal_bsp.a(alt_dcache_flush_all.o)
                                        0x157 (size before relaxing)
 .debug_str     0x0000000000000cab      0x12c ../soc_system_ec_bsp/\libhal_bsp.a(alt_dev.o)
                                        0x307 (size before relaxing)
 .debug_str     0x0000000000000dd7       0x37 ../soc_system_ec_bsp/\libhal_bsp.a(alt_dev_llist_insert.o)
                                        0x1ce (size before relaxing)
 .debug_str     0x0000000000000e0e       0x14 ../soc_system_ec_bsp/\libhal_bsp.a(alt_errno.o)
                                        0x147 (size before relaxing)
 .debug_str     0x0000000000000e22       0x25 ../soc_system_ec_bsp/\libhal_bsp.a(alt_find_dev.o)
                                        0x1fc (size before relaxing)
 .debug_str     0x0000000000000e47       0x1f ../soc_system_ec_bsp/\libhal_bsp.a(alt_icache_flush_all.o)
                                        0x157 (size before relaxing)
 .debug_str     0x0000000000000e66       0x66 ../soc_system_ec_bsp/\libhal_bsp.a(alt_irq_register.o)
                                        0x20a (size before relaxing)
 .debug_str     0x0000000000000ecc       0x17 ../soc_system_ec_bsp/\libhal_bsp.a(alt_irq_vars.o)
                                        0x13c (size before relaxing)
 .debug_str     0x0000000000000ee3       0x4a ../soc_system_ec_bsp/\libhal_bsp.a(alt_tick.o)
                                        0x275 (size before relaxing)
 .debug_str     0x0000000000000f2d       0x20 ../soc_system_ec_bsp/\libhal_bsp.a(altera_nios2_gen2_irq.o)
                                        0x187 (size before relaxing)
 .debug_str     0x0000000000000f4d       0x3a ../soc_system_ec_bsp/\libhal_bsp.a(alt_irq_handler.o)
                                        0x1ba (size before relaxing)
 .debug_str     0x0000000000000f87      0x48b ../soc_system_ec_bsp/\libhal_bsp.a(alt_instruction_exception_entry.o)
                                        0x5a2 (size before relaxing)
 .debug_str     0x0000000000001412      0x134 c:/intelfpga_lite/18.1/nios2eds/bin/gnu/h-x86_64-mingw32/bin/../lib/gcc/nios2-elf/5.3.0/../../../../../H-x86_64-mingw32/nios2-elf/lib/mno-hw-mul\libsmallc.a(lib_a-int_errno.o)
                                        0x1d8 (size before relaxing)
 .debug_str     0x0000000000001546       0xd9 c:/intelfpga_lite/18.1/nios2eds/bin/gnu/h-x86_64-mingw32/bin/../lib/gcc/nios2-elf/5.3.0/../../../../../H-x86_64-mingw32/nios2-elf/lib/mno-hw-mul\libsmallc.a(lib_a-memcmp.o)
                                        0x1df (size before relaxing)
 .debug_str     0x000000000000161f       0x51 c:/intelfpga_lite/18.1/nios2eds/bin/gnu/h-x86_64-mingw32/bin/../lib/gcc/nios2-elf/5.3.0/../../../../../H-x86_64-mingw32/nios2-elf/lib/mno-hw-mul\libsmallc.a(lib_a-memcpy.o)
                                        0x1f3 (size before relaxing)
 .debug_str     0x0000000000001670       0x3d c:/intelfpga_lite/18.1/nios2eds/bin/gnu/h-x86_64-mingw32/bin/../lib/gcc/nios2-elf/5.3.0/../../../../../H-x86_64-mingw32/nios2-elf/lib/mno-hw-mul\libsmallc.a(lib_a-strlen.o)
                                        0x1e5 (size before relaxing)
 .debug_str     0x00000000000016ad       0x40 c:/intelfpga_lite/18.1/nios2eds/bin/gnu/h-x86_64-mingw32/bin/../lib/gcc/nios2-elf/5.3.0/mno-hw-mul\libgcc.a(lib2-mul.o)
                                        0x193 (size before relaxing)

.debug_loc      0x0000000000000000     0x1728
 *(.debug_loc)
 .debug_loc     0x0000000000000000       0x8a obj/default/hello_world_small.o
 .debug_loc     0x000000000000008a      0x4ce c:/intelfpga_lite/18.1/nios2eds/bin/gnu/h-x86_64-mingw32/bin/../lib/gcc/nios2-elf/5.3.0/mno-hw-mul\libgcc.a(lib2-divmod.o)
 .debug_loc     0x0000000000000558      0x1de ../soc_system_ec_bsp/\libhal_bsp.a(alt_printf.o)
 .debug_loc     0x0000000000000736       0x2c ../soc_system_ec_bsp/\libhal_bsp.a(alt_putchar.o)
 .debug_loc     0x0000000000000762       0x21 ../soc_system_ec_bsp/\libhal_bsp.a(alt_usleep.o)
 .debug_loc     0x0000000000000783       0x39 ../soc_system_ec_bsp/\libhal_bsp.a(alt_sys_init.o)
 .debug_loc     0x00000000000007bc      0x134 ../soc_system_ec_bsp/\libhal_bsp.a(altera_avalon_jtag_uart_init.o)
 .debug_loc     0x00000000000008f0      0x176 ../soc_system_ec_bsp/\libhal_bsp.a(altera_avalon_jtag_uart_write.o)
 .debug_loc     0x0000000000000a66      0x5f0 ../soc_system_ec_bsp/\libhal_bsp.a(altera_up_avalon_audio.o)
 .debug_loc     0x0000000000001056       0xaf ../soc_system_ec_bsp/\libhal_bsp.a(alt_alarm_start.o)
 .debug_loc     0x0000000000001105       0x67 ../soc_system_ec_bsp/\libhal_bsp.a(alt_busy_sleep.o)
 .debug_loc     0x000000000000116c       0x7e ../soc_system_ec_bsp/\libhal_bsp.a(alt_dev_llist_insert.o)
 .debug_loc     0x00000000000011ea       0x7e ../soc_system_ec_bsp/\libhal_bsp.a(alt_find_dev.o)
 .debug_loc     0x0000000000001268       0xfa ../soc_system_ec_bsp/\libhal_bsp.a(alt_irq_register.o)
 .debug_loc     0x0000000000001362       0x75 ../soc_system_ec_bsp/\libhal_bsp.a(alt_tick.o)
 .debug_loc     0x00000000000013d7       0x72 ../soc_system_ec_bsp/\libhal_bsp.a(alt_irq_handler.o)
 .debug_loc     0x0000000000001449       0x65 ../soc_system_ec_bsp/\libhal_bsp.a(alt_instruction_exception_entry.o)
 .debug_loc     0x00000000000014ae       0x94 c:/intelfpga_lite/18.1/nios2eds/bin/gnu/h-x86_64-mingw32/bin/../lib/gcc/nios2-elf/5.3.0/../../../../../H-x86_64-mingw32/nios2-elf/lib/mno-hw-mul\libsmallc.a(lib_a-memcmp.o)
 .debug_loc     0x0000000000001542      0x135 c:/intelfpga_lite/18.1/nios2eds/bin/gnu/h-x86_64-mingw32/bin/../lib/gcc/nios2-elf/5.3.0/../../../../../H-x86_64-mingw32/nios2-elf/lib/mno-hw-mul\libsmallc.a(lib_a-memcpy.o)
 .debug_loc     0x0000000000001677       0x1e c:/intelfpga_lite/18.1/nios2eds/bin/gnu/h-x86_64-mingw32/bin/../lib/gcc/nios2-elf/5.3.0/../../../../../H-x86_64-mingw32/nios2-elf/lib/mno-hw-mul\libsmallc.a(lib_a-strlen.o)
 .debug_loc     0x0000000000001695       0x93 c:/intelfpga_lite/18.1/nios2eds/bin/gnu/h-x86_64-mingw32/bin/../lib/gcc/nios2-elf/5.3.0/mno-hw-mul\libgcc.a(lib2-mul.o)

.debug_macinfo
 *(.debug_macinfo)

.debug_weaknames
 *(.debug_weaknames)

.debug_funcnames
 *(.debug_funcnames)

.debug_typenames
 *(.debug_typenames)

.debug_varnames
 *(.debug_varnames)

.debug_alt_sim_info
                0x0000000000000000       0x40
 *(.debug_alt_sim_info)
 .debug_alt_sim_info
                0x0000000000000000       0x10 ../soc_system_ec_bsp//obj/HAL/src/crt0.o
 .debug_alt_sim_info
                0x0000000000000010       0x30 ../soc_system_ec_bsp/\libhal_bsp.a(alt_busy_sleep.o)
                0x0000000000008000                __alt_data_end = 0x8000
                0x0000000000008000                PROVIDE (__alt_stack_pointer, __alt_data_end)
                [!provide]                        PROVIDE (__alt_stack_limit, __alt_stack_base)
                [!provide]                        PROVIDE (__alt_heap_start, end)
                [!provide]                        PROVIDE (__alt_heap_limit, 0x8000)
OUTPUT(soc_system_ec.elf elf32-littlenios2)

.debug_ranges   0x0000000000000000      0x258
 .debug_ranges  0x0000000000000000       0x20 ../soc_system_ec_bsp//obj/HAL/src/crt0.o
 .debug_ranges  0x0000000000000020       0x48 obj/default/hello_world_small.o
 .debug_ranges  0x0000000000000068       0x60 c:/intelfpga_lite/18.1/nios2eds/bin/gnu/h-x86_64-mingw32/bin/../lib/gcc/nios2-elf/5.3.0/mno-hw-mul\libgcc.a(lib2-divmod.o)
 .debug_ranges  0x00000000000000c8       0x48 ../soc_system_ec_bsp/\libhal_bsp.a(alt_load.o)
 .debug_ranges  0x0000000000000110       0x18 ../soc_system_ec_bsp/\libhal_bsp.a(alt_printf.o)
 .debug_ranges  0x0000000000000128       0x18 ../soc_system_ec_bsp/\libhal_bsp.a(alt_sys_init.o)
 .debug_ranges  0x0000000000000140       0x30 ../soc_system_ec_bsp/\libhal_bsp.a(altera_avalon_jtag_uart_init.o)
 .debug_ranges  0x0000000000000170       0x18 ../soc_system_ec_bsp/\libhal_bsp.a(altera_avalon_jtag_uart_write.o)
 .debug_ranges  0x0000000000000188       0x20 ../soc_system_ec_bsp/\libhal_bsp.a(alt_dev_llist_insert.o)
 .debug_ranges  0x00000000000001a8       0x28 ../soc_system_ec_bsp/\libhal_bsp.a(alt_irq_entry.o)
 .debug_ranges  0x00000000000001d0       0x10 ../soc_system_ec_bsp/\libhal_bsp.a(alt_irq_handler.o)
 .debug_ranges  0x00000000000001e0       0x30 ../soc_system_ec_bsp/\libhal_bsp.a(alt_exception_entry.o)
 .debug_ranges  0x0000000000000210       0x18 ../soc_system_ec_bsp/\libhal_bsp.a(alt_instruction_exception_entry.o)
 .debug_ranges  0x0000000000000228       0x10 c:/intelfpga_lite/18.1/nios2eds/bin/gnu/h-x86_64-mingw32/bin/../lib/gcc/nios2-elf/5.3.0/../../../../../H-x86_64-mingw32/nios2-elf/lib/mno-hw-mul\libsmallc.a(lib_a-memcmp.o)
 .debug_ranges  0x0000000000000238       0x10 c:/intelfpga_lite/18.1/nios2eds/bin/gnu/h-x86_64-mingw32/bin/../lib/gcc/nios2-elf/5.3.0/../../../../../H-x86_64-mingw32/nios2-elf/lib/mno-hw-mul\libsmallc.a(lib_a-memcpy.o)
 .debug_ranges  0x0000000000000248       0x10 c:/intelfpga_lite/18.1/nios2eds/bin/gnu/h-x86_64-mingw32/bin/../lib/gcc/nios2-elf/5.3.0/../../../../../H-x86_64-mingw32/nios2-elf/lib/mno-hw-mul\libsmallc.a(lib_a-strlen.o)
