Archive member included to satisfy reference by file (symbol)

c:/intelfpga_lite/18.0/nios2eds/bin/gnu/h-x86_64-mingw32/bin/../lib/gcc/nios2-elf/5.3.0\libgcc.a(lib2-divmod.o)
                              obj/default/hello_world_small.o (__udivsi3)
../audio_nios_bsp/\libhal_bsp.a(alt_load.o)
                              ../audio_nios_bsp//obj/HAL/src/crt0.o (alt_load)
../audio_nios_bsp/\libhal_bsp.a(alt_main.o)
                              ../audio_nios_bsp//obj/HAL/src/crt0.o (alt_main)
../audio_nios_bsp/\libhal_bsp.a(alt_printf.o)
                              obj/default/hello_world_small.o (alt_printf)
../audio_nios_bsp/\libhal_bsp.a(alt_putchar.o)
                              ../audio_nios_bsp/\libhal_bsp.a(alt_printf.o) (alt_putchar)
../audio_nios_bsp/\libhal_bsp.a(alt_putstr.o)
                              obj/default/hello_world_small.o (alt_putstr)
../audio_nios_bsp/\libhal_bsp.a(alt_sys_init.o)
                              ../audio_nios_bsp/\libhal_bsp.a(alt_main.o) (alt_irq_init)
../audio_nios_bsp/\libhal_bsp.a(altera_avalon_jtag_uart_write.o)
                              ../audio_nios_bsp/\libhal_bsp.a(alt_putchar.o) (altera_avalon_jtag_uart_write)
../audio_nios_bsp/\libhal_bsp.a(alt_dcache_flush_all.o)
                              ../audio_nios_bsp/\libhal_bsp.a(alt_load.o) (alt_dcache_flush_all)
../audio_nios_bsp/\libhal_bsp.a(alt_dev.o)
                              ../audio_nios_bsp/\libhal_bsp.a(alt_sys_init.o) (alt_dev_list)
../audio_nios_bsp/\libhal_bsp.a(alt_dev_llist_insert.o)
                              ../audio_nios_bsp/\libhal_bsp.a(alt_sys_init.o) (alt_dev_llist_insert)
../audio_nios_bsp/\libhal_bsp.a(alt_errno.o)
                              ../audio_nios_bsp/\libhal_bsp.a(alt_dev_llist_insert.o) (alt_errno)
../audio_nios_bsp/\libhal_bsp.a(alt_icache_flush_all.o)
                              ../audio_nios_bsp/\libhal_bsp.a(alt_load.o) (alt_icache_flush_all)
../audio_nios_bsp/\libhal_bsp.a(altera_nios2_gen2_irq.o)
                              ../audio_nios_bsp/\libhal_bsp.a(alt_sys_init.o) (altera_nios2_gen2_irq_init)
../audio_nios_bsp/\libhal_bsp.a(alt_icache_flush.o)
                              ../audio_nios_bsp/\libhal_bsp.a(alt_icache_flush_all.o) (alt_icache_flush)
c:/intelfpga_lite/18.0/nios2eds/bin/gnu/h-x86_64-mingw32/bin/../lib/gcc/nios2-elf/5.3.0/../../../../../H-x86_64-mingw32/nios2-elf/lib\libsmallc.a(lib_a-int_errno.o)
                              ../audio_nios_bsp/\libhal_bsp.a(alt_dev_llist_insert.o) (errno)
c:/intelfpga_lite/18.0/nios2eds/bin/gnu/h-x86_64-mingw32/bin/../lib/gcc/nios2-elf/5.3.0/../../../../../H-x86_64-mingw32/nios2-elf/lib\libsmallc.a(lib_a-strlen.o)
                              ../audio_nios_bsp/\libhal_bsp.a(alt_putstr.o) (strlen)

Allocating common symbols
Common symbol       size              file

errno               0x4               c:/intelfpga_lite/18.0/nios2eds/bin/gnu/h-x86_64-mingw32/bin/../lib/gcc/nios2-elf/5.3.0/../../../../../H-x86_64-mingw32/nios2-elf/lib\libsmallc.a(lib_a-int_errno.o)

Memory Configuration

Name             Origin             Length             Attributes
reset            0x0000000000004000 0x0000000000000020
RAM              0x0000000000004020 0x0000000000002f80
*default*        0x0000000000000000 0xffffffffffffffff

Linker script and memory map

LOAD ../audio_nios_bsp//obj/HAL/src/crt0.o
LOAD obj/default/hello_world_small.o
LOAD c:/intelfpga_lite/18.0/nios2eds/bin/gnu/h-x86_64-mingw32/bin/../lib/gcc/nios2-elf/5.3.0/../../../../../H-x86_64-mingw32/nios2-elf/lib\libstdc++.a
LOAD c:/intelfpga_lite/18.0/nios2eds/bin/gnu/h-x86_64-mingw32/bin/../lib/gcc/nios2-elf/5.3.0/../../../../../H-x86_64-mingw32/nios2-elf/lib\libm.a
LOAD c:/intelfpga_lite/18.0/nios2eds/bin/gnu/h-x86_64-mingw32/bin/../lib/gcc/nios2-elf/5.3.0\libgcc.a
START GROUP
LOAD c:/intelfpga_lite/18.0/nios2eds/bin/gnu/h-x86_64-mingw32/bin/../lib/gcc/nios2-elf/5.3.0/../../../../../H-x86_64-mingw32/nios2-elf/lib\libsmallc.a
LOAD c:/intelfpga_lite/18.0/nios2eds/bin/gnu/h-x86_64-mingw32/bin/../lib/gcc/nios2-elf/5.3.0\libgcc.a
LOAD ../audio_nios_bsp/\libhal_bsp.a
LOAD c:/intelfpga_lite/18.0/nios2eds/bin/gnu/h-x86_64-mingw32/bin/../lib/gcc/nios2-elf/5.3.0/../../../../../H-x86_64-mingw32/nios2-elf/lib\libm.a
END GROUP
LOAD c:/intelfpga_lite/18.0/nios2eds/bin/gnu/h-x86_64-mingw32/bin/../lib/gcc/nios2-elf/5.3.0\libgcc.a
                0x0000000000004000                __alt_mem_RAM = 0x4000

.entry          0x0000000000004000       0x20
 *(.entry)
 .entry         0x0000000000004000       0x20 ../audio_nios_bsp//obj/HAL/src/crt0.o
                0x0000000000004000                __reset
                0x000000000000401c                _exit

.exceptions     0x0000000000004020        0x0
                0x0000000000004020                PROVIDE (__ram_exceptions_start, ABSOLUTE (.))
                0x0000000000004020                . = ALIGN (0x20)
 *(.irq)
 *(.exceptions.entry.label)
 *(.exceptions.entry.user)
 *(.exceptions.entry.ecc_fatal)
 *(.exceptions.entry)
 *(.exceptions.irqtest.user)
 *(.exceptions.irqtest)
 *(.exceptions.irqhandler.user)
 *(.exceptions.irqhandler)
 *(.exceptions.irqreturn.user)
 *(.exceptions.irqreturn)
 *(.exceptions.notirq.label)
 *(.exceptions.notirq.user)
 *(.exceptions.notirq)
 *(.exceptions.soft.user)
 *(.exceptions.soft)
 *(.exceptions.unknown.user)
 *(.exceptions.unknown)
 *(.exceptions.exit.label)
 *(.exceptions.exit.user)
 *(.exceptions.exit)
 *(.exceptions)
                0x0000000000004020                PROVIDE (__ram_exceptions_end, ABSOLUTE (.))
                0x0000000000004020                PROVIDE (__flash_exceptions_start, LOADADDR (.exceptions))

.text           0x0000000000004020      0xac4
                [!provide]                        PROVIDE (stext, ABSOLUTE (.))
 *(.interp)
 *(.hash)
 *(.dynsym)
 *(.dynstr)
 *(.gnu.version)
 *(.gnu.version_d)
 *(.gnu.version_r)
 *(.rel.init)
 *(.rela.init)
 *(.rel.text .rel.text.* .rel.gnu.linkonce.t.*)
 *(.rela.text .rela.text.* .rela.gnu.linkonce.t.*)
 *(.rel.fini)
 *(.rela.fini)
 *(.rel.rodata .rel.rodata.* .rel.gnu.linkonce.r.*)
 *(.rela.rodata .rela.rodata.* .rela.gnu.linkonce.r.*)
 *(.rel.data .rel.data.* .rel.gnu.linkonce.d.*)
 *(.rela.data .rela.data.* .rela.gnu.linkonce.d.*)
 *(.rel.tdata .rel.tdata.* .rel.gnu.linkonce.td.*)
 *(.rela.tdata .rela.tdata.* .rela.gnu.linkonce.td.*)
 *(.rel.tbss .rel.tbss.* .rel.gnu.linkonce.tb.*)
 *(.rela.tbss .rela.tbss.* .rela.gnu.linkonce.tb.*)
 *(.rel.ctors)
 *(.rela.ctors)
 *(.rel.dtors)
 *(.rela.dtors)
 *(.rel.got)
 *(.rela.got)
 *(.rel.sdata .rel.sdata.* .rel.gnu.linkonce.s.*)
 *(.rela.sdata .rela.sdata.* .rela.gnu.linkonce.s.*)
 *(.rel.sbss .rel.sbss.* .rel.gnu.linkonce.sb.*)
 *(.rela.sbss .rela.sbss.* .rela.gnu.linkonce.sb.*)
 *(.rel.sdata2 .rel.sdata2.* .rel.gnu.linkonce.s2.*)
 *(.rela.sdata2 .rela.sdata2.* .rela.gnu.linkonce.s2.*)
 *(.rel.sbss2 .rel.sbss2.* .rel.gnu.linkonce.sb2.*)
 *(.rela.sbss2 .rela.sbss2.* .rela.gnu.linkonce.sb2.*)
 *(.rel.bss .rel.bss.* .rel.gnu.linkonce.b.*)
 *(.rela.bss .rela.bss.* .rela.gnu.linkonce.b.*)
 *(.rel.plt)
 *(.rela.plt)
 *(.rel.dyn)
 *(.init)
 *(.plt)
 *(.text .stub .text.* .gnu.linkonce.t.*)
 .text          0x0000000000004020       0x4c ../audio_nios_bsp//obj/HAL/src/crt0.o
                0x0000000000004020                _start
 .text          0x000000000000406c      0x334 obj/default/hello_world_small.o
                0x000000000000406c                audio_ir_handler
                0x00000000000040ac                timer_ir_handler
                0x0000000000004114                update_seven_segment_display
                0x00000000000041dc                init_audio
                0x00000000000041fc                play_audio
                0x0000000000004224                pause_audio
                0x0000000000004248                next_track
                0x00000000000042a8                previous_track
                0x0000000000004304                handle_buttons
 .text.startup  0x00000000000043a0      0x13c obj/default/hello_world_small.o
                0x00000000000043a0                main
 .text          0x00000000000044dc      0x1b4 c:/intelfpga_lite/18.0/nios2eds/bin/gnu/h-x86_64-mingw32/bin/../lib/gcc/nios2-elf/5.3.0\libgcc.a(lib2-divmod.o)
                0x00000000000044dc                __divsi3
                0x0000000000004560                __modsi3
                0x00000000000045d4                __udivsi3
                0x0000000000004638                __umodsi3
 .text          0x0000000000004690       0xe0 ../audio_nios_bsp/\libhal_bsp.a(alt_load.o)
                0x0000000000004690                alt_load
 .text          0x0000000000004770       0x2c ../audio_nios_bsp/\libhal_bsp.a(alt_main.o)
                0x0000000000004770                alt_main
 .text          0x000000000000479c      0x170 ../audio_nios_bsp/\libhal_bsp.a(alt_printf.o)
                0x000000000000479c                alt_printf
 .text          0x000000000000490c       0x48 ../audio_nios_bsp/\libhal_bsp.a(alt_putchar.o)
                0x000000000000490c                alt_putchar
 .text          0x0000000000004954       0x38 ../audio_nios_bsp/\libhal_bsp.a(alt_putstr.o)
                0x0000000000004954                alt_putstr
 .text          0x000000000000498c       0x30 ../audio_nios_bsp/\libhal_bsp.a(alt_sys_init.o)
                0x000000000000498c                alt_irq_init
                0x00000000000049ac                alt_sys_init
 .text          0x00000000000049bc       0x34 ../audio_nios_bsp/\libhal_bsp.a(altera_avalon_jtag_uart_write.o)
                0x00000000000049bc                altera_avalon_jtag_uart_write
 .text          0x00000000000049f0       0x18 ../audio_nios_bsp/\libhal_bsp.a(alt_dcache_flush_all.o)
                0x00000000000049f0                alt_dcache_flush_all
 .text          0x0000000000004a08        0x8 ../audio_nios_bsp/\libhal_bsp.a(alt_dev.o)
 .text          0x0000000000004a10       0x6c ../audio_nios_bsp/\libhal_bsp.a(alt_dev_llist_insert.o)
                0x0000000000004a10                alt_dev_llist_insert
 .text          0x0000000000004a7c        0x0 ../audio_nios_bsp/\libhal_bsp.a(alt_errno.o)
 .text          0x0000000000004a7c        0xc ../audio_nios_bsp/\libhal_bsp.a(alt_icache_flush_all.o)
                0x0000000000004a7c                alt_icache_flush_all
 .text          0x0000000000004a88        0x8 ../audio_nios_bsp/\libhal_bsp.a(altera_nios2_gen2_irq.o)
                0x0000000000004a88                altera_nios2_gen2_irq_init
 .text          0x0000000000004a90       0x38 ../audio_nios_bsp/\libhal_bsp.a(alt_icache_flush.o)
                0x0000000000004a90                alt_icache_flush
 .text          0x0000000000004ac8        0x0 c:/intelfpga_lite/18.0/nios2eds/bin/gnu/h-x86_64-mingw32/bin/../lib/gcc/nios2-elf/5.3.0/../../../../../H-x86_64-mingw32/nios2-elf/lib\libsmallc.a(lib_a-int_errno.o)
 .text          0x0000000000004ac8        0x0 c:/intelfpga_lite/18.0/nios2eds/bin/gnu/h-x86_64-mingw32/bin/../lib/gcc/nios2-elf/5.3.0/../../../../../H-x86_64-mingw32/nios2-elf/lib\libsmallc.a(lib_a-strlen.o)
 .text.strlen   0x0000000000004ac8       0x1c c:/intelfpga_lite/18.0/nios2eds/bin/gnu/h-x86_64-mingw32/bin/../lib/gcc/nios2-elf/5.3.0/../../../../../H-x86_64-mingw32/nios2-elf/lib\libsmallc.a(lib_a-strlen.o)
                0x0000000000004ac8                strlen
 *(.gnu.warning.*)
 *(.fini)
                [!provide]                        PROVIDE (__etext, ABSOLUTE (.))
                [!provide]                        PROVIDE (_etext, ABSOLUTE (.))
                [!provide]                        PROVIDE (etext, ABSOLUTE (.))
 *(.eh_frame_hdr)
                0x0000000000004ae4                . = ALIGN (0x4)
                [!provide]                        PROVIDE (__preinit_array_start, ABSOLUTE (.))
 *(.preinit_array)
                [!provide]                        PROVIDE (__preinit_array_end, ABSOLUTE (.))
                [!provide]                        PROVIDE (__init_array_start, ABSOLUTE (.))
 *(.init_array)
                [!provide]                        PROVIDE (__init_array_end, ABSOLUTE (.))
                [!provide]                        PROVIDE (__fini_array_start, ABSOLUTE (.))
 *(.fini_array)
                [!provide]                        PROVIDE (__fini_array_end, ABSOLUTE (.))
 *(.eh_frame)
 *(.gcc_except_table .gcc_except_table.*)
 *(.dynamic)
                [!provide]                        PROVIDE (__CTOR_LIST__, ABSOLUTE (.))
 *(.ctors)
 *(SORT(.ctors.*))
                [!provide]                        PROVIDE (__CTOR_END__, ABSOLUTE (.))
                [!provide]                        PROVIDE (__DTOR_LIST__, ABSOLUTE (.))
 *(.dtors)
 *(SORT(.dtors.*))
                [!provide]                        PROVIDE (__DTOR_END__, ABSOLUTE (.))
 *(.jcr)
                0x0000000000004ae4                . = ALIGN (0x4)

.rodata         0x0000000000004ae4      0x200
                0x0000000000004ae4                PROVIDE (__ram_rodata_start, ABSOLUTE (.))
                0x0000000000004ae4                . = ALIGN (0x4)
 *(.rodata .rodata.* .gnu.linkonce.r.*)
 .rodata.str1.4
                0x0000000000004ae4      0x1db obj/default/hello_world_small.o
 .rodata        0x0000000000004cbf        0xa obj/default/hello_world_small.o
                0x0000000000004cbf                seven_seg_patterns
 *fill*         0x0000000000004cc9        0x3 
 .rodata.str1.4
                0x0000000000004ccc        0xb ../audio_nios_bsp/\libhal_bsp.a(alt_sys_init.o)
 *fill*         0x0000000000004cd7        0x1 
 .rodata.str1.4
                0x0000000000004cd8        0xc ../audio_nios_bsp/\libhal_bsp.a(alt_dev.o)
                                          0xa (size before relaxing)
 *(.rodata1)
                0x0000000000004ce4                . = ALIGN (0x4)
                0x0000000000004ce4                PROVIDE (__ram_rodata_end, ABSOLUTE (.))
                0x0000000000004ae4                PROVIDE (__flash_rodata_start, LOADADDR (.rodata))

.rwdata         0x0000000000004ce4       0xa4 load address 0x0000000000004d88
                0x0000000000004ce4                PROVIDE (__ram_rwdata_start, ABSOLUTE (.))
                0x0000000000004ce4                . = ALIGN (0x4)
 *(.got.plt)
 *(.got)
 *(.data1)
 *(.data .data.* .gnu.linkonce.d.*)
 .data          0x0000000000004ce4        0x0 ../audio_nios_bsp//obj/HAL/src/crt0.o
 .data          0x0000000000004ce4        0x0 obj/default/hello_world_small.o
 .data          0x0000000000004ce4        0x0 c:/intelfpga_lite/18.0/nios2eds/bin/gnu/h-x86_64-mingw32/bin/../lib/gcc/nios2-elf/5.3.0\libgcc.a(lib2-divmod.o)
 .data          0x0000000000004ce4        0x0 ../audio_nios_bsp/\libhal_bsp.a(alt_load.o)
 .data          0x0000000000004ce4        0x0 ../audio_nios_bsp/\libhal_bsp.a(alt_main.o)
 .data          0x0000000000004ce4        0x0 ../audio_nios_bsp/\libhal_bsp.a(alt_printf.o)
 .data          0x0000000000004ce4        0x0 ../audio_nios_bsp/\libhal_bsp.a(alt_putchar.o)
 .data          0x0000000000004ce4        0x0 ../audio_nios_bsp/\libhal_bsp.a(alt_putstr.o)
 .data          0x0000000000004ce4       0x30 ../audio_nios_bsp/\libhal_bsp.a(alt_sys_init.o)
 .data          0x0000000000004d14        0x0 ../audio_nios_bsp/\libhal_bsp.a(altera_avalon_jtag_uart_write.o)
 .data          0x0000000000004d14        0x0 ../audio_nios_bsp/\libhal_bsp.a(alt_dcache_flush_all.o)
 .data          0x0000000000004d14       0x58 ../audio_nios_bsp/\libhal_bsp.a(alt_dev.o)
                0x0000000000004d14                alt_fd_list
                0x0000000000004d44                alt_dev_null
 .data          0x0000000000004d6c        0x0 ../audio_nios_bsp/\libhal_bsp.a(alt_dev_llist_insert.o)
 .data          0x0000000000004d6c        0x0 ../audio_nios_bsp/\libhal_bsp.a(alt_errno.o)
 .data          0x0000000000004d6c        0x0 ../audio_nios_bsp/\libhal_bsp.a(alt_icache_flush_all.o)
 .data          0x0000000000004d6c        0x0 ../audio_nios_bsp/\libhal_bsp.a(altera_nios2_gen2_irq.o)
 .data          0x0000000000004d6c        0x0 ../audio_nios_bsp/\libhal_bsp.a(alt_icache_flush.o)
 .data          0x0000000000004d6c        0x0 c:/intelfpga_lite/18.0/nios2eds/bin/gnu/h-x86_64-mingw32/bin/../lib/gcc/nios2-elf/5.3.0/../../../../../H-x86_64-mingw32/nios2-elf/lib\libsmallc.a(lib_a-int_errno.o)
 .data          0x0000000000004d6c        0x0 c:/intelfpga_lite/18.0/nios2eds/bin/gnu/h-x86_64-mingw32/bin/../lib/gcc/nios2-elf/5.3.0/../../../../../H-x86_64-mingw32/nios2-elf/lib\libsmallc.a(lib_a-strlen.o)
                0x000000000000cd6c                _gp = ABSOLUTE ((. + 0x8000))
                [!provide]                        PROVIDE (gp, _gp)
 *(.rwdata .rwdata.*)
 *(.sdata .sdata.* .gnu.linkonce.s.*)
 .sdata         0x0000000000004d6c        0x4 ../audio_nios_bsp/\libhal_bsp.a(alt_sys_init.o)
                0x0000000000004d6c                JTAG_UART
 .sdata         0x0000000000004d70       0x14 ../audio_nios_bsp/\libhal_bsp.a(alt_dev.o)
                0x0000000000004d70                alt_max_fd
                0x0000000000004d74                alt_dev_list
                0x0000000000004d7c                alt_fs_list
 .sdata         0x0000000000004d84        0x4 ../audio_nios_bsp/\libhal_bsp.a(alt_errno.o)
                0x0000000000004d84                alt_errno
 *(.sdata2 .sdata2.* .gnu.linkonce.s2.*)
                0x0000000000004d88                . = ALIGN (0x4)
                0x0000000000004d88                _edata = ABSOLUTE (.)
                [!provide]                        PROVIDE (edata, ABSOLUTE (.))
                0x0000000000004d88                PROVIDE (__ram_rwdata_end, ABSOLUTE (.))
                0x0000000000004d88                PROVIDE (__flash_rwdata_start, LOADADDR (.rwdata))

.bss            0x0000000000004e2c       0x2c
                0x0000000000004e2c                __bss_start = ABSOLUTE (.)
                [!provide]                        PROVIDE (__sbss_start, ABSOLUTE (.))
                [!provide]                        PROVIDE (___sbss_start, ABSOLUTE (.))
 *(.dynsbss)
 *(.sbss .sbss.* .gnu.linkonce.sb.*)
 .sbss          0x0000000000004e2c       0x1c obj/default/hello_world_small.o
                0x0000000000004e2c                prev_button_state
                0x0000000000004e30                button_state
                0x0000000000004e34                current_track
                0x0000000000004e38                is_playing
                0x0000000000004e3c                elapsed_minutes
                0x0000000000004e40                elapsed_seconds
                0x0000000000004e44                elapsed_ms
 .sbss          0x0000000000004e48        0xc ../audio_nios_bsp/\libhal_bsp.a(alt_main.o)
                0x0000000000004e48                alt_envp
                0x0000000000004e4c                alt_argv
                0x0000000000004e50                alt_argc
 .sbss          0x0000000000004e54        0x4 c:/intelfpga_lite/18.0/nios2eds/bin/gnu/h-x86_64-mingw32/bin/../lib/gcc/nios2-elf/5.3.0/../../../../../H-x86_64-mingw32/nios2-elf/lib\libsmallc.a(lib_a-int_errno.o)
                0x0000000000004e54                errno
 *(.sbss2 .sbss2.* .gnu.linkonce.sb2.*)
 *(.scommon)
                [!provide]                        PROVIDE (__sbss_end, ABSOLUTE (.))
                [!provide]                        PROVIDE (___sbss_end, ABSOLUTE (.))
 *(.dynbss)
 *(.bss .bss.* .gnu.linkonce.b.*)
 .bss           0x0000000000004e58        0x0 ../audio_nios_bsp//obj/HAL/src/crt0.o
 .bss           0x0000000000004e58        0x0 obj/default/hello_world_small.o
 .bss           0x0000000000004e58        0x0 c:/intelfpga_lite/18.0/nios2eds/bin/gnu/h-x86_64-mingw32/bin/../lib/gcc/nios2-elf/5.3.0\libgcc.a(lib2-divmod.o)
 .bss           0x0000000000004e58        0x0 ../audio_nios_bsp/\libhal_bsp.a(alt_load.o)
 .bss           0x0000000000004e58        0x0 ../audio_nios_bsp/\libhal_bsp.a(alt_main.o)
 .bss           0x0000000000004e58        0x0 ../audio_nios_bsp/\libhal_bsp.a(alt_printf.o)
 .bss           0x0000000000004e58        0x0 ../audio_nios_bsp/\libhal_bsp.a(alt_putchar.o)
 .bss           0x0000000000004e58        0x0 ../audio_nios_bsp/\libhal_bsp.a(alt_putstr.o)
 .bss           0x0000000000004e58        0x0 ../audio_nios_bsp/\libhal_bsp.a(alt_sys_init.o)
 .bss           0x0000000000004e58        0x0 ../audio_nios_bsp/\libhal_bsp.a(altera_avalon_jtag_uart_write.o)
 .bss           0x0000000000004e58        0x0 ../audio_nios_bsp/\libhal_bsp.a(alt_dcache_flush_all.o)
 .bss           0x0000000000004e58        0x0 ../audio_nios_bsp/\libhal_bsp.a(alt_dev.o)
 .bss           0x0000000000004e58        0x0 ../audio_nios_bsp/\libhal_bsp.a(alt_dev_llist_insert.o)
 .bss           0x0000000000004e58        0x0 ../audio_nios_bsp/\libhal_bsp.a(alt_errno.o)
 .bss           0x0000000000004e58        0x0 ../audio_nios_bsp/\libhal_bsp.a(alt_icache_flush_all.o)
 .bss           0x0000000000004e58        0x0 ../audio_nios_bsp/\libhal_bsp.a(altera_nios2_gen2_irq.o)
 .bss           0x0000000000004e58        0x0 ../audio_nios_bsp/\libhal_bsp.a(alt_icache_flush.o)
 .bss           0x0000000000004e58        0x0 c:/intelfpga_lite/18.0/nios2eds/bin/gnu/h-x86_64-mingw32/bin/../lib/gcc/nios2-elf/5.3.0/../../../../../H-x86_64-mingw32/nios2-elf/lib\libsmallc.a(lib_a-int_errno.o)
 .bss           0x0000000000004e58        0x0 c:/intelfpga_lite/18.0/nios2eds/bin/gnu/h-x86_64-mingw32/bin/../lib/gcc/nios2-elf/5.3.0/../../../../../H-x86_64-mingw32/nios2-elf/lib\libsmallc.a(lib_a-strlen.o)
 *(COMMON)
                0x0000000000004e58                . = ALIGN (0x4)
                0x0000000000004e58                __bss_end = ABSOLUTE (.)

.RAM            0x0000000000004e58        0x0
                [!provide]                        PROVIDE (_alt_partition_RAM_start, ABSOLUTE (.))
 *(.RAM .RAM. RAM.*)
                0x0000000000004e58                . = ALIGN (0x4)
                [!provide]                        PROVIDE (_alt_partition_RAM_end, ABSOLUTE (.))
                0x0000000000004e58                _end = ABSOLUTE (.)
                0x0000000000004e58                end = ABSOLUTE (.)
                0x0000000000004e58                __alt_stack_base = ABSOLUTE (.)
                [!provide]                        PROVIDE (_alt_partition_RAM_load_addr, LOADADDR (.RAM))

.stab
 *(.stab)

.stabstr
 *(.stabstr)

.stab.excl
 *(.stab.excl)

.stab.exclstr
 *(.stab.exclstr)

.stab.index
 *(.stab.index)

.stab.indexstr
 *(.stab.indexstr)

.comment        0x0000000000000000       0x23
 *(.comment)
 .comment       0x0000000000000000       0x23 obj/default/hello_world_small.o
                                         0x24 (size before relaxing)
 .comment       0x0000000000000023       0x24 c:/intelfpga_lite/18.0/nios2eds/bin/gnu/h-x86_64-mingw32/bin/../lib/gcc/nios2-elf/5.3.0\libgcc.a(lib2-divmod.o)
 .comment       0x0000000000000023       0x24 ../audio_nios_bsp/\libhal_bsp.a(alt_load.o)
 .comment       0x0000000000000023       0x24 ../audio_nios_bsp/\libhal_bsp.a(alt_main.o)
 .comment       0x0000000000000023       0x24 ../audio_nios_bsp/\libhal_bsp.a(alt_printf.o)
 .comment       0x0000000000000023       0x24 ../audio_nios_bsp/\libhal_bsp.a(alt_putchar.o)
 .comment       0x0000000000000023       0x24 ../audio_nios_bsp/\libhal_bsp.a(alt_putstr.o)
 .comment       0x0000000000000023       0x24 ../audio_nios_bsp/\libhal_bsp.a(alt_sys_init.o)
 .comment       0x0000000000000023       0x24 ../audio_nios_bsp/\libhal_bsp.a(altera_avalon_jtag_uart_write.o)
 .comment       0x0000000000000023       0x24 ../audio_nios_bsp/\libhal_bsp.a(alt_dcache_flush_all.o)
 .comment       0x0000000000000023       0x24 ../audio_nios_bsp/\libhal_bsp.a(alt_dev.o)
 .comment       0x0000000000000023       0x24 ../audio_nios_bsp/\libhal_bsp.a(alt_dev_llist_insert.o)
 .comment       0x0000000000000023       0x24 ../audio_nios_bsp/\libhal_bsp.a(alt_errno.o)
 .comment       0x0000000000000023       0x24 ../audio_nios_bsp/\libhal_bsp.a(alt_icache_flush_all.o)
 .comment       0x0000000000000023       0x24 ../audio_nios_bsp/\libhal_bsp.a(altera_nios2_gen2_irq.o)
 .comment       0x0000000000000023       0x24 ../audio_nios_bsp/\libhal_bsp.a(alt_icache_flush.o)
 .comment       0x0000000000000023       0x24 c:/intelfpga_lite/18.0/nios2eds/bin/gnu/h-x86_64-mingw32/bin/../lib/gcc/nios2-elf/5.3.0/../../../../../H-x86_64-mingw32/nios2-elf/lib\libsmallc.a(lib_a-int_errno.o)
 .comment       0x0000000000000023       0x24 c:/intelfpga_lite/18.0/nios2eds/bin/gnu/h-x86_64-mingw32/bin/../lib/gcc/nios2-elf/5.3.0/../../../../../H-x86_64-mingw32/nios2-elf/lib\libsmallc.a(lib_a-strlen.o)

.debug
 *(.debug)

.line
 *(.line)

.debug_srcinfo
 *(.debug_srcinfo)

.debug_sfnames
 *(.debug_sfnames)

.debug_aranges  0x0000000000000000      0x260
 *(.debug_aranges)
 .debug_aranges
                0x0000000000000000       0x28 ../audio_nios_bsp//obj/HAL/src/crt0.o
 .debug_aranges
                0x0000000000000028       0x28 obj/default/hello_world_small.o
 .debug_aranges
                0x0000000000000050       0x20 c:/intelfpga_lite/18.0/nios2eds/bin/gnu/h-x86_64-mingw32/bin/../lib/gcc/nios2-elf/5.3.0\libgcc.a(lib2-divmod.o)
 .debug_aranges
                0x0000000000000070       0x20 ../audio_nios_bsp/\libhal_bsp.a(alt_load.o)
 .debug_aranges
                0x0000000000000090       0x20 ../audio_nios_bsp/\libhal_bsp.a(alt_main.o)
 .debug_aranges
                0x00000000000000b0       0x20 ../audio_nios_bsp/\libhal_bsp.a(alt_printf.o)
 .debug_aranges
                0x00000000000000d0       0x20 ../audio_nios_bsp/\libhal_bsp.a(alt_putchar.o)
 .debug_aranges
                0x00000000000000f0       0x20 ../audio_nios_bsp/\libhal_bsp.a(alt_putstr.o)
 .debug_aranges
                0x0000000000000110       0x20 ../audio_nios_bsp/\libhal_bsp.a(alt_sys_init.o)
 .debug_aranges
                0x0000000000000130       0x20 ../audio_nios_bsp/\libhal_bsp.a(altera_avalon_jtag_uart_write.o)
 .debug_aranges
                0x0000000000000150       0x20 ../audio_nios_bsp/\libhal_bsp.a(alt_dcache_flush_all.o)
 .debug_aranges
                0x0000000000000170       0x20 ../audio_nios_bsp/\libhal_bsp.a(alt_dev.o)
 .debug_aranges
                0x0000000000000190       0x20 ../audio_nios_bsp/\libhal_bsp.a(alt_dev_llist_insert.o)
 .debug_aranges
                0x00000000000001b0       0x18 ../audio_nios_bsp/\libhal_bsp.a(alt_errno.o)
 .debug_aranges
                0x00000000000001c8       0x20 ../audio_nios_bsp/\libhal_bsp.a(alt_icache_flush_all.o)
 .debug_aranges
                0x00000000000001e8       0x20 ../audio_nios_bsp/\libhal_bsp.a(altera_nios2_gen2_irq.o)
 .debug_aranges
                0x0000000000000208       0x20 ../audio_nios_bsp/\libhal_bsp.a(alt_icache_flush.o)
 .debug_aranges
                0x0000000000000228       0x18 c:/intelfpga_lite/18.0/nios2eds/bin/gnu/h-x86_64-mingw32/bin/../lib/gcc/nios2-elf/5.3.0/../../../../../H-x86_64-mingw32/nios2-elf/lib\libsmallc.a(lib_a-int_errno.o)
 .debug_aranges
                0x0000000000000240       0x20 c:/intelfpga_lite/18.0/nios2eds/bin/gnu/h-x86_64-mingw32/bin/../lib/gcc/nios2-elf/5.3.0/../../../../../H-x86_64-mingw32/nios2-elf/lib\libsmallc.a(lib_a-strlen.o)

.debug_pubnames
 *(.debug_pubnames)

.debug_info     0x0000000000000000     0x21f5
 *(.debug_info .gnu.linkonce.wi.*)
 .debug_info    0x0000000000000000       0x84 ../audio_nios_bsp//obj/HAL/src/crt0.o
 .debug_info    0x0000000000000084      0x657 obj/default/hello_world_small.o
 .debug_info    0x00000000000006db      0x2c6 c:/intelfpga_lite/18.0/nios2eds/bin/gnu/h-x86_64-mingw32/bin/../lib/gcc/nios2-elf/5.3.0\libgcc.a(lib2-divmod.o)
 .debug_info    0x00000000000009a1      0x1c9 ../audio_nios_bsp/\libhal_bsp.a(alt_load.o)
 .debug_info    0x0000000000000b6a      0x18f ../audio_nios_bsp/\libhal_bsp.a(alt_main.o)
 .debug_info    0x0000000000000cf9      0x14d ../audio_nios_bsp/\libhal_bsp.a(alt_printf.o)
 .debug_info    0x0000000000000e46      0x12a ../audio_nios_bsp/\libhal_bsp.a(alt_putchar.o)
 .debug_info    0x0000000000000f70      0x13a ../audio_nios_bsp/\libhal_bsp.a(alt_putstr.o)
 .debug_info    0x00000000000010aa      0x465 ../audio_nios_bsp/\libhal_bsp.a(alt_sys_init.o)
 .debug_info    0x000000000000150f      0x1ad ../audio_nios_bsp/\libhal_bsp.a(altera_avalon_jtag_uart_write.o)
 .debug_info    0x00000000000016bc       0xa6 ../audio_nios_bsp/\libhal_bsp.a(alt_dcache_flush_all.o)
 .debug_info    0x0000000000001762      0x499 ../audio_nios_bsp/\libhal_bsp.a(alt_dev.o)
 .debug_info    0x0000000000001bfb      0x1b3 ../audio_nios_bsp/\libhal_bsp.a(alt_dev_llist_insert.o)
 .debug_info    0x0000000000001dae       0xa6 ../audio_nios_bsp/\libhal_bsp.a(alt_errno.o)
 .debug_info    0x0000000000001e54       0xb8 ../audio_nios_bsp/\libhal_bsp.a(alt_icache_flush_all.o)
 .debug_info    0x0000000000001f0c       0xb8 ../audio_nios_bsp/\libhal_bsp.a(altera_nios2_gen2_irq.o)
 .debug_info    0x0000000000001fc4       0xde ../audio_nios_bsp/\libhal_bsp.a(alt_icache_flush.o)
 .debug_info    0x00000000000020a2       0x8a c:/intelfpga_lite/18.0/nios2eds/bin/gnu/h-x86_64-mingw32/bin/../lib/gcc/nios2-elf/5.3.0/../../../../../H-x86_64-mingw32/nios2-elf/lib\libsmallc.a(lib_a-int_errno.o)
 .debug_info    0x000000000000212c       0xc9 c:/intelfpga_lite/18.0/nios2eds/bin/gnu/h-x86_64-mingw32/bin/../lib/gcc/nios2-elf/5.3.0/../../../../../H-x86_64-mingw32/nios2-elf/lib\libsmallc.a(lib_a-strlen.o)

.debug_abbrev   0x0000000000000000      0xed7
 *(.debug_abbrev)
 .debug_abbrev  0x0000000000000000       0x12 ../audio_nios_bsp//obj/HAL/src/crt0.o
 .debug_abbrev  0x0000000000000012      0x226 obj/default/hello_world_small.o
 .debug_abbrev  0x0000000000000238      0x10e c:/intelfpga_lite/18.0/nios2eds/bin/gnu/h-x86_64-mingw32/bin/../lib/gcc/nios2-elf/5.3.0\libgcc.a(lib2-divmod.o)
 .debug_abbrev  0x0000000000000346       0xd8 ../audio_nios_bsp/\libhal_bsp.a(alt_load.o)
 .debug_abbrev  0x000000000000041e       0xf5 ../audio_nios_bsp/\libhal_bsp.a(alt_main.o)
 .debug_abbrev  0x0000000000000513       0xd5 ../audio_nios_bsp/\libhal_bsp.a(alt_printf.o)
 .debug_abbrev  0x00000000000005e8       0xd2 ../audio_nios_bsp/\libhal_bsp.a(alt_putchar.o)
 .debug_abbrev  0x00000000000006ba       0xd3 ../audio_nios_bsp/\libhal_bsp.a(alt_putstr.o)
 .debug_abbrev  0x000000000000078d      0x1a5 ../audio_nios_bsp/\libhal_bsp.a(alt_sys_init.o)
 .debug_abbrev  0x0000000000000932       0xd5 ../audio_nios_bsp/\libhal_bsp.a(altera_avalon_jtag_uart_write.o)
 .debug_abbrev  0x0000000000000a07       0x5a ../audio_nios_bsp/\libhal_bsp.a(alt_dcache_flush_all.o)
 .debug_abbrev  0x0000000000000a61       0xd9 ../audio_nios_bsp/\libhal_bsp.a(alt_dev.o)
 .debug_abbrev  0x0000000000000b3a      0x11c ../audio_nios_bsp/\libhal_bsp.a(alt_dev_llist_insert.o)
 .debug_abbrev  0x0000000000000c56       0x5a ../audio_nios_bsp/\libhal_bsp.a(alt_errno.o)
 .debug_abbrev  0x0000000000000cb0       0x6f ../audio_nios_bsp/\libhal_bsp.a(alt_icache_flush_all.o)
 .debug_abbrev  0x0000000000000d1f       0x67 ../audio_nios_bsp/\libhal_bsp.a(altera_nios2_gen2_irq.o)
 .debug_abbrev  0x0000000000000d86       0x9b ../audio_nios_bsp/\libhal_bsp.a(alt_icache_flush.o)
 .debug_abbrev  0x0000000000000e21       0x37 c:/intelfpga_lite/18.0/nios2eds/bin/gnu/h-x86_64-mingw32/bin/../lib/gcc/nios2-elf/5.3.0/../../../../../H-x86_64-mingw32/nios2-elf/lib\libsmallc.a(lib_a-int_errno.o)
 .debug_abbrev  0x0000000000000e58       0x7f c:/intelfpga_lite/18.0/nios2eds/bin/gnu/h-x86_64-mingw32/bin/../lib/gcc/nios2-elf/5.3.0/../../../../../H-x86_64-mingw32/nios2-elf/lib\libsmallc.a(lib_a-strlen.o)

.debug_line     0x0000000000000000      0xece
 *(.debug_line)
 .debug_line    0x0000000000000000       0x72 ../audio_nios_bsp//obj/HAL/src/crt0.o
 .debug_line    0x0000000000000072      0x1b0 obj/default/hello_world_small.o
 .debug_line    0x0000000000000222      0x102 c:/intelfpga_lite/18.0/nios2eds/bin/gnu/h-x86_64-mingw32/bin/../lib/gcc/nios2-elf/5.3.0\libgcc.a(lib2-divmod.o)
 .debug_line    0x0000000000000324       0xa4 ../audio_nios_bsp/\libhal_bsp.a(alt_load.o)
 .debug_line    0x00000000000003c8       0xea ../audio_nios_bsp/\libhal_bsp.a(alt_main.o)
 .debug_line    0x00000000000004b2      0x112 ../audio_nios_bsp/\libhal_bsp.a(alt_printf.o)
 .debug_line    0x00000000000005c4       0x55 ../audio_nios_bsp/\libhal_bsp.a(alt_putchar.o)
 .debug_line    0x0000000000000619       0xa0 ../audio_nios_bsp/\libhal_bsp.a(alt_putstr.o)
 .debug_line    0x00000000000006b9      0x16c ../audio_nios_bsp/\libhal_bsp.a(alt_sys_init.o)
 .debug_line    0x0000000000000825      0x104 ../audio_nios_bsp/\libhal_bsp.a(altera_avalon_jtag_uart_write.o)
 .debug_line    0x0000000000000929       0x5a ../audio_nios_bsp/\libhal_bsp.a(alt_dcache_flush_all.o)
 .debug_line    0x0000000000000983       0xf6 ../audio_nios_bsp/\libhal_bsp.a(alt_dev.o)
 .debug_line    0x0000000000000a79       0xd8 ../audio_nios_bsp/\libhal_bsp.a(alt_dev_llist_insert.o)
 .debug_line    0x0000000000000b51       0x51 ../audio_nios_bsp/\libhal_bsp.a(alt_errno.o)
 .debug_line    0x0000000000000ba2       0x6e ../audio_nios_bsp/\libhal_bsp.a(alt_icache_flush_all.o)
 .debug_line    0x0000000000000c10       0x8c ../audio_nios_bsp/\libhal_bsp.a(altera_nios2_gen2_irq.o)
 .debug_line    0x0000000000000c9c       0x7d ../audio_nios_bsp/\libhal_bsp.a(alt_icache_flush.o)
 .debug_line    0x0000000000000d19       0x5c c:/intelfpga_lite/18.0/nios2eds/bin/gnu/h-x86_64-mingw32/bin/../lib/gcc/nios2-elf/5.3.0/../../../../../H-x86_64-mingw32/nios2-elf/lib\libsmallc.a(lib_a-int_errno.o)
 .debug_line    0x0000000000000d75      0x159 c:/intelfpga_lite/18.0/nios2eds/bin/gnu/h-x86_64-mingw32/bin/../lib/gcc/nios2-elf/5.3.0/../../../../../H-x86_64-mingw32/nios2-elf/lib\libsmallc.a(lib_a-strlen.o)

.debug_frame    0x0000000000000000      0x3c0
 *(.debug_frame)
 .debug_frame   0x0000000000000000      0x118 obj/default/hello_world_small.o
 .debug_frame   0x0000000000000118       0x50 c:/intelfpga_lite/18.0/nios2eds/bin/gnu/h-x86_64-mingw32/bin/../lib/gcc/nios2-elf/5.3.0\libgcc.a(lib2-divmod.o)
 .debug_frame   0x0000000000000168       0x30 ../audio_nios_bsp/\libhal_bsp.a(alt_load.o)
 .debug_frame   0x0000000000000198       0x2c ../audio_nios_bsp/\libhal_bsp.a(alt_main.o)
 .debug_frame   0x00000000000001c4       0x54 ../audio_nios_bsp/\libhal_bsp.a(alt_printf.o)
 .debug_frame   0x0000000000000218       0x30 ../audio_nios_bsp/\libhal_bsp.a(alt_putchar.o)
 .debug_frame   0x0000000000000248       0x30 ../audio_nios_bsp/\libhal_bsp.a(alt_putstr.o)
 .debug_frame   0x0000000000000278       0x3c ../audio_nios_bsp/\libhal_bsp.a(alt_sys_init.o)
 .debug_frame   0x00000000000002b4       0x20 ../audio_nios_bsp/\libhal_bsp.a(altera_avalon_jtag_uart_write.o)
 .debug_frame   0x00000000000002d4       0x20 ../audio_nios_bsp/\libhal_bsp.a(alt_dcache_flush_all.o)
 .debug_frame   0x00000000000002f4       0x20 ../audio_nios_bsp/\libhal_bsp.a(alt_dev.o)
 .debug_frame   0x0000000000000314       0x2c ../audio_nios_bsp/\libhal_bsp.a(alt_dev_llist_insert.o)
 .debug_frame   0x0000000000000340       0x20 ../audio_nios_bsp/\libhal_bsp.a(alt_icache_flush_all.o)
 .debug_frame   0x0000000000000360       0x20 ../audio_nios_bsp/\libhal_bsp.a(altera_nios2_gen2_irq.o)
 .debug_frame   0x0000000000000380       0x20 ../audio_nios_bsp/\libhal_bsp.a(alt_icache_flush.o)
 .debug_frame   0x00000000000003a0       0x20 c:/intelfpga_lite/18.0/nios2eds/bin/gnu/h-x86_64-mingw32/bin/../lib/gcc/nios2-elf/5.3.0/../../../../../H-x86_64-mingw32/nios2-elf/lib\libsmallc.a(lib_a-strlen.o)

.debug_str      0x0000000000000000      0xcb2
 *(.debug_str)
 .debug_str     0x0000000000000000      0x2ec obj/default/hello_world_small.o
                                        0x33e (size before relaxing)
 .debug_str     0x00000000000002ec      0x16d c:/intelfpga_lite/18.0/nios2eds/bin/gnu/h-x86_64-mingw32/bin/../lib/gcc/nios2-elf/5.3.0\libgcc.a(lib2-divmod.o)
                                        0x1b8 (size before relaxing)
 .debug_str     0x0000000000000459      0x163 ../audio_nios_bsp/\libhal_bsp.a(alt_load.o)
                                        0x24f (size before relaxing)
 .debug_str     0x00000000000005bc       0x8f ../audio_nios_bsp/\libhal_bsp.a(alt_main.o)
                                        0x1f1 (size before relaxing)
 .debug_str     0x000000000000064b       0x59 ../audio_nios_bsp/\libhal_bsp.a(alt_printf.o)
                                        0x119 (size before relaxing)
 .debug_str     0x00000000000006a4       0x5e ../audio_nios_bsp/\libhal_bsp.a(alt_putchar.o)
                                        0x19e (size before relaxing)
 .debug_str     0x0000000000000702       0x1c ../audio_nios_bsp/\libhal_bsp.a(alt_putstr.o)
                                        0x1a3 (size before relaxing)
 .debug_str     0x000000000000071e      0x165 ../audio_nios_bsp/\libhal_bsp.a(alt_sys_init.o)
                                        0x34d (size before relaxing)
 .debug_str     0x0000000000000883       0x32 ../audio_nios_bsp/\libhal_bsp.a(altera_avalon_jtag_uart_write.o)
                                        0x249 (size before relaxing)
 .debug_str     0x00000000000008b5       0x1f ../audio_nios_bsp/\libhal_bsp.a(alt_dcache_flush_all.o)
                                        0x168 (size before relaxing)
 .debug_str     0x00000000000008d4      0x12c ../audio_nios_bsp/\libhal_bsp.a(alt_dev.o)
                                        0x318 (size before relaxing)
 .debug_str     0x0000000000000a00       0x4e ../audio_nios_bsp/\libhal_bsp.a(alt_dev_llist_insert.o)
                                        0x1df (size before relaxing)
 .debug_str     0x0000000000000a4e       0x14 ../audio_nios_bsp/\libhal_bsp.a(alt_errno.o)
                                        0x158 (size before relaxing)
 .debug_str     0x0000000000000a62       0x30 ../audio_nios_bsp/\libhal_bsp.a(alt_icache_flush_all.o)
                                        0x179 (size before relaxing)
 .debug_str     0x0000000000000a92       0x20 ../audio_nios_bsp/\libhal_bsp.a(altera_nios2_gen2_irq.o)
                                        0x198 (size before relaxing)
 .debug_str     0x0000000000000ab2       0x1b ../audio_nios_bsp/\libhal_bsp.a(alt_icache_flush.o)
                                        0x16e (size before relaxing)
 .debug_str     0x0000000000000acd      0x11a c:/intelfpga_lite/18.0/nios2eds/bin/gnu/h-x86_64-mingw32/bin/../lib/gcc/nios2-elf/5.3.0/../../../../../H-x86_64-mingw32/nios2-elf/lib\libsmallc.a(lib_a-int_errno.o)
                                        0x1be (size before relaxing)
 .debug_str     0x0000000000000be7       0xcb c:/intelfpga_lite/18.0/nios2eds/bin/gnu/h-x86_64-mingw32/bin/../lib/gcc/nios2-elf/5.3.0/../../../../../H-x86_64-mingw32/nios2-elf/lib\libsmallc.a(lib_a-strlen.o)
                                        0x1cb (size before relaxing)

.debug_loc      0x0000000000000000      0x98a
 *(.debug_loc)
 .debug_loc     0x0000000000000000       0xc2 obj/default/hello_world_small.o
 .debug_loc     0x00000000000000c2      0x4ce c:/intelfpga_lite/18.0/nios2eds/bin/gnu/h-x86_64-mingw32/bin/../lib/gcc/nios2-elf/5.3.0\libgcc.a(lib2-divmod.o)
 .debug_loc     0x0000000000000590      0x1de ../audio_nios_bsp/\libhal_bsp.a(alt_printf.o)
 .debug_loc     0x000000000000076e       0x2c ../audio_nios_bsp/\libhal_bsp.a(alt_putchar.o)
 .debug_loc     0x000000000000079a       0x37 ../audio_nios_bsp/\libhal_bsp.a(alt_putstr.o)
 .debug_loc     0x00000000000007d1       0x21 ../audio_nios_bsp/\libhal_bsp.a(alt_sys_init.o)
 .debug_loc     0x00000000000007f2       0x8b ../audio_nios_bsp/\libhal_bsp.a(altera_avalon_jtag_uart_write.o)
 .debug_loc     0x000000000000087d       0x1f ../audio_nios_bsp/\libhal_bsp.a(alt_dcache_flush_all.o)
 .debug_loc     0x000000000000089c       0x7e ../audio_nios_bsp/\libhal_bsp.a(alt_dev_llist_insert.o)
 .debug_loc     0x000000000000091a       0x52 ../audio_nios_bsp/\libhal_bsp.a(alt_icache_flush.o)
 .debug_loc     0x000000000000096c       0x1e c:/intelfpga_lite/18.0/nios2eds/bin/gnu/h-x86_64-mingw32/bin/../lib/gcc/nios2-elf/5.3.0/../../../../../H-x86_64-mingw32/nios2-elf/lib\libsmallc.a(lib_a-strlen.o)

.debug_macinfo
 *(.debug_macinfo)

.debug_weaknames
 *(.debug_weaknames)

.debug_funcnames
 *(.debug_funcnames)

.debug_typenames
 *(.debug_typenames)

.debug_varnames
 *(.debug_varnames)

.debug_alt_sim_info
                0x0000000000000000       0x30
 *(.debug_alt_sim_info)
 .debug_alt_sim_info
                0x0000000000000000       0x30 ../audio_nios_bsp//obj/HAL/src/crt0.o
                0x0000000000006fa0                __alt_data_end = 0x6fa0
                0x0000000000006fa0                PROVIDE (__alt_stack_pointer, __alt_data_end)
                [!provide]                        PROVIDE (__alt_stack_limit, __alt_stack_base)
                [!provide]                        PROVIDE (__alt_heap_start, end)
                [!provide]                        PROVIDE (__alt_heap_limit, 0x6fa0)
OUTPUT(audio_nios.elf elf32-littlenios2)

.debug_ranges   0x0000000000000000      0x168
 .debug_ranges  0x0000000000000000       0x20 ../audio_nios_bsp//obj/HAL/src/crt0.o
 .debug_ranges  0x0000000000000020       0x30 obj/default/hello_world_small.o
 .debug_ranges  0x0000000000000050       0x60 c:/intelfpga_lite/18.0/nios2eds/bin/gnu/h-x86_64-mingw32/bin/../lib/gcc/nios2-elf/5.3.0\libgcc.a(lib2-divmod.o)
 .debug_ranges  0x00000000000000b0       0x48 ../audio_nios_bsp/\libhal_bsp.a(alt_load.o)
 .debug_ranges  0x00000000000000f8       0x18 ../audio_nios_bsp/\libhal_bsp.a(alt_printf.o)
 .debug_ranges  0x0000000000000110       0x18 ../audio_nios_bsp/\libhal_bsp.a(alt_sys_init.o)
 .debug_ranges  0x0000000000000128       0x20 ../audio_nios_bsp/\libhal_bsp.a(alt_dev_llist_insert.o)
 .debug_ranges  0x0000000000000148       0x10 ../audio_nios_bsp/\libhal_bsp.a(alt_icache_flush.o)
 .debug_ranges  0x0000000000000158       0x10 c:/intelfpga_lite/18.0/nios2eds/bin/gnu/h-x86_64-mingw32/bin/../lib/gcc/nios2-elf/5.3.0/../../../../../H-x86_64-mingw32/nios2-elf/lib\libsmallc.a(lib_a-strlen.o)
