------------------------------------------------------------
Timing Analyzer Summary
------------------------------------------------------------

Type  : Slow 1100mV 85C Model Setup 'soc_audio_HPS:hps|soc_audio_HPS_hps_io:hps_io|soc_audio_HPS_hps_io_border:border|hps_sdram:hps_sdram_inst|hps_sdram_pll:pll|afi_clk_write_clk'
Slack : 1.730
TNS   : 0.000

Type  : Slow 1100mV 85C Model Setup 'altera_reserved_tck'
Slack : 9.274
TNS   : 0.000

Type  : Slow 1100mV 85C Model Hold 'soc_audio_HPS:hps|soc_audio_HPS_hps_io:hps_io|soc_audio_HPS_hps_io_border:border|hps_sdram:hps_sdram_inst|hps_sdram_pll:pll|afi_clk_write_clk'
Slack : 0.143
TNS   : 0.000

Type  : Slow 1100mV 85C Model Hold 'altera_reserved_tck'
Slack : 0.372
TNS   : 0.000

Type  : Slow 1100mV 85C Model Recovery 'soc_audio_HPS:hps|soc_audio_HPS_hps_io:hps_io|soc_audio_HPS_hps_io_border:border|hps_sdram:hps_sdram_inst|hps_sdram_pll:pll|afi_clk_write_clk'
Slack : 3.375
TNS   : 0.000

Type  : Slow 1100mV 85C Model Recovery 'altera_reserved_tck'
Slack : 13.920
TNS   : 0.000

Type  : Slow 1100mV 85C Model Removal 'soc_audio_HPS:hps|soc_audio_HPS_hps_io:hps_io|soc_audio_HPS_hps_io_border:border|hps_sdram:hps_sdram_inst|hps_sdram_pll:pll|afi_clk_write_clk'
Slack : 0.470
TNS   : 0.000

Type  : Slow 1100mV 85C Model Removal 'altera_reserved_tck'
Slack : 0.874
TNS   : 0.000

Type  : Slow 1100mV 85C Model Minimum Pulse Width 'soc_audio_HPS:hps|soc_audio_HPS_hps_io:hps_io|soc_audio_HPS_hps_io_border:border|hps_sdram:hps_sdram_inst|hps_sdram_pll:pll|pll_write_clk_dq_write_clk'
Slack : 0.608
TNS   : 0.000

Type  : Slow 1100mV 85C Model Minimum Pulse Width 'soc_audio_HPS:hps|soc_audio_HPS_hps_io:hps_io|soc_audio_HPS_hps_io_border:border|hps_sdram:hps_sdram_inst|hps_sdram_pll:pll|afi_clk_write_clk'
Slack : 0.623
TNS   : 0.000

Type  : Slow 1100mV 85C Model Minimum Pulse Width 'altera_reserved_tck'
Slack : 15.757
TNS   : 0.000

Type  : Slow 1100mV 0C Model Setup 'soc_audio_HPS:hps|soc_audio_HPS_hps_io:hps_io|soc_audio_HPS_hps_io_border:border|hps_sdram:hps_sdram_inst|hps_sdram_pll:pll|afi_clk_write_clk'
Slack : 1.727
TNS   : 0.000

Type  : Slow 1100mV 0C Model Setup 'altera_reserved_tck'
Slack : 9.628
TNS   : 0.000

Type  : Slow 1100mV 0C Model Hold 'soc_audio_HPS:hps|soc_audio_HPS_hps_io:hps_io|soc_audio_HPS_hps_io_border:border|hps_sdram:hps_sdram_inst|hps_sdram_pll:pll|afi_clk_write_clk'
Slack : 0.162
TNS   : 0.000

Type  : Slow 1100mV 0C Model Hold 'altera_reserved_tck'
Slack : 0.348
TNS   : 0.000

Type  : Slow 1100mV 0C Model Recovery 'soc_audio_HPS:hps|soc_audio_HPS_hps_io:hps_io|soc_audio_HPS_hps_io_border:border|hps_sdram:hps_sdram_inst|hps_sdram_pll:pll|afi_clk_write_clk'
Slack : 3.468
TNS   : 0.000

Type  : Slow 1100mV 0C Model Recovery 'altera_reserved_tck'
Slack : 14.009
TNS   : 0.000

Type  : Slow 1100mV 0C Model Removal 'soc_audio_HPS:hps|soc_audio_HPS_hps_io:hps_io|soc_audio_HPS_hps_io_border:border|hps_sdram:hps_sdram_inst|hps_sdram_pll:pll|afi_clk_write_clk'
Slack : 0.460
TNS   : 0.000

Type  : Slow 1100mV 0C Model Removal 'altera_reserved_tck'
Slack : 0.807
TNS   : 0.000

Type  : Slow 1100mV 0C Model Minimum Pulse Width 'soc_audio_HPS:hps|soc_audio_HPS_hps_io:hps_io|soc_audio_HPS_hps_io_border:border|hps_sdram:hps_sdram_inst|hps_sdram_pll:pll|pll_write_clk_dq_write_clk'
Slack : 0.613
TNS   : 0.000

Type  : Slow 1100mV 0C Model Minimum Pulse Width 'soc_audio_HPS:hps|soc_audio_HPS_hps_io:hps_io|soc_audio_HPS_hps_io_border:border|hps_sdram:hps_sdram_inst|hps_sdram_pll:pll|afi_clk_write_clk'
Slack : 0.630
TNS   : 0.000

Type  : Slow 1100mV 0C Model Minimum Pulse Width 'altera_reserved_tck'
Slack : 15.724
TNS   : 0.000

Type  : Fast 1100mV 85C Model Setup 'soc_audio_HPS:hps|soc_audio_HPS_hps_io:hps_io|soc_audio_HPS_hps_io_border:border|hps_sdram:hps_sdram_inst|hps_sdram_pll:pll|afi_clk_write_clk'
Slack : 2.110
TNS   : 0.000

Type  : Fast 1100mV 85C Model Setup 'altera_reserved_tck'
Slack : 11.610
TNS   : 0.000

Type  : Fast 1100mV 85C Model Hold 'soc_audio_HPS:hps|soc_audio_HPS_hps_io:hps_io|soc_audio_HPS_hps_io_border:border|hps_sdram:hps_sdram_inst|hps_sdram_pll:pll|afi_clk_write_clk'
Slack : 0.084
TNS   : 0.000

Type  : Fast 1100mV 85C Model Hold 'altera_reserved_tck'
Slack : 0.155
TNS   : 0.000

Type  : Fast 1100mV 85C Model Recovery 'soc_audio_HPS:hps|soc_audio_HPS_hps_io:hps_io|soc_audio_HPS_hps_io_border:border|hps_sdram:hps_sdram_inst|hps_sdram_pll:pll|afi_clk_write_clk'
Slack : 3.727
TNS   : 0.000

Type  : Fast 1100mV 85C Model Recovery 'altera_reserved_tck'
Slack : 15.057
TNS   : 0.000

Type  : Fast 1100mV 85C Model Removal 'altera_reserved_tck'
Slack : 0.450
TNS   : 0.000

Type  : Fast 1100mV 85C Model Removal 'soc_audio_HPS:hps|soc_audio_HPS_hps_io:hps_io|soc_audio_HPS_hps_io_border:border|hps_sdram:hps_sdram_inst|hps_sdram_pll:pll|afi_clk_write_clk'
Slack : 0.497
TNS   : 0.000

Type  : Fast 1100mV 85C Model Minimum Pulse Width 'soc_audio_HPS:hps|soc_audio_HPS_hps_io:hps_io|soc_audio_HPS_hps_io_border:border|hps_sdram:hps_sdram_inst|hps_sdram_pll:pll|pll_write_clk_dq_write_clk'
Slack : 0.883
TNS   : 0.000

Type  : Fast 1100mV 85C Model Minimum Pulse Width 'soc_audio_HPS:hps|soc_audio_HPS_hps_io:hps_io|soc_audio_HPS_hps_io_border:border|hps_sdram:hps_sdram_inst|hps_sdram_pll:pll|afi_clk_write_clk'
Slack : 0.891
TNS   : 0.000

Type  : Fast 1100mV 85C Model Minimum Pulse Width 'altera_reserved_tck'
Slack : 15.722
TNS   : 0.000

Type  : Fast 1100mV 0C Model Setup 'soc_audio_HPS:hps|soc_audio_HPS_hps_io:hps_io|soc_audio_HPS_hps_io_border:border|hps_sdram:hps_sdram_inst|hps_sdram_pll:pll|afi_clk_write_clk'
Slack : 2.110
TNS   : 0.000

Type  : Fast 1100mV 0C Model Setup 'altera_reserved_tck'
Slack : 12.313
TNS   : 0.000

Type  : Fast 1100mV 0C Model Hold 'soc_audio_HPS:hps|soc_audio_HPS_hps_io:hps_io|soc_audio_HPS_hps_io_border:border|hps_sdram:hps_sdram_inst|hps_sdram_pll:pll|afi_clk_write_clk'
Slack : 0.077
TNS   : 0.000

Type  : Fast 1100mV 0C Model Hold 'altera_reserved_tck'
Slack : 0.128
TNS   : 0.000

Type  : Fast 1100mV 0C Model Recovery 'soc_audio_HPS:hps|soc_audio_HPS_hps_io:hps_io|soc_audio_HPS_hps_io_border:border|hps_sdram:hps_sdram_inst|hps_sdram_pll:pll|afi_clk_write_clk'
Slack : 3.825
TNS   : 0.000

Type  : Fast 1100mV 0C Model Recovery 'altera_reserved_tck'
Slack : 15.282
TNS   : 0.000

Type  : Fast 1100mV 0C Model Removal 'altera_reserved_tck'
Slack : 0.398
TNS   : 0.000

Type  : Fast 1100mV 0C Model Removal 'soc_audio_HPS:hps|soc_audio_HPS_hps_io:hps_io|soc_audio_HPS_hps_io_border:border|hps_sdram:hps_sdram_inst|hps_sdram_pll:pll|afi_clk_write_clk'
Slack : 0.473
TNS   : 0.000

Type  : Fast 1100mV 0C Model Minimum Pulse Width 'soc_audio_HPS:hps|soc_audio_HPS_hps_io:hps_io|soc_audio_HPS_hps_io_border:border|hps_sdram:hps_sdram_inst|hps_sdram_pll:pll|pll_write_clk_dq_write_clk'
Slack : 0.887
TNS   : 0.000

Type  : Fast 1100mV 0C Model Minimum Pulse Width 'soc_audio_HPS:hps|soc_audio_HPS_hps_io:hps_io|soc_audio_HPS_hps_io_border:border|hps_sdram:hps_sdram_inst|hps_sdram_pll:pll|afi_clk_write_clk'
Slack : 0.894
TNS   : 0.000

Type  : Fast 1100mV 0C Model Minimum Pulse Width 'altera_reserved_tck'
Slack : 15.718
TNS   : 0.000

------------------------------------------------------------
Info: see the "DDR report" for DDR timing results
------------------------------------------------------------
------------------------------------------------------------
